Archive member included to satisfy reference by file (symbol)

/usr/local/playdate/gcc-arm-none-eabi-9-2019-q4-major/bin/../lib/gcc/arm-none-eabi/9.2.1/../../../../arm-none-eabi/lib/thumb/v7e-m+fp/hard/libg.a(lib_a-calloc.o)
                              CMakeFiles/PokeMini_DEVICE.dir/Users/pomettini/Git/pokemini/source/MinxColorPRC.c.obj (calloc)
/usr/local/playdate/gcc-arm-none-eabi-9-2019-q4-major/bin/../lib/gcc/arm-none-eabi/9.2.1/../../../../arm-none-eabi/lib/thumb/v7e-m+fp/hard/libg.a(lib_a-callocr.o)
                              /usr/local/playdate/gcc-arm-none-eabi-9-2019-q4-major/bin/../lib/gcc/arm-none-eabi/9.2.1/../../../../arm-none-eabi/lib/thumb/v7e-m+fp/hard/libg.a(lib_a-calloc.o) (_calloc_r)
/usr/local/playdate/gcc-arm-none-eabi-9-2019-q4-major/bin/../lib/gcc/arm-none-eabi/9.2.1/../../../../arm-none-eabi/lib/thumb/v7e-m+fp/hard/libg.a(lib_a-ctype_.o)
                              CMakeFiles/PokeMini_DEVICE.dir/Users/pomettini/Git/pokemini/source/PMCommon.c.obj (_ctype_)
/usr/local/playdate/gcc-arm-none-eabi-9-2019-q4-major/bin/../lib/gcc/arm-none-eabi/9.2.1/../../../../arm-none-eabi/lib/thumb/v7e-m+fp/hard/libg.a(lib_a-fclose.o)
                              CMakeFiles/PokeMini_DEVICE.dir/Users/pomettini/Git/pokemini/source/PMCommon.c.obj (fclose)
/usr/local/playdate/gcc-arm-none-eabi-9-2019-q4-major/bin/../lib/gcc/arm-none-eabi/9.2.1/../../../../arm-none-eabi/lib/thumb/v7e-m+fp/hard/libg.a(lib_a-fflush.o)
                              /usr/local/playdate/gcc-arm-none-eabi-9-2019-q4-major/bin/../lib/gcc/arm-none-eabi/9.2.1/../../../../arm-none-eabi/lib/thumb/v7e-m+fp/hard/libg.a(lib_a-fclose.o) (__sflush_r)
/usr/local/playdate/gcc-arm-none-eabi-9-2019-q4-major/bin/../lib/gcc/arm-none-eabi/9.2.1/../../../../arm-none-eabi/lib/thumb/v7e-m+fp/hard/libg.a(lib_a-fgets.o)
                              CMakeFiles/PokeMini_DEVICE.dir/Users/pomettini/Git/pokemini/source/CommandLine.c.obj (fgets)
/usr/local/playdate/gcc-arm-none-eabi-9-2019-q4-major/bin/../lib/gcc/arm-none-eabi/9.2.1/../../../../arm-none-eabi/lib/thumb/v7e-m+fp/hard/libg.a(lib_a-findfp.o)
                              /usr/local/playdate/gcc-arm-none-eabi-9-2019-q4-major/bin/../lib/gcc/arm-none-eabi/9.2.1/../../../../arm-none-eabi/lib/thumb/v7e-m+fp/hard/libg.a(lib_a-fclose.o) (__sinit)
/usr/local/playdate/gcc-arm-none-eabi-9-2019-q4-major/bin/../lib/gcc/arm-none-eabi/9.2.1/../../../../arm-none-eabi/lib/thumb/v7e-m+fp/hard/libg.a(lib_a-fopen.o)
                              CMakeFiles/PokeMini_DEVICE.dir/Users/pomettini/Git/pokemini/source/PMCommon.c.obj (fopen)
/usr/local/playdate/gcc-arm-none-eabi-9-2019-q4-major/bin/../lib/gcc/arm-none-eabi/9.2.1/../../../../arm-none-eabi/lib/thumb/v7e-m+fp/hard/libg.a(lib_a-fprintf.o)
                              CMakeFiles/PokeMini_DEVICE.dir/Users/pomettini/Git/pokemini/source/CommandLine.c.obj (fprintf)
/usr/local/playdate/gcc-arm-none-eabi-9-2019-q4-major/bin/../lib/gcc/arm-none-eabi/9.2.1/../../../../arm-none-eabi/lib/thumb/v7e-m+fp/hard/libg.a(lib_a-fputs.o)
                              CMakeFiles/PokeMini_DEVICE.dir/Users/pomettini/Git/pokemini/source/PMCommon.c.obj (fputs)
/usr/local/playdate/gcc-arm-none-eabi-9-2019-q4-major/bin/../lib/gcc/arm-none-eabi/9.2.1/../../../../arm-none-eabi/lib/thumb/v7e-m+fp/hard/libg.a(lib_a-fread.o)
                              CMakeFiles/PokeMini_DEVICE.dir/Users/pomettini/Git/pokemini/source/PokeMini.c.obj (fread)
/usr/local/playdate/gcc-arm-none-eabi-9-2019-q4-major/bin/../lib/gcc/arm-none-eabi/9.2.1/../../../../arm-none-eabi/lib/thumb/v7e-m+fp/hard/libg.a(lib_a-fseek.o)
                              /usr/local/playdate/gcc-arm-none-eabi-9-2019-q4-major/bin/../lib/gcc/arm-none-eabi/9.2.1/../../../../arm-none-eabi/lib/thumb/v7e-m+fp/hard/libg.a(lib_a-fopen.o) (_fseek_r)
/usr/local/playdate/gcc-arm-none-eabi-9-2019-q4-major/bin/../lib/gcc/arm-none-eabi/9.2.1/../../../../arm-none-eabi/lib/thumb/v7e-m+fp/hard/libg.a(lib_a-fseeko.o)
                              /usr/local/playdate/gcc-arm-none-eabi-9-2019-q4-major/bin/../lib/gcc/arm-none-eabi/9.2.1/../../../../arm-none-eabi/lib/thumb/v7e-m+fp/hard/libg.a(lib_a-fseek.o) (_fseeko_r)
/usr/local/playdate/gcc-arm-none-eabi-9-2019-q4-major/bin/../lib/gcc/arm-none-eabi/9.2.1/../../../../arm-none-eabi/lib/thumb/v7e-m+fp/hard/libg.a(lib_a-fstatr.o)
                              /usr/local/playdate/gcc-arm-none-eabi-9-2019-q4-major/bin/../lib/gcc/arm-none-eabi/9.2.1/../../../../arm-none-eabi/lib/thumb/v7e-m+fp/hard/libg.a(lib_a-fseeko.o) (_fstat_r)
/usr/local/playdate/gcc-arm-none-eabi-9-2019-q4-major/bin/../lib/gcc/arm-none-eabi/9.2.1/../../../../arm-none-eabi/lib/thumb/v7e-m+fp/hard/libg.a(lib_a-ftell.o)
                              CMakeFiles/PokeMini_DEVICE.dir/Users/pomettini/Git/pokemini/source/PokeMini.c.obj (ftell)
/usr/local/playdate/gcc-arm-none-eabi-9-2019-q4-major/bin/../lib/gcc/arm-none-eabi/9.2.1/../../../../arm-none-eabi/lib/thumb/v7e-m+fp/hard/libg.a(lib_a-ftello.o)
[...]
Memory Configuration

Name             Origin             Length             Attributes
*default*        0x0000000000000000 0xffffffffffffffff

Linker script and memory map

LOAD CMakeFiles/PokeMini_DEVICE.dir/PokeMini_Playdate.c.obj
LOAD CMakeFiles/PokeMini_DEVICE.dir/Users/pomettini/Git/pokemini/freebios/freebios.c.obj
LOAD CMakeFiles/PokeMini_DEVICE.dir/Users/pomettini/Git/pokemini/source/PMCommon.c.obj
LOAD CMakeFiles/PokeMini_DEVICE.dir/Users/pomettini/Git/pokemini/source/PokeMini.c.obj
LOAD CMakeFiles/PokeMini_DEVICE.dir/Users/pomettini/Git/pokemini/source/Multicart.c.obj
LOAD CMakeFiles/PokeMini_DEVICE.dir/Users/pomettini/Git/pokemini/source/Hardware.c.obj
LOAD CMakeFiles/PokeMini_DEVICE.dir/Users/pomettini/Git/pokemini/source/Video.c.obj
LOAD CMakeFiles/PokeMini_DEVICE.dir/Users/pomettini/Git/pokemini/source/Video_x1.c.obj
LOAD CMakeFiles/PokeMini_DEVICE.dir/Users/pomettini/Git/pokemini/source/CommandLine.c.obj
LOAD CMakeFiles/PokeMini_DEVICE.dir/Users/pomettini/Git/pokemini/source/MinxCPU.c.obj
LOAD CMakeFiles/PokeMini_DEVICE.dir/Users/pomettini/Git/pokemini/source/MinxCPU_XX.c.obj
LOAD CMakeFiles/PokeMini_DEVICE.dir/Users/pomettini/Git/pokemini/source/MinxCPU_CE.c.obj
LOAD CMakeFiles/PokeMini_DEVICE.dir/Users/pomettini/Git/pokemini/source/MinxCPU_CF.c.obj
LOAD CMakeFiles/PokeMini_DEVICE.dir/Users/pomettini/Git/pokemini/source/MinxCPU_SP.c.obj
LOAD CMakeFiles/PokeMini_DEVICE.dir/Users/pomettini/Git/pokemini/source/MinxTimers.c.obj
LOAD CMakeFiles/PokeMini_DEVICE.dir/Users/pomettini/Git/pokemini/source/MinxIO.c.obj
LOAD CMakeFiles/PokeMini_DEVICE.dir/Users/pomettini/Git/pokemini/source/MinxIRQ.c.obj
LOAD CMakeFiles/PokeMini_DEVICE.dir/Users/pomettini/Git/pokemini/source/MinxPRC.c.obj
LOAD CMakeFiles/PokeMini_DEVICE.dir/Users/pomettini/Git/pokemini/source/MinxColorPRC.c.obj
LOAD CMakeFiles/PokeMini_DEVICE.dir/Users/pomettini/Git/pokemini/source/MinxLCD.c.obj
LOAD CMakeFiles/PokeMini_DEVICE.dir/Users/pomettini/Git/pokemini/source/MinxAudio.c.obj
LOAD CMakeFiles/PokeMini_DEVICE.dir/Users/pomettini/Git/pokemini/source/UI.c.obj
LOAD CMakeFiles/PokeMini_DEVICE.dir/Users/pomettini/Git/pokemini/source/Joystick.c.obj
LOAD CMakeFiles/PokeMini_DEVICE.dir/Users/pomettini/Git/pokemini/resource/PokeMini_ColorPal.c.obj
LOAD CMakeFiles/PokeMini_DEVICE.dir/Users/pomettini/Git/pokemini/resource/PokeMini_Font12.c.obj
LOAD CMakeFiles/PokeMini_DEVICE.dir/Users/pomettini/Git/pokemini/resource/PokeMini_Icons12.c.obj
LOAD CMakeFiles/PokeMini_DEVICE.dir/Users/pomettini/Developer/PlaydateSDK/C_API/buildsupport/setup.c.obj
START GROUP
LOAD /usr/local/playdate/gcc-arm-none-eabi-9-2019-q4-major/bin/../lib/gcc/arm-none-eabi/9.2.1/thumb/v7e-m+fp/hard/libgcc.a
LOAD /usr/local/playdate/gcc-arm-none-eabi-9-2019-q4-major/bin/../lib/gcc/arm-none-eabi/9.2.1/../../../../arm-none-eabi/lib/thumb/v7e-m+fp/hard/libg.a
LOAD /usr/local/playdate/gcc-arm-none-eabi-9-2019-q4-major/bin/../lib/gcc/arm-none-eabi/9.2.1/../../../../arm-none-eabi/lib/thumb/v7e-m+fp/hard/libc.a
END GROUP
START GROUP
LOAD /usr/local/playdate/gcc-arm-none-eabi-9-2019-q4-major/bin/../lib/gcc/arm-none-eabi/9.2.1/thumb/v7e-m+fp/hard/libgcc.a
LOAD /usr/local/playdate/gcc-arm-none-eabi-9-2019-q4-major/bin/../lib/gcc/arm-none-eabi/9.2.1/../../../../arm-none-eabi/lib/thumb/v7e-m+fp/hard/libc.a
LOAD /usr/local/playdate/gcc-arm-none-eabi-9-2019-q4-major/bin/../lib/gcc/arm-none-eabi/9.2.1/../../../../arm-none-eabi/lib/thumb/v7e-m+fp/hard/libnosys.a
END GROUP
START GROUP
LOAD /usr/local/playdate/gcc-arm-none-eabi-9-2019-q4-major/bin/../lib/gcc/arm-none-eabi/9.2.1/thumb/v7e-m+fp/hard/libgcc.a
LOAD /usr/local/playdate/gcc-arm-none-eabi-9-2019-q4-major/bin/../lib/gcc/arm-none-eabi/9.2.1/../../../../arm-none-eabi/lib/thumb/v7e-m+fp/hard/libc.a
LOAD /usr/local/playdate/gcc-arm-none-eabi-9-2019-q4-major/bin/../lib/gcc/arm-none-eabi/9.2.1/../../../../arm-none-eabi/lib/thumb/v7e-m+fp/hard/libm.a
END GROUP

.text           0x0000000000000000    0x24dee
 *(.text)
 .text          0x0000000000000000       0xa0 /usr/local/playdate/gcc-arm-none-eabi-9-2019-q4-major/bin/../lib/gcc/arm-none-eabi/9.2.1/../../../../arm-none-eabi/lib/thumb/v7e-m+fp/hard/libg.a(lib_a-memchr.o)
                0x0000000000000000                memchr
 .text          0x00000000000000a0      0x134 /usr/local/playdate/gcc-arm-none-eabi-9-2019-q4-major/bin/../lib/gcc/arm-none-eabi/9.2.1/../../../../arm-none-eabi/lib/thumb/v7e-m+fp/hard/libg.a(lib_a-memcpy.o)
                0x00000000000000a0                memcpy
 *fill*         0x00000000000001d4        0xc 
 .text          0x00000000000001e0      0x2dc /usr/local/playdate/gcc-arm-none-eabi-9-2019-q4-major/bin/../lib/gcc/arm-none-eabi/9.2.1/../../../../arm-none-eabi/lib/thumb/v7e-m+fp/hard/libg.a(lib_a-strcmp.o)
                0x00000000000001e8                strcmp
 *fill*         0x00000000000004bc        0x4 
 .text          0x00000000000004c0       0xdc /usr/local/playdate/gcc-arm-none-eabi-9-2019-q4-major/bin/../lib/gcc/arm-none-eabi/9.2.1/../../../../arm-none-eabi/lib/thumb/v7e-m+fp/hard/libg.a(lib_a-strlen.o)
                0x00000000000004c0                strlen
 .text          0x000000000000059c      0x378 /usr/local/playdate/gcc-arm-none-eabi-9-2019-q4-major/bin/../lib/gcc/arm-none-eabi/9.2.1/thumb/v7e-m+fp/hard/libgcc.a(_arm_addsubdf3.o)
                0x000000000000059c                __aeabi_drsub
                0x00000000000005a4                __subdf3
                0x00000000000005a4                __aeabi_dsub
                0x00000000000005a8                __aeabi_dadd
                0x00000000000005a8                __adddf3
                0x0000000000000820                __aeabi_ui2d
                0x0000000000000820                __floatunsidf
                0x0000000000000840                __floatsidf
                0x0000000000000840                __aeabi_i2d
                0x0000000000000864                __extendsfdf2
                0x0000000000000864                __aeabi_f2d
                0x00000000000008a8                __aeabi_ul2d
                0x00000000000008a8                __floatundidf
                0x00000000000008b8                __aeabi_l2d
                0x00000000000008b8                __floatdidf
 .text          0x0000000000000914      0x424 /usr/local/playdate/gcc-arm-none-eabi-9-2019-q4-major/bin/../lib/gcc/arm-none-eabi/9.2.1/thumb/v7e-m+fp/hard/libgcc.a(_arm_muldivdf3.o)
                0x0000000000000914                __aeabi_dmul
                0x0000000000000914                __muldf3
                0x0000000000000b68                __aeabi_ddiv
                0x0000000000000b68                __divdf3
 .text          0x0000000000000d38      0x110 /usr/local/playdate/gcc-arm-none-eabi-9-2019-q4-major/bin/../lib/gcc/arm-none-eabi/9.2.1/thumb/v7e-m+fp/hard/libgcc.a(_arm_cmpdf2.o)
                0x0000000000000d38                __gedf2
                0x0000000000000d38                __gtdf2
                0x0000000000000d40                __ledf2
                0x0000000000000d40                __ltdf2
                0x0000000000000d48                __cmpdf2
                0x0000000000000d48                __eqdf2
                0x0000000000000d48                __nedf2
                0x0000000000000dc4                __aeabi_cdrcmple
                0x0000000000000dd4                __aeabi_cdcmple
                0x0000000000000dd4                __aeabi_cdcmpeq
                0x0000000000000de4                __aeabi_dcmpeq
                0x0000000000000df8                __aeabi_dcmplt
                0x0000000000000e0c                __aeabi_dcmple
                0x0000000000000e20                __aeabi_dcmpge
                0x0000000000000e34                __aeabi_dcmpgt
 .text          0x0000000000000e48       0x2c /usr/local/playdate/gcc-arm-none-eabi-9-2019-q4-major/bin/../lib/gcc/arm-none-eabi/9.2.1/thumb/v7e-m+fp/hard/libgcc.a(_arm_unorddf2.o)
                0x0000000000000e48                __aeabi_dcmpun
                0x0000000000000e48                __unorddf2
 .text          0x0000000000000e74       0x50 /usr/local/playdate/gcc-arm-none-eabi-9-2019-q4-major/bin/../lib/gcc/arm-none-eabi/9.2.1/thumb/v7e-m+fp/hard/libgcc.a(_arm_fixdfsi.o)
                0x0000000000000e74                __fixdfsi
                0x0000000000000e74                __aeabi_d2iz
 .text          0x0000000000000ec4       0xa0 /usr/local/playdate/gcc-arm-none-eabi-9-2019-q4-major/bin/../lib/gcc/arm-none-eabi/9.2.1/thumb/v7e-m+fp/hard/libgcc.a(_aeabi_ldivmod.o)
                0x0000000000000ec4                __aeabi_ldivmod
 .text          0x0000000000000f64       0x30 /usr/local/playdate/gcc-arm-none-eabi-9-2019-q4-major/bin/../lib/gcc/arm-none-eabi/9.2.1/thumb/v7e-m+fp/hard/libgcc.a(_aeabi_uldivmod.o)
                0x0000000000000f64                __aeabi_uldivmod
 .text          0x0000000000000f94      0x2c4 /usr/local/playdate/gcc-arm-none-eabi-9-2019-q4-major/bin/../lib/gcc/arm-none-eabi/9.2.1/thumb/v7e-m+fp/hard/libgcc.a(_udivmoddi4.o)
                0x0000000000000f94                __udivmoddi4
 .text          0x0000000000001258        0x4 /usr/local/playdate/gcc-arm-none-eabi-9-2019-q4-major/bin/../lib/gcc/arm-none-eabi/9.2.1/thumb/v7e-m+fp/hard/libgcc.a(_dvmd_tls.o)
                0x0000000000001258                __aeabi_ldiv0
                0x0000000000001258                __aeabi_idiv0
 *(.text.*)
 *fill*         0x000000000000125c        0x4 
 .text.UIItems_PlatformC
                0x0000000000001260       0x14 CMakeFiles/PokeMini_DEVICE.dir/PokeMini_Playdate.c.obj
                0x0000000000001260                UIItems_PlatformC
 *fill*         0x0000000000001274        0xc 
 .text.update   0x0000000000001280      0x438 CMakeFiles/PokeMini_DEVICE.dir/PokeMini_Playdate.c.obj
 *fill*         0x00000000000016b8        0x8 
 .text.audio_callback
                0x00000000000016c0       0x10 CMakeFiles/PokeMini_DEVICE.dir/PokeMini_Playdate.c.obj
 .text.eventHandler
                0x00000000000016d0      0x388 CMakeFiles/PokeMini_DEVICE.dir/PokeMini_Playdate.c.obj
                0x00000000000016d0                eventHandler
 *fill*         0x0000000000001a58        0x8 
 .text.StringIsSet
                0x0000000000001a60        0xc CMakeFiles/PokeMini_DEVICE.dir/Users/pomettini/Git/pokemini/source/PMCommon.c.obj
                0x0000000000001a60                StringIsSet
 *fill*         0x0000000000001a6c        0x4 
 .text.GetMultiple2Mask
                0x0000000000001a70       0x1c CMakeFiles/PokeMini_DEVICE.dir/Users/pomettini/Git/pokemini/source/PMCommon.c.obj
                0x0000000000001a70                GetMultiple2Mask
 *fill*         0x0000000000001a8c        0x4 
 .text.FileExist
                0x0000000000001a90       0x18 CMakeFiles/PokeMini_DEVICE.dir/Users/pomettini/Git/pokemini/source/PMCommon.c.obj
                0x0000000000001a90                FileExist
 *fill*         0x0000000000001aa8        0x8 
 .text.Bool2StrAf
                0x0000000000001ab0       0x18 CMakeFiles/PokeMini_DEVICE.dir/Users/pomettini/Git/pokemini/source/PMCommon.c.obj
                0x0000000000001ab0                Bool2StrAf
 *fill*         0x0000000000001ac8        0x8 
 .text.PokeDPrint
                0x0000000000001ad0       0x84 CMakeFiles/PokeMini_DEVICE.dir/Users/pomettini/Git/pokemini/source/PMCommon.c.obj
                0x0000000000001ad0                PokeDPrint
 *fill*         0x0000000000001b54        0xc 
 .text.PokeMini_GetCustomDir
                0x0000000000001b60        0xc CMakeFiles/PokeMini_DEVICE.dir/Users/pomettini/Git/pokemini/source/PMCommon.c.obj
                0x0000000000001b60                PokeMini_GetCustomDir
 *fill*         0x0000000000001b6c        0x4 
 .text.PokeMini_GotoCustomDir
                0x0000000000001b70        0x4 CMakeFiles/PokeMini_DEVICE.dir/Users/pomettini/Git/pokemini/source/PMCommon.c.obj
                0x0000000000001b70                PokeMini_GotoCustomDir
 *fill*         0x0000000000001b74        0xc 
 .text.PokeMini_SetCurrentDir
                0x0000000000001b80        0x4 CMakeFiles/PokeMini_DEVICE.dir/Users/pomettini/Git/pokemini/source/PMCommon.c.obj
                0x0000000000001b80                PokeMini_SetCurrentDir
 *fill*         0x0000000000001b84        0xc 
 .text.PokeMini_GotoExecDir
                0x0000000000001b90        0x4 CMakeFiles/PokeMini_DEVICE.dir/Users/pomettini/Git/pokemini/source/PMCommon.c.obj
                0x0000000000001b90                PokeMini_GotoExecDir
 *fill*         0x0000000000001b94        0xc 
 .text.PokeMini_OnReset_Def
                0x0000000000001ba0        0x4 CMakeFiles/PokeMini_DEVICE.dir/Users/pomettini/Git/pokemini/source/PokeMini.c.obj
                0x0000000000001ba0                PokeMini_OnReset_Def
 *fill*         0x0000000000001ba4        0xc 
 .text.PokeMini_StreamFromFile
                0x0000000000001bb0       0x14 CMakeFiles/PokeMini_DEVICE.dir/Users/pomettini/Git/pokemini/source/PokeMini.c.obj
                0x0000000000001bb0                PokeMini_StreamFromFile
 *fill*         0x0000000000001bc4        0xc 
 .text.PokeMini_OnUnzipError_Def
                0x0000000000001bd0       0x10 CMakeFiles/PokeMini_DEVICE.dir/Users/pomettini/Git/pokemini/source/PokeMini.c.obj
                0x0000000000001bd0                PokeMini_OnUnzipError_Def
 .text.PokeMini_OnLoadBIOSFile_Def
                0x0000000000001be0       0x30 CMakeFiles/PokeMini_DEVICE.dir/Users/pomettini/Git/pokemini/source/PokeMini.c.obj
                0x0000000000001be0                PokeMini_OnLoadBIOSFile_Def
 .text.PokeMini_OnLoadMINFile_Def
                0x0000000000001c10       0x40 CMakeFiles/PokeMini_DEVICE.dir/Users/pomettini/Git/pokemini/source/PokeMini.c.obj
                0x0000000000001c10                PokeMini_OnLoadMINFile_Def
 .text.PokeMini_OnLoadColorFile_Def
                0x0000000000001c50       0x30 CMakeFiles/PokeMini_DEVICE.dir/Users/pomettini/Git/pokemini/source/PokeMini.c.obj
                0x0000000000001c50                PokeMini_OnLoadColorFile_Def
 .text.PokeMini_OnLoadEEPROMFile_Def
                0x0000000000001c80       0x40 CMakeFiles/PokeMini_DEVICE.dir/Users/pomettini/Git/pokemini/source/PokeMini.c.obj
                0x0000000000001c80                PokeMini_OnLoadEEPROMFile_Def
 .text.PokeMini_OnSaveEEPROMFile_Def
                0x0000000000001cc0       0x40 CMakeFiles/PokeMini_DEVICE.dir/Users/pomettini/Git/pokemini/source/PokeMini.c.obj
                0x0000000000001cc0                PokeMini_OnSaveEEPROMFile_Def
 .text.PokeMini_OnLoadStateFile_Def
                0x0000000000001d00       0x70 CMakeFiles/PokeMini_DEVICE.dir/Users/pomettini/Git/pokemini/source/PokeMini.c.obj
                0x0000000000001d00                PokeMini_OnLoadStateFile_Def
 .text.PokeMini_OnSaveStateFile_Def
                0x0000000000001d70       0x30 CMakeFiles/PokeMini_DEVICE.dir/Users/pomettini/Git/pokemini/source/PokeMini.c.obj
                0x0000000000001d70                PokeMini_OnSaveStateFile_Def
 .text.PokeMini_SyncHostTime.part.0
                0x0000000000001da0       0x64 CMakeFiles/PokeMini_DEVICE.dir/Users/pomettini/Git/pokemini/source/PokeMini.c.obj
 *fill*         0x0000000000001e04        0xc 
 .text.PokeMini_Create
                0x0000000000001e10       0xd0 CMakeFiles/PokeMini_DEVICE.dir/Users/pomettini/Git/pokemini/source/PokeMini.c.obj
                0x0000000000001e10                PokeMini_Create
 .text.PokeMini_Destroy
                0x0000000000001ee0       0x54 CMakeFiles/PokeMini_DEVICE.dir/Users/pomettini/Git/pokemini/source/PokeMini.c.obj
                0x0000000000001ee0                PokeMini_Destroy
 *fill*         0x0000000000001f34        0xc 
 .text.PokeMini_ApplyChanges
                0x0000000000001f40       0x98 CMakeFiles/PokeMini_DEVICE.dir/Users/pomettini/Git/pokemini/source/PokeMini.c.obj
                0x0000000000001f40                PokeMini_ApplyChanges
 *fill*         0x0000000000001fd8        0x8 
 .text.PokeMini_KeypadEvent
                0x0000000000001fe0        0x4 CMakeFiles/PokeMini_DEVICE.dir/Users/pomettini/Git/pokemini/source/PokeMini.c.obj
                0x0000000000001fe0                PokeMini_KeypadEvent
 *fill*         0x0000000000001fe4        0xc 
 .text.PokeMini_LoadBIOSFile
                0x0000000000001ff0       0x6c CMakeFiles/PokeMini_DEVICE.dir/Users/pomettini/Git/pokemini/source/PokeMini.c.obj
                0x0000000000001ff0                PokeMini_LoadBIOSFile
 *fill*         0x000000000000205c        0x4 
 .text.PokeMini_LoadFreeBIOS
                0x0000000000002060       0x24 CMakeFiles/PokeMini_DEVICE.dir/Users/pomettini/Git/pokemini/source/PokeMini.c.obj
                0x0000000000002060                PokeMini_LoadFreeBIOS
 *fill*         0x0000000000002084        0xc 
 .text.PokeMini_SetMINMem
                0x0000000000002090       0x4c CMakeFiles/PokeMini_DEVICE.dir/Users/pomettini/Git/pokemini/source/PokeMini.c.obj
                0x0000000000002090                PokeMini_SetMINMem
 *fill*         0x00000000000020dc        0x4 
 .text.PokeMini_LoadColorStream
                0x00000000000020e0      0x164 CMakeFiles/PokeMini_DEVICE.dir/Users/pomettini/Git/pokemini/source/PokeMini.c.obj
                0x00000000000020e0                PokeMini_LoadColorStream
 *fill*         0x0000000000002244        0xc 
 .text.PokeMini_LoadColorFile
                0x0000000000002250       0x3c CMakeFiles/PokeMini_DEVICE.dir/Users/pomettini/Git/pokemini/source/PokeMini.c.obj
                0x0000000000002250                PokeMini_LoadColorFile
 *fill*         0x000000000000228c        0x4 
 .text.PokeMini_SaveEEPROMFile
                0x0000000000002290       0x80 CMakeFiles/PokeMini_DEVICE.dir/Users/pomettini/Git/pokemini/source/PokeMini.c.obj
                0x0000000000002290                PokeMini_SaveEEPROMFile
 .text.PokeMini_LoadSSFile
                0x0000000000002310      0x368 CMakeFiles/PokeMini_DEVICE.dir/Users/pomettini/Git/pokemini/source/PokeMini.c.obj
                0x0000000000002310                PokeMini_LoadSSFile
 *fill*         0x0000000000002678        0x8 
 .text.PokeMini_SaveSSFile
                0x0000000000002680      0x1e8 CMakeFiles/PokeMini_DEVICE.dir/Users/pomettini/Git/pokemini/source/PokeMini.c.obj
                0x0000000000002680                PokeMini_SaveSSFile
 *fill*         0x0000000000002868        0x8 
 .text.PokeMini_SaveFromCommandLines
                0x0000000000002870       0x6c CMakeFiles/PokeMini_DEVICE.dir/Users/pomettini/Git/pokemini/source/PokeMini.c.obj
                0x0000000000002870                PokeMini_SaveFromCommandLines
 *fill*         0x00000000000028dc        0x4 
 .text.PokeMini_UseDefaultCallbacks
                0x00000000000028e0       0x90 CMakeFiles/PokeMini_DEVICE.dir/Users/pomettini/Git/pokemini/source/PokeMini.c.obj
                0x00000000000028e0                PokeMini_UseDefaultCallbacks
 .text.PokeMini_Reset
                0x0000000000002970      0x114 CMakeFiles/PokeMini_DEVICE.dir/Users/pomettini/Git/pokemini/source/PokeMini.c.obj
                0x0000000000002970                PokeMini_Reset
 *fill*         0x0000000000002a84        0xc 
 .text.NewMulticart
                0x0000000000002a90        0xc CMakeFiles/PokeMini_DEVICE.dir/Users/pomettini/Git/pokemini/source/Multicart.c.obj
                0x0000000000002a90                NewMulticart
 *fill*         0x0000000000002a9c        0x4 
 .text.PokeMini_EmulateFrame
                0x0000000000002aa0       0xc4 CMakeFiles/PokeMini_DEVICE.dir/Users/pomettini/Git/pokemini/source/Hardware.c.obj
                0x0000000000002aa0                PokeMini_EmulateFrame
 *fill*         0x0000000000002b64        0xc 
 .text.MinxCPU_OnRead
                0x0000000000002b70      0x140 CMakeFiles/PokeMini_DEVICE.dir/Users/pomettini/Git/pokemini/source/Hardware.c.obj
                0x0000000000002b70                MinxCPU_OnRead
 .text.MinxCPU_OnWrite
                0x0000000000002cb0      0x158 CMakeFiles/PokeMini_DEVICE.dir/Users/pomettini/Git/pokemini/source/Hardware.c.obj
                0x0000000000002cb0                MinxCPU_OnWrite
 *fill*         0x0000000000002e08        0x8 
 .text.MinxCPU_OnException
                0x0000000000002e10       0x5c CMakeFiles/PokeMini_DEVICE.dir/Users/pomettini/Git/pokemini/source/Hardware.c.obj
                0x0000000000002e10                MinxCPU_OnException
 *fill*         0x0000000000002e6c        0x4 
 .text.MinxCPU_OnSleep
                0x0000000000002e70       0x1c CMakeFiles/PokeMini_DEVICE.dir/Users/pomettini/Git/pokemini/source/Hardware.c.obj
                0x0000000000002e70                MinxCPU_OnSleep
 *fill*         0x0000000000002e8c        0x4 
 .text.MinxCPU_OnIRQHandle
                0x0000000000002e90       0x20 CMakeFiles/PokeMini_DEVICE.dir/Users/pomettini/Git/pokemini/source/Hardware.c.obj
                0x0000000000002e90                MinxCPU_OnIRQHandle
 .text.MinxCPU_OnIRQAct
                0x0000000000002eb0        0x4 CMakeFiles/PokeMini_DEVICE.dir/Users/pomettini/Git/pokemini/source/Hardware.c.obj
                0x0000000000002eb0                MinxCPU_OnIRQAct
 *fill*         0x0000000000002eb4        0xc 
 .text.MinxIRQ_OnIRQ
                0x0000000000002ec0        0xc CMakeFiles/PokeMini_DEVICE.dir/Users/pomettini/Git/pokemini/source/Hardware.c.obj
                0x0000000000002ec0                MinxIRQ_OnIRQ
 *fill*         0x0000000000002ecc        0x4 
 .text.MinxPRC_On72HzRefresh
                0x0000000000002ed0       0x58 CMakeFiles/PokeMini_DEVICE.dir/Users/pomettini/Git/pokemini/source/Hardware.c.obj
                0x0000000000002ed0                MinxPRC_On72HzRefresh
 *fill*         0x0000000000002f28        0x8 
 .text.PokeMini_SetVideo
                0x0000000000002f30       0x68 CMakeFiles/PokeMini_DEVICE.dir/Users/pomettini/Git/pokemini/source/Video.c.obj
                0x0000000000002f30                PokeMini_SetVideo
 *fill*         0x0000000000002f98        0x8 
 .text.PokeMini_VideoPalette_32
                0x0000000000002fa0      0x1d4 CMakeFiles/PokeMini_DEVICE.dir/Users/pomettini/Git/pokemini/source/Video.c.obj
                0x0000000000002fa0                PokeMini_VideoPalette_32
 *fill*         0x0000000000003174        0xc 
 .text.PokeMini_VideoPalette_16
                0x0000000000003180      0x330 CMakeFiles/PokeMini_DEVICE.dir/Users/pomettini/Git/pokemini/source/Video.c.obj
                0x0000000000003180                PokeMini_VideoPalette_16
 .text.PokeMini_VideoPalette_Convert
                0x00000000000034b0       0x94 CMakeFiles/PokeMini_DEVICE.dir/Users/pomettini/Git/pokemini/source/Video.c.obj
                0x00000000000034b0                PokeMini_VideoPalette_Convert
 *fill*         0x0000000000003544        0xc 
 .text.PokeMini_VideoPalette_Index
                0x0000000000003550      0x45c CMakeFiles/PokeMini_DEVICE.dir/Users/pomettini/Git/pokemini/source/Video.c.obj
                0x0000000000003550                PokeMini_VideoPalette_Index
 *fill*         0x00000000000039ac        0x4 
 .text.PokeMini_VideoANone1x1_32
                0x00000000000039b0       0x40 CMakeFiles/PokeMini_DEVICE.dir/Users/pomettini/Git/pokemini/source/Video_x1.c.obj
                0x00000000000039b0                PokeMini_VideoANone1x1_32
 .text.PokeMini_VideoANone1x1_16
                0x00000000000039f0       0x40 CMakeFiles/PokeMini_DEVICE.dir/Users/pomettini/Git/pokemini/source/Video_x1.c.obj
                0x00000000000039f0                PokeMini_VideoANone1x1_16
 .text.PokeMini_Video3None1x1_32
                0x0000000000003a30       0x94 CMakeFiles/PokeMini_DEVICE.dir/Users/pomettini/Git/pokemini/source/Video_x1.c.obj
                0x0000000000003a30                PokeMini_Video3None1x1_32
 *fill*         0x0000000000003ac4        0xc 
 .text.PokeMini_Video3None1x1_16
                0x0000000000003ad0       0x94 CMakeFiles/PokeMini_DEVICE.dir/Users/pomettini/Git/pokemini/source/Video_x1.c.obj
                0x0000000000003ad0                PokeMini_Video3None1x1_16
 *fill*         0x0000000000003b64        0xc 
 .text.PokeMini_Video2None1x1_32
                0x0000000000003b70       0x5c CMakeFiles/PokeMini_DEVICE.dir/Users/pomettini/Git/pokemini/source/Video_x1.c.obj
                0x0000000000003b70                PokeMini_Video2None1x1_32
 *fill*         0x0000000000003bcc        0x4 
 .text.PokeMini_Video2None1x1_16
                0x0000000000003bd0       0x58 CMakeFiles/PokeMini_DEVICE.dir/Users/pomettini/Git/pokemini/source/Video_x1.c.obj
                0x0000000000003bd0                PokeMini_Video2None1x1_16
 *fill*         0x0000000000003c28        0x8 
 .text.PokeMini_VideoColor1x1_32
                0x0000000000003c30       0x40 CMakeFiles/PokeMini_DEVICE.dir/Users/pomettini/Git/pokemini/source/Video_x1.c.obj
                0x0000000000003c30                PokeMini_VideoColor1x1_32
 .text.PokeMini_VideoColor1x1_16
                0x0000000000003c70       0x40 CMakeFiles/PokeMini_DEVICE.dir/Users/pomettini/Git/pokemini/source/Video_x1.c.obj
                0x0000000000003c70                PokeMini_VideoColor1x1_16
 .text.PokeMini_VideoColorH1x1_32
                0x0000000000003cb0       0x64 CMakeFiles/PokeMini_DEVICE.dir/Users/pomettini/Git/pokemini/source/Video_x1.c.obj
                0x0000000000003cb0                PokeMini_VideoColorH1x1_32
 *fill*         0x0000000000003d14        0xc 
 .text.PokeMini_VideoColorH1x1_16
                0x0000000000003d20       0x60 CMakeFiles/PokeMini_DEVICE.dir/Users/pomettini/Git/pokemini/source/Video_x1.c.obj
                0x0000000000003d20                PokeMini_VideoColorH1x1_16
 .text.PokeMini_GetVideo1x1_32
                0x0000000000003d80       0x48 CMakeFiles/PokeMini_DEVICE.dir/Users/pomettini/Git/pokemini/source/Video_x1.c.obj
                0x0000000000003d80                PokeMini_GetVideo1x1_32
 *fill*         0x0000000000003dc8        0x8 
 .text.PokeMini_GetVideo1x1_16
                0x0000000000003dd0       0x48 CMakeFiles/PokeMini_DEVICE.dir/Users/pomettini/Git/pokemini/source/Video_x1.c.obj
                0x0000000000003dd0                PokeMini_GetVideo1x1_16
 *fill*         0x0000000000003e18        0x8 
 .text.CommandLineInit
                0x0000000000003e20      0x130 CMakeFiles/PokeMini_DEVICE.dir/Users/pomettini/Git/pokemini/source/CommandLine.c.obj
                0x0000000000003e20                CommandLineInit
 .text.CommandLineConfSave
                0x0000000000003f50      0x62c CMakeFiles/PokeMini_DEVICE.dir/Users/pomettini/Git/pokemini/source/CommandLine.c.obj
                0x0000000000003f50                CommandLineConfSave
 *fill*         0x000000000000457c        0x4 
 .text.MinxCPU_Create
                0x0000000000004580       0x40 CMakeFiles/PokeMini_DEVICE.dir/Users/pomettini/Git/pokemini/source/MinxCPU.c.obj
                0x0000000000004580                MinxCPU_Create
 .text.MinxCPU_Destroy
                0x00000000000045c0        0x4 CMakeFiles/PokeMini_DEVICE.dir/Users/pomettini/Git/pokemini/source/MinxCPU.c.obj
                0x00000000000045c0                MinxCPU_Destroy
 *fill*         0x00000000000045c4        0xc 
 .text.MinxCPU_Reset
                0x00000000000045d0       0x64 CMakeFiles/PokeMini_DEVICE.dir/Users/pomettini/Git/pokemini/source/MinxCPU.c.obj
                0x00000000000045d0                MinxCPU_Reset
 *fill*         0x0000000000004634        0xc 
 .text.MinxCPU_LoadState
                0x0000000000004640      0x174 CMakeFiles/PokeMini_DEVICE.dir/Users/pomettini/Git/pokemini/source/MinxCPU.c.obj
                0x0000000000004640                MinxCPU_LoadState
 *fill*         0x00000000000047b4        0xc 
 .text.MinxCPU_SaveState
                0x00000000000047c0      0x170 CMakeFiles/PokeMini_DEVICE.dir/Users/pomettini/Git/pokemini/source/MinxCPU.c.obj
                0x00000000000047c0                MinxCPU_SaveState
 .text.MinxCPU_CallIRQ
                0x0000000000004930       0x20 CMakeFiles/PokeMini_DEVICE.dir/Users/pomettini/Git/pokemini/source/MinxCPU.c.obj
                0x0000000000004930                MinxCPU_CallIRQ
 .text.ADD8     0x0000000000004950      0x114 CMakeFiles/PokeMini_DEVICE.dir/Users/pomettini/Git/pokemini/source/MinxCPU_XX.c.obj
 *fill*         0x0000000000004a64        0xc 
 .text.ADC8     0x0000000000004a70      0x124 CMakeFiles/PokeMini_DEVICE.dir/Users/pomettini/Git/pokemini/source/MinxCPU_XX.c.obj
 *fill*         0x0000000000004b94        0xc 
 .text.SUB8     0x0000000000004ba0      0x114 CMakeFiles/PokeMini_DEVICE.dir/Users/pomettini/Git/pokemini/source/MinxCPU_XX.c.obj
 *fill*         0x0000000000004cb4        0xc 
 .text.SBC8     0x0000000000004cc0      0x128 CMakeFiles/PokeMini_DEVICE.dir/Users/pomettini/Git/pokemini/source/MinxCPU_XX.c.obj
 *fill*         0x0000000000004de8        0x8 
 .text.Fetch8   0x0000000000004df0       0x3c CMakeFiles/PokeMini_DEVICE.dir/Users/pomettini/Git/pokemini/source/MinxCPU_XX.c.obj
 *fill*         0x0000000000004e2c        0x4 
 .text.CALLS    0x0000000000004e30       0x4c CMakeFiles/PokeMini_DEVICE.dir/Users/pomettini/Git/pokemini/source/MinxCPU_XX.c.obj
 *fill*         0x0000000000004e7c        0x4 
 .text.ADD16.part.0
                0x0000000000004e80       0x10 CMakeFiles/PokeMini_DEVICE.dir/Users/pomettini/Git/pokemini/source/MinxCPU_XX.c.obj
 .text.MinxCPU_Exec
                0x0000000000004e90     0x40b4 CMakeFiles/PokeMini_DEVICE.dir/Users/pomettini/Git/pokemini/source/MinxCPU_XX.c.obj
                0x0000000000004e90                MinxCPU_Exec
 *fill*         0x0000000000008f44        0xc 
 .text.ADD8     0x0000000000008f50      0x114 CMakeFiles/PokeMini_DEVICE.dir/Users/pomettini/Git/pokemini/source/MinxCPU_CE.c.obj
 *fill*         0x0000000000009064        0xc 
 .text.ADC8     0x0000000000009070      0x124 CMakeFiles/PokeMini_DEVICE.dir/Users/pomettini/Git/pokemini/source/MinxCPU_CE.c.obj
 *fill*         0x0000000000009194        0xc 
 .text.SUB8     0x00000000000091a0      0x114 CMakeFiles/PokeMini_DEVICE.dir/Users/pomettini/Git/pokemini/source/MinxCPU_CE.c.obj
 *fill*         0x00000000000092b4        0xc 
 .text.SBC8     0x00000000000092c0      0x128 CMakeFiles/PokeMini_DEVICE.dir/Users/pomettini/Git/pokemini/source/MinxCPU_CE.c.obj
 *fill*         0x00000000000093e8        0x8 
 .text.CALLS    0x00000000000093f0       0x4c CMakeFiles/PokeMini_DEVICE.dir/Users/pomettini/Git/pokemini/source/MinxCPU_CE.c.obj
 *fill*         0x000000000000943c        0x4 
 .text.MinxCPU_ExecCE
                0x0000000000009440     0x48c0 CMakeFiles/PokeMini_DEVICE.dir/Users/pomettini/Git/pokemini/source/MinxCPU_CE.c.obj
                0x0000000000009440                MinxCPU_ExecCE
 .text.ADC16    0x000000000000dd00       0x58 CMakeFiles/PokeMini_DEVICE.dir/Users/pomettini/Git/pokemini/source/MinxCPU_CF.c.obj
 *fill*         0x000000000000dd58        0x8 
 .text.SBC16    0x000000000000dd60       0x58 CMakeFiles/PokeMini_DEVICE.dir/Users/pomettini/Git/pokemini/source/MinxCPU_CF.c.obj
 *fill*         0x000000000000ddb8        0x8 
 .text.MinxCPU_ExecCF
                0x000000000000ddc0     0x28d0 CMakeFiles/PokeMini_DEVICE.dir/Users/pomettini/Git/pokemini/source/MinxCPU_CF.c.obj
                0x000000000000ddc0                MinxCPU_ExecCF
 .text.MinxCPU_ExecSPCE
                0x0000000000010690       0x50 CMakeFiles/PokeMini_DEVICE.dir/Users/pomettini/Git/pokemini/source/MinxCPU_SP.c.obj
                0x0000000000010690                MinxCPU_ExecSPCE
 .text.MinxCPU_ExecSPCF
                0x00000000000106e0      0x45c CMakeFiles/PokeMini_DEVICE.dir/Users/pomettini/Git/pokemini/source/MinxCPU_SP.c.obj
                0x00000000000106e0                MinxCPU_ExecSPCF
 *fill*         0x0000000000010b3c        0x4 
 .text.MinxTimers_Destroy
                0x0000000000010b40        0x4 CMakeFiles/PokeMini_DEVICE.dir/Users/pomettini/Git/pokemini/source/MinxTimers.c.obj
                0x0000000000010b40                MinxTimers_Destroy
 *fill*         0x0000000000010b44        0xc 
 .text.MinxTimers_Reset
                0x0000000000010b50       0x28 CMakeFiles/PokeMini_DEVICE.dir/Users/pomettini/Git/pokemini/source/MinxTimers.c.obj
                0x0000000000010b50                MinxTimers_Reset
 *fill*         0x0000000000010b78        0x8 
 .text.MinxTimers_Create
                0x0000000000010b80       0x1c CMakeFiles/PokeMini_DEVICE.dir/Users/pomettini/Git/pokemini/source/MinxTimers.c.obj
                0x0000000000010b80                MinxTimers_Create
 *fill*         0x0000000000010b9c        0x4 
 .text.MinxTimers_LoadState
                0x0000000000010ba0      0x2b8 CMakeFiles/PokeMini_DEVICE.dir/Users/pomettini/Git/pokemini/source/MinxTimers.c.obj
                0x0000000000010ba0                MinxTimers_LoadState
 *fill*         0x0000000000010e58        0x8 
 .text.MinxTimers_SaveState
                0x0000000000010e60      0x2bc CMakeFiles/PokeMini_DEVICE.dir/Users/pomettini/Git/pokemini/source/MinxTimers.c.obj
                0x0000000000010e60                MinxTimers_SaveState
 *fill*         0x000000000001111c        0x4 
 .text.MinxTimers_Sync
                0x0000000000011120      0x298 CMakeFiles/PokeMini_DEVICE.dir/Users/pomettini/Git/pokemini/source/MinxTimers.c.obj
                0x0000000000011120                MinxTimers_Sync
 *fill*         0x00000000000113b8        0x8 
 .text.MinxTimers_ReadReg
                0x00000000000113c0      0x228 CMakeFiles/PokeMini_DEVICE.dir/Users/pomettini/Git/pokemini/source/MinxTimers.c.obj
                0x00000000000113c0                MinxTimers_ReadReg
 *fill*         0x00000000000115e8        0x8 
 .text.MinxTimers_WriteReg
                0x00000000000115f0      0x744 CMakeFiles/PokeMini_DEVICE.dir/Users/pomettini/Git/pokemini/source/MinxTimers.c.obj
                0x00000000000115f0                MinxTimers_WriteReg
 *fill*         0x0000000000011d34        0xc 
 .text.MinxIO_Destroy
                0x0000000000011d40       0x18 CMakeFiles/PokeMini_DEVICE.dir/Users/pomettini/Git/pokemini/source/MinxIO.c.obj
                0x0000000000011d40                MinxIO_Destroy
 *fill*         0x0000000000011d58        0x8 
 .text.MinxIO_Reset
                0x0000000000011d60       0x68 CMakeFiles/PokeMini_DEVICE.dir/Users/pomettini/Git/pokemini/source/MinxIO.c.obj
                0x0000000000011d60                MinxIO_Reset
 *fill*         0x0000000000011dc8        0x8 
 .text.MinxIO_Create
                0x0000000000011dd0       0x28 CMakeFiles/PokeMini_DEVICE.dir/Users/pomettini/Git/pokemini/source/MinxIO.c.obj
                0x0000000000011dd0                MinxIO_Create
 *fill*         0x0000000000011df8        0x8 
 .text.MinxIO_LoadState
                0x0000000000011e00       0xfc CMakeFiles/PokeMini_DEVICE.dir/Users/pomettini/Git/pokemini/source/MinxIO.c.obj
                0x0000000000011e00                MinxIO_LoadState
 *fill*         0x0000000000011efc        0x4 
 .text.MinxIO_SaveState
                0x0000000000011f00       0xfc CMakeFiles/PokeMini_DEVICE.dir/Users/pomettini/Git/pokemini/source/MinxIO.c.obj
                0x0000000000011f00                MinxIO_SaveState
 *fill*         0x0000000000011ffc        0x4 
 .text.MinxIO_Keypad
                0x0000000000012000      0x1cc CMakeFiles/PokeMini_DEVICE.dir/Users/pomettini/Git/pokemini/source/MinxIO.c.obj
                0x0000000000012000                MinxIO_Keypad
 *fill*         0x00000000000121cc        0x4 
 .text.MinxIO_BatteryLow
                0x00000000000121d0       0x30 CMakeFiles/PokeMini_DEVICE.dir/Users/pomettini/Git/pokemini/source/MinxIO.c.obj
                0x00000000000121d0                MinxIO_BatteryLow
 .text.MinxIO_SetTimeStamp
                0x0000000000012200       0x8c CMakeFiles/PokeMini_DEVICE.dir/Users/pomettini/Git/pokemini/source/MinxIO.c.obj
                0x0000000000012200                MinxIO_SetTimeStamp
 *fill*         0x000000000001228c        0x4 
 .text.MinxIO_EEPROM_REvent
                0x0000000000012290       0x44 CMakeFiles/PokeMini_DEVICE.dir/Users/pomettini/Git/pokemini/source/MinxIO.c.obj
                0x0000000000012290                MinxIO_EEPROM_REvent
 *fill*         0x00000000000122d4        0xc 
 .text.MinxIO_IODataRead
                0x00000000000122e0       0x2c CMakeFiles/PokeMini_DEVICE.dir/Users/pomettini/Git/pokemini/source/MinxIO.c.obj
                0x00000000000122e0                MinxIO_IODataRead
 *fill*         0x000000000001230c        0x4 
 .text.MinxIO_ReadReg
                0x0000000000012310       0xec CMakeFiles/PokeMini_DEVICE.dir/Users/pomettini/Git/pokemini/source/MinxIO.c.obj
                0x0000000000012310                MinxIO_ReadReg
 *fill*         0x00000000000123fc        0x4 
 .text.MinxIO_EEPROM_Write
                0x0000000000012400       0x80 CMakeFiles/PokeMini_DEVICE.dir/Users/pomettini/Git/pokemini/source/MinxIO.c.obj
                0x0000000000012400                MinxIO_EEPROM_Write
 .text.MinxIO_EEPROM_WEvent
                0x0000000000012480       0x7c CMakeFiles/PokeMini_DEVICE.dir/Users/pomettini/Git/pokemini/source/MinxIO.c.obj
                0x0000000000012480                MinxIO_EEPROM_WEvent
 *fill*         0x00000000000124fc        0x4 
 .text.MinxIO_IODataWrite
                0x0000000000012500       0x3c CMakeFiles/PokeMini_DEVICE.dir/Users/pomettini/Git/pokemini/source/MinxIO.c.obj
                0x0000000000012500                MinxIO_IODataWrite
 *fill*         0x000000000001253c        0x4 
 .text.MinxIO_WriteReg
                0x0000000000012540      0x110 CMakeFiles/PokeMini_DEVICE.dir/Users/pomettini/Git/pokemini/source/MinxIO.c.obj
                0x0000000000012540                MinxIO_WriteReg
 .text.MinxIRQ_Process.part.0
                0x0000000000012650      0x2cc CMakeFiles/PokeMini_DEVICE.dir/Users/pomettini/Git/pokemini/source/MinxIRQ.c.obj
 *fill*         0x000000000001291c        0x4 
 .text.MinxIRQ_Create
                0x0000000000012920       0x30 CMakeFiles/PokeMini_DEVICE.dir/Users/pomettini/Git/pokemini/source/MinxIRQ.c.obj
                0x0000000000012920                MinxIRQ_Create
 .text.MinxIRQ_Destroy
                0x0000000000012950        0x4 CMakeFiles/PokeMini_DEVICE.dir/Users/pomettini/Git/pokemini/source/MinxIRQ.c.obj
                0x0000000000012950                MinxIRQ_Destroy
 *fill*         0x0000000000012954        0xc 
 .text.MinxIRQ_Reset
                0x0000000000012960       0x30 CMakeFiles/PokeMini_DEVICE.dir/Users/pomettini/Git/pokemini/source/MinxIRQ.c.obj
                0x0000000000012960                MinxIRQ_Reset
 .text.MinxIRQ_LoadState
                0x0000000000012990       0x24 CMakeFiles/PokeMini_DEVICE.dir/Users/pomettini/Git/pokemini/source/MinxIRQ.c.obj
                0x0000000000012990                MinxIRQ_LoadState
 *fill*         0x00000000000129b4        0xc 
 .text.MinxIRQ_SaveState
                0x00000000000129c0       0x44 CMakeFiles/PokeMini_DEVICE.dir/Users/pomettini/Git/pokemini/source/MinxIRQ.c.obj
                0x00000000000129c0                MinxIRQ_SaveState
 *fill*         0x0000000000012a04        0xc 
 .text.MinxIRQ_SetIRQ
                0x0000000000012a10      0x1b8 CMakeFiles/PokeMini_DEVICE.dir/Users/pomettini/Git/pokemini/source/MinxIRQ.c.obj
                0x0000000000012a10                MinxIRQ_SetIRQ
 *fill*         0x0000000000012bc8        0x8 
 .text.MinxIRQ_ReadReg
                0x0000000000012bd0       0xa0 CMakeFiles/PokeMini_DEVICE.dir/Users/pomettini/Git/pokemini/source/MinxIRQ.c.obj
                0x0000000000012bd0                MinxIRQ_ReadReg
 .text.MinxIRQ_WriteReg
                0x0000000000012c70      0x120 CMakeFiles/PokeMini_DEVICE.dir/Users/pomettini/Git/pokemini/source/MinxIRQ.c.obj
                0x0000000000012c70                MinxIRQ_WriteReg
 .text.MinxIRQ_Process
                0x0000000000012d90       0x10 CMakeFiles/PokeMini_DEVICE.dir/Users/pomettini/Git/pokemini/source/MinxIRQ.c.obj
                0x0000000000012d90                MinxIRQ_Process
 .text.MinxPRC_Render_Mono
                0x0000000000012da0      0xf9c CMakeFiles/PokeMini_DEVICE.dir/Users/pomettini/Git/pokemini/source/MinxPRC.c.obj
                0x0000000000012da0                MinxPRC_Render_Mono
 *fill*         0x0000000000013d3c        0x4 
 .text.MinxPRC_Create
                0x0000000000013d40       0x28 CMakeFiles/PokeMini_DEVICE.dir/Users/pomettini/Git/pokemini/source/MinxPRC.c.obj
                0x0000000000013d40                MinxPRC_Create
 *fill*         0x0000000000013d68        0x8 
 .text.MinxPRC_Destroy
                0x0000000000013d70        0x4 CMakeFiles/PokeMini_DEVICE.dir/Users/pomettini/Git/pokemini/source/MinxPRC.c.obj
                0x0000000000013d70                MinxPRC_Destroy
 *fill*         0x0000000000013d74        0xc 
 .text.MinxPRC_Reset
                0x0000000000013d80       0x20 CMakeFiles/PokeMini_DEVICE.dir/Users/pomettini/Git/pokemini/source/MinxPRC.c.obj
                0x0000000000013d80                MinxPRC_Reset
 .text.MinxPRC_LoadState
                0x0000000000013da0      0x114 CMakeFiles/PokeMini_DEVICE.dir/Users/pomettini/Git/pokemini/source/MinxPRC.c.obj
                0x0000000000013da0                MinxPRC_LoadState
 *fill*         0x0000000000013eb4        0xc 
 .text.MinxPRC_SaveState
                0x0000000000013ec0      0x144 CMakeFiles/PokeMini_DEVICE.dir/Users/pomettini/Git/pokemini/source/MinxPRC.c.obj
                0x0000000000013ec0                MinxPRC_SaveState
 *fill*         0x0000000000014004        0xc 
 .text.MinxPRC_Sync
                0x0000000000014010      0x100 CMakeFiles/PokeMini_DEVICE.dir/Users/pomettini/Git/pokemini/source/MinxPRC.c.obj
                0x0000000000014010                MinxPRC_Sync
 .text.MinxPRC_ReadReg
                0x0000000000014110       0xac CMakeFiles/PokeMini_DEVICE.dir/Users/pomettini/Git/pokemini/source/MinxPRC.c.obj
                0x0000000000014110                MinxPRC_ReadReg
 *fill*         0x00000000000141bc        0x4 
 .text.MinxPRC_WriteReg
                0x00000000000141c0      0x218 CMakeFiles/PokeMini_DEVICE.dir/Users/pomettini/Git/pokemini/source/MinxPRC.c.obj
                0x00000000000141c0                MinxPRC_WriteReg
 *fill*         0x00000000000143d8        0x8 
 .text.MinxColorPRC_Create
                0x00000000000143e0       0x50 CMakeFiles/PokeMini_DEVICE.dir/Users/pomettini/Git/pokemini/source/MinxColorPRC.c.obj
                0x00000000000143e0                MinxColorPRC_Create
 .text.MinxColorPRC_Destroy
                0x0000000000014430       0x28 CMakeFiles/PokeMini_DEVICE.dir/Users/pomettini/Git/pokemini/source/MinxColorPRC.c.obj
                0x0000000000014430                MinxColorPRC_Destroy
 *fill*         0x0000000000014458        0x8 
 .text.MinxColorPRC_Reset
                0x0000000000014460       0x18 CMakeFiles/PokeMini_DEVICE.dir/Users/pomettini/Git/pokemini/source/MinxColorPRC.c.obj
                0x0000000000014460                MinxColorPRC_Reset
 *fill*         0x0000000000014478        0x8 
 .text.MinxColorPRC_LoadState
                0x0000000000014480      0x128 CMakeFiles/PokeMini_DEVICE.dir/Users/pomettini/Git/pokemini/source/MinxColorPRC.c.obj
                0x0000000000014480                MinxColorPRC_LoadState
 *fill*         0x00000000000145a8        0x8 
 .text.MinxColorPRC_SaveState
                0x00000000000145b0      0x158 CMakeFiles/PokeMini_DEVICE.dir/Users/pomettini/Git/pokemini/source/MinxColorPRC.c.obj
                0x00000000000145b0                MinxColorPRC_SaveState
 *fill*         0x0000000000014708        0x8 
 .text.MinxColorPRC_ReadReg
                0x0000000000014710       0xa4 CMakeFiles/PokeMini_DEVICE.dir/Users/pomettini/Git/pokemini/source/MinxColorPRC.c.obj
                0x0000000000014710                MinxColorPRC_ReadReg
 *fill*         0x00000000000147b4        0xc 
 .text.MinxColorPRC_WriteCtrl
                0x00000000000147c0       0xe0 CMakeFiles/PokeMini_DEVICE.dir/Users/pomettini/Git/pokemini/source/MinxColorPRC.c.obj
                0x00000000000147c0                MinxColorPRC_WriteCtrl
 .text.MinxColorPRC_WriteReg
                0x00000000000148a0       0xb8 CMakeFiles/PokeMini_DEVICE.dir/Users/pomettini/Git/pokemini/source/MinxColorPRC.c.obj
                0x00000000000148a0                MinxColorPRC_WriteReg
 *fill*         0x0000000000014958        0x8 
 .text.MinxColorPRC_WriteFramebuffer
                0x0000000000014960       0x7c CMakeFiles/PokeMini_DEVICE.dir/Users/pomettini/Git/pokemini/source/MinxColorPRC.c.obj
                0x0000000000014960                MinxColorPRC_WriteFramebuffer
 *fill*         0x00000000000149dc        0x4 
 .text.MinxColorPRC_WriteLCD
                0x00000000000149e0       0x70 CMakeFiles/PokeMini_DEVICE.dir/Users/pomettini/Git/pokemini/source/MinxColorPRC.c.obj
                0x00000000000149e0                MinxColorPRC_WriteLCD
 .text.MinxPRC_Render_Color8
                0x0000000000014a50      0xa08 CMakeFiles/PokeMini_DEVICE.dir/Users/pomettini/Git/pokemini/source/MinxColorPRC.c.obj
                0x0000000000014a50                MinxPRC_Render_Color8
 *fill*         0x0000000000015458        0x8 
 .text.MinxPRC_Render_Color4
                0x0000000000015460      0xa74 CMakeFiles/PokeMini_DEVICE.dir/Users/pomettini/Git/pokemini/source/MinxColorPRC.c.obj
                0x0000000000015460                MinxPRC_Render_Color4
 *fill*         0x0000000000015ed4        0xc 
 .text.MinxPRC_NoRender_Color
                0x0000000000015ee0       0x44 CMakeFiles/PokeMini_DEVICE.dir/Users/pomettini/Git/pokemini/source/MinxColorPRC.c.obj
                0x0000000000015ee0                MinxPRC_NoRender_Color
 *fill*         0x0000000000015f24        0xc 
 .text.MinxLCD_LCDReadCtrl.part.0
                0x0000000000015f30       0x28 CMakeFiles/PokeMini_DEVICE.dir/Users/pomettini/Git/pokemini/source/MinxLCD.c.obj
 *fill*         0x0000000000015f58        0x8 
 .text.MinxLCD_Destroy
                0x0000000000015f60       0x3c CMakeFiles/PokeMini_DEVICE.dir/Users/pomettini/Git/pokemini/source/MinxLCD.c.obj
                0x0000000000015f60                MinxLCD_Destroy
 *fill*         0x0000000000015f9c        0x4 
 .text.MinxLCD_Reset
                0x0000000000015fa0       0x60 CMakeFiles/PokeMini_DEVICE.dir/Users/pomettini/Git/pokemini/source/MinxLCD.c.obj
                0x0000000000015fa0                MinxLCD_Reset
 .text.MinxLCD_Create
                0x0000000000016000       0x54 CMakeFiles/PokeMini_DEVICE.dir/Users/pomettini/Git/pokemini/source/MinxLCD.c.obj
                0x0000000000016000                MinxLCD_Create
 *fill*         0x0000000000016054        0xc 
 .text.MinxLCD_LoadState
                0x0000000000016060      0x1b0 CMakeFiles/PokeMini_DEVICE.dir/Users/pomettini/Git/pokemini/source/MinxLCD.c.obj
                0x0000000000016060                MinxLCD_LoadState
 .text.MinxLCD_SaveState
                0x0000000000016210      0x1e0 CMakeFiles/PokeMini_DEVICE.dir/Users/pomettini/Git/pokemini/source/MinxLCD.c.obj
                0x0000000000016210                MinxLCD_SaveState
 .text.MinxLCD_DecayRefresh
                0x00000000000163f0       0x98 CMakeFiles/PokeMini_DEVICE.dir/Users/pomettini/Git/pokemini/source/MinxLCD.c.obj
                0x00000000000163f0                MinxLCD_DecayRefresh
 *fill*         0x0000000000016488        0x8 
 .text.MinxLCD_Render
                0x0000000000016490       0x90 CMakeFiles/PokeMini_DEVICE.dir/Users/pomettini/Git/pokemini/source/MinxLCD.c.obj
                0x0000000000016490                MinxLCD_Render
 .text.MinxLCD_LCDRead
                0x0000000000016520       0x94 CMakeFiles/PokeMini_DEVICE.dir/Users/pomettini/Git/pokemini/source/MinxLCD.c.obj
                0x0000000000016520                MinxLCD_LCDRead
 *fill*         0x00000000000165b4        0xc 
 .text.MinxLCD_ReadReg
                0x00000000000165c0       0x2c CMakeFiles/PokeMini_DEVICE.dir/Users/pomettini/Git/pokemini/source/MinxLCD.c.obj
                0x00000000000165c0                MinxLCD_ReadReg
 *fill*         0x00000000000165ec        0x4 
 .text.MinxLCD_LCDWriteCtrl
                0x00000000000165f0      0x388 CMakeFiles/PokeMini_DEVICE.dir/Users/pomettini/Git/pokemini/source/MinxLCD.c.obj
                0x00000000000165f0                MinxLCD_LCDWriteCtrl
 *fill*         0x0000000000016978        0x8 
 .text.MinxLCD_LCDWrite
                0x0000000000016980       0xa8 CMakeFiles/PokeMini_DEVICE.dir/Users/pomettini/Git/pokemini/source/MinxLCD.c.obj
                0x0000000000016980                MinxLCD_LCDWrite
 *fill*         0x0000000000016a28        0x8 
 .text.MinxLCD_WriteReg
                0x0000000000016a30       0x14 CMakeFiles/PokeMini_DEVICE.dir/Users/pomettini/Git/pokemini/source/MinxLCD.c.obj
                0x0000000000016a30                MinxLCD_WriteReg
 *fill*         0x0000000000016a44        0xc 
 .text.MinxLCD_LCDWritefb
                0x0000000000016a50       0x84 CMakeFiles/PokeMini_DEVICE.dir/Users/pomettini/Git/pokemini/source/MinxLCD.c.obj
                0x0000000000016a50                MinxLCD_LCDWritefb
 *fill*         0x0000000000016ad4        0xc 
 .text.MinxAudio_Create
                0x0000000000016ae0       0x94 CMakeFiles/PokeMini_DEVICE.dir/Users/pomettini/Git/pokemini/source/MinxAudio.c.obj
                0x0000000000016ae0                MinxAudio_Create
 *fill*         0x0000000000016b74        0xc 
 .text.MinxAudio_Destroy
                0x0000000000016b80       0x18 CMakeFiles/PokeMini_DEVICE.dir/Users/pomettini/Git/pokemini/source/MinxAudio.c.obj
                0x0000000000016b80                MinxAudio_Destroy
 *fill*         0x0000000000016b98        0x8 
 .text.MinxAudio_Reset
                0x0000000000016ba0       0x10 CMakeFiles/PokeMini_DEVICE.dir/Users/pomettini/Git/pokemini/source/MinxAudio.c.obj
                0x0000000000016ba0                MinxAudio_Reset
 .text.MinxAudio_SaveState
                0x0000000000016bb0       0xdc CMakeFiles/PokeMini_DEVICE.dir/Users/pomettini/Git/pokemini/source/MinxAudio.c.obj
                0x0000000000016bb0                MinxAudio_SaveState
 *fill*         0x0000000000016c8c        0x4 
 .text.MinxAudio_ChangeFilter
                0x0000000000016c90        0xc CMakeFiles/PokeMini_DEVICE.dir/Users/pomettini/Git/pokemini/source/MinxAudio.c.obj
                0x0000000000016c90                MinxAudio_ChangeFilter
 *fill*         0x0000000000016c9c        0x4 
 .text.MinxAudio_ReadReg
                0x0000000000016ca0       0x2c CMakeFiles/PokeMini_DEVICE.dir/Users/pomettini/Git/pokemini/source/MinxAudio.c.obj
                0x0000000000016ca0                MinxAudio_ReadReg
 *fill*         0x0000000000016ccc        0x4 
 .text.MinxAudio_WriteReg
                0x0000000000016cd0       0x74 CMakeFiles/PokeMini_DEVICE.dir/Users/pomettini/Git/pokemini/source/MinxAudio.c.obj
                0x0000000000016cd0                MinxAudio_WriteReg
 *fill*         0x0000000000016d44        0xc 
 .text.MinxAudio_GetEmulated
                0x0000000000016d50       0x94 CMakeFiles/PokeMini_DEVICE.dir/Users/pomettini/Git/pokemini/source/MinxAudio.c.obj
                0x0000000000016d50                MinxAudio_GetEmulated
 *fill*         0x0000000000016de4        0xc 
 .text.MinxAudio_PiezoFilter
                0x0000000000016df0       0xb4 CMakeFiles/PokeMini_DEVICE.dir/Users/pomettini/Git/pokemini/source/MinxAudio.c.obj
                0x0000000000016df0                MinxAudio_PiezoFilter
 *fill*         0x0000000000016ea4        0xc 
 .text.MinxAudio_Sync
                0x0000000000016eb0       0xa0 CMakeFiles/PokeMini_DEVICE.dir/Users/pomettini/Git/pokemini/source/MinxAudio.c.obj
                0x0000000000016eb0                MinxAudio_Sync
 .text.MinxAudio_GenerateEmulatedS16.part.0
                0x0000000000016f50      0x120 CMakeFiles/PokeMini_DEVICE.dir/Users/pomettini/Git/pokemini/source/MinxAudio.c.obj
 .text.MinxAudio_GenerateEmulatedS16
                0x0000000000017070        0xc CMakeFiles/PokeMini_DEVICE.dir/Users/pomettini/Git/pokemini/source/MinxAudio.c.obj
                0x0000000000017070                MinxAudio_GenerateEmulatedS16
 *fill*         0x000000000001707c        0x4 
 .text.UIMenu_Destroy
                0x0000000000017080       0x20 CMakeFiles/PokeMini_DEVICE.dir/Users/pomettini/Git/pokemini/source/UI.c.obj
                0x0000000000017080                UIMenu_Destroy
 .text.UIMenu_KeyEvent
                0x00000000000170a0       0x40 CMakeFiles/PokeMini_DEVICE.dir/Users/pomettini/Git/pokemini/source/UI.c.obj
                0x00000000000170a0                UIMenu_KeyEvent
 .text.UIMenu_LoadItems
                0x00000000000170e0       0x68 CMakeFiles/PokeMini_DEVICE.dir/Users/pomettini/Git/pokemini/source/UI.c.obj
                0x00000000000170e0                UIMenu_LoadItems
 *fill*         0x0000000000017148        0x8 
 .text.UIMenu_Init
                0x0000000000017150       0x5c CMakeFiles/PokeMini_DEVICE.dir/Users/pomettini/Git/pokemini/source/UI.c.obj
                0x0000000000017150                UIMenu_Init
 *fill*         0x00000000000171ac        0x4 
 .text.UIMenu_PrevMenu
                0x00000000000171b0       0x70 CMakeFiles/PokeMini_DEVICE.dir/Users/pomettini/Git/pokemini/source/UI.c.obj
                0x00000000000171b0                UIMenu_PrevMenu
 .text.UIMenu_ChangeItem
                0x0000000000017220       0x58 CMakeFiles/PokeMini_DEVICE.dir/Users/pomettini/Git/pokemini/source/UI.c.obj
                0x0000000000017220                UIMenu_ChangeItem
 *fill*         0x0000000000017278        0x8 
 .text.UIItems_PalEditC
                0x0000000000017280      0x228 CMakeFiles/PokeMini_DEVICE.dir/Users/pomettini/Git/pokemini/source/UI.c.obj
                0x0000000000017280                UIItems_PalEditC
 *fill*         0x00000000000174a8        0x8 
 .text.UIMenu_SetMessage
                0x00000000000174b0       0x38 CMakeFiles/PokeMini_DEVICE.dir/Users/pomettini/Git/pokemini/source/UI.c.obj
                0x00000000000174b0                UIMenu_SetMessage
 *fill*         0x00000000000174e8        0x8 
 .text.UIItems_MainMenuC
                0x00000000000174f0      0x35c CMakeFiles/PokeMini_DEVICE.dir/Users/pomettini/Git/pokemini/source/UI.c.obj
                0x00000000000174f0                UIItems_MainMenuC
 *fill*         0x000000000001784c        0x4 
 .text.UIItems_OptionsC
                0x0000000000017850      0x7a0 CMakeFiles/PokeMini_DEVICE.dir/Users/pomettini/Git/pokemini/source/UI.c.obj
                0x0000000000017850                UIItems_OptionsC
 .text.UIItems_PlatformDefC
                0x0000000000017ff0       0x8c CMakeFiles/PokeMini_DEVICE.dir/Users/pomettini/Git/pokemini/source/UI.c.obj
                0x0000000000017ff0                UIItems_PlatformDefC
 *fill*         0x000000000001807c        0x4 
 .text.JoystickSetup
                0x0000000000018080       0x68 CMakeFiles/PokeMini_DEVICE.dir/Users/pomettini/Git/pokemini/source/Joystick.c.obj
                0x0000000000018080                JoystickSetup
 *fill*         0x00000000000180e8        0x8 
 .text.JoystickButtonsEvent
                0x00000000000180f0       0x70 CMakeFiles/PokeMini_DEVICE.dir/Users/pomettini/Git/pokemini/source/Joystick.c.obj
                0x00000000000180f0                JoystickButtonsEvent
 .text.eventHandlerShim
                0x0000000000018160       0x1c CMakeFiles/PokeMini_DEVICE.dir/Users/pomettini/Developer/PlaydateSDK/C_API/buildsupport/setup.c.obj
                0x0000000000018160                eventHandlerShim
 *fill*         0x000000000001817c        0x4 
 .text._malloc_r
                0x0000000000018180        0xc CMakeFiles/PokeMini_DEVICE.dir/Users/pomettini/Developer/PlaydateSDK/C_API/buildsupport/setup.c.obj
                0x0000000000018180                _malloc_r
 *fill*         0x000000000001818c        0x4 
 .text._realloc_r
                0x0000000000018190       0x10 CMakeFiles/PokeMini_DEVICE.dir/Users/pomettini/Developer/PlaydateSDK/C_API/buildsupport/setup.c.obj
                0x0000000000018190                _realloc_r
 .text._free_r  0x00000000000181a0       0x14 CMakeFiles/PokeMini_DEVICE.dir/Users/pomettini/Developer/PlaydateSDK/C_API/buildsupport/setup.c.obj
                0x00000000000181a0                _free_r
 .text.calloc   0x00000000000181b4       0x10 /usr/local/playdate/gcc-arm-none-eabi-9-2019-q4-major/bin/../lib/gcc/arm-none-eabi/9.2.1/../../../../arm-none-eabi/lib/thumb/v7e-m+fp/hard/libg.a(lib_a-calloc.o)
                0x00000000000181b4                calloc
 .text._calloc_r
                0x00000000000181c4       0x60 /usr/local/playdate/gcc-arm-none-eabi-9-2019-q4-major/bin/../lib/gcc/arm-none-eabi/9.2.1/../../../../arm-none-eabi/lib/thumb/v7e-m+fp/hard/libg.a(lib_a-callocr.o)
                0x00000000000181c4                _calloc_r
 .text._fclose_r
                0x0000000000018224       0xcc /usr/local/playdate/gcc-arm-none-eabi-9-2019-q4-major/bin/../lib/gcc/arm-none-eabi/9.2.1/../../../../arm-none-eabi/lib/thumb/v7e-m+fp/hard/libg.a(lib_a-fclose.o)
                0x0000000000018224                _fclose_r
 .text.fclose   0x00000000000182f0       0x10 /usr/local/playdate/gcc-arm-none-eabi-9-2019-q4-major/bin/../lib/gcc/arm-none-eabi/9.2.1/../../../../arm-none-eabi/lib/thumb/v7e-m+fp/hard/libg.a(lib_a-fclose.o)
                0x00000000000182f0                fclose
 .text.__sflush_r
                0x0000000000018300      0x130 /usr/local/playdate/gcc-arm-none-eabi-9-2019-q4-major/bin/../lib/gcc/arm-none-eabi/9.2.1/../../../../arm-none-eabi/lib/thumb/v7e-m+fp/hard/libg.a(lib_a-fflush.o)
                0x0000000000018300                __sflush_r
 .text._fflush_r
                0x0000000000018430       0x5c /usr/local/playdate/gcc-arm-none-eabi-9-2019-q4-major/bin/../lib/gcc/arm-none-eabi/9.2.1/../../../../arm-none-eabi/lib/thumb/v7e-m+fp/hard/libg.a(lib_a-fflush.o)
                0x0000000000018430                _fflush_r
 .text.fflush   0x000000000001848c       0x24 /usr/local/playdate/gcc-arm-none-eabi-9-2019-q4-major/bin/../lib/gcc/arm-none-eabi/9.2.1/../../../../arm-none-eabi/lib/thumb/v7e-m+fp/hard/libg.a(lib_a-fflush.o)
                0x000000000001848c                fflush
 .text.std      0x00000000000184b0       0x50 /usr/local/playdate/gcc-arm-none-eabi-9-2019-q4-major/bin/../lib/gcc/arm-none-eabi/9.2.1/../../../../arm-none-eabi/lib/thumb/v7e-m+fp/hard/libg.a(lib_a-findfp.o)
 .text._cleanup_r
                0x0000000000018500        0xc /usr/local/playdate/gcc-arm-none-eabi-9-2019-q4-major/bin/../lib/gcc/arm-none-eabi/9.2.1/../../../../arm-none-eabi/lib/thumb/v7e-m+fp/hard/libg.a(lib_a-findfp.o)
                0x0000000000018500                _cleanup_r
 .text.__sfmoreglue
                0x000000000001850c       0x30 /usr/local/playdate/gcc-arm-none-eabi-9-2019-q4-major/bin/../lib/gcc/arm-none-eabi/9.2.1/../../../../arm-none-eabi/lib/thumb/v7e-m+fp/hard/libg.a(lib_a-findfp.o)
                0x000000000001850c                __sfmoreglue
 .text.__sinit  0x000000000001853c       0x54 /usr/local/playdate/gcc-arm-none-eabi-9-2019-q4-major/bin/../lib/gcc/arm-none-eabi/9.2.1/../../../../arm-none-eabi/lib/thumb/v7e-m+fp/hard/libg.a(lib_a-findfp.o)
                0x000000000001853c                __sinit
 .text.__sfp    0x0000000000018590       0xa4 /usr/local/playdate/gcc-arm-none-eabi-9-2019-q4-major/bin/../lib/gcc/arm-none-eabi/9.2.1/../../../../arm-none-eabi/lib/thumb/v7e-m+fp/hard/libg.a(lib_a-findfp.o)
                0x0000000000018590                __sfp
 .text.__sfp_lock_acquire
                0x0000000000018634        0xc /usr/local/playdate/gcc-arm-none-eabi-9-2019-q4-major/bin/../lib/gcc/arm-none-eabi/9.2.1/../../../../arm-none-eabi/lib/thumb/v7e-m+fp/hard/libg.a(lib_a-findfp.o)
                0x0000000000018634                __sfp_lock_acquire
 .text.__sfp_lock_release
                0x0000000000018640        0xc /usr/local/playdate/gcc-arm-none-eabi-9-2019-q4-major/bin/../lib/gcc/arm-none-eabi/9.2.1/../../../../arm-none-eabi/lib/thumb/v7e-m+fp/hard/libg.a(lib_a-findfp.o)
                0x0000000000018640                __sfp_lock_release
 .text._fopen_r
                0x000000000001864c       0xbc /usr/local/playdate/gcc-arm-none-eabi-9-2019-q4-major/bin/../lib/gcc/arm-none-eabi/9.2.1/../../../../arm-none-eabi/lib/thumb/v7e-m+fp/hard/libg.a(lib_a-fopen.o)
                0x000000000001864c                _fopen_r
 .text.fopen    0x0000000000018708       0x10 /usr/local/playdate/gcc-arm-none-eabi-9-2019-q4-major/bin/../lib/gcc/arm-none-eabi/9.2.1/../../../../arm-none-eabi/lib/thumb/v7e-m+fp/hard/libg.a(lib_a-fopen.o)
                0x0000000000018708                fopen
 .text.fprintf  0x0000000000018718       0x28 /usr/local/playdate/gcc-arm-none-eabi-9-2019-q4-major/bin/../lib/gcc/arm-none-eabi/9.2.1/../../../../arm-none-eabi/lib/thumb/v7e-m+fp/hard/libg.a(lib_a-fprintf.o)
                0x0000000000018718                fprintf
 .text._fputs_r
                0x0000000000018740       0x88 /usr/local/playdate/gcc-arm-none-eabi-9-2019-q4-major/bin/../lib/gcc/arm-none-eabi/9.2.1/../../../../arm-none-eabi/lib/thumb/v7e-m+fp/hard/libg.a(lib_a-fputs.o)
                0x0000000000018740                _fputs_r
 .text.fputs    0x00000000000187c8       0x10 /usr/local/playdate/gcc-arm-none-eabi-9-2019-q4-major/bin/../lib/gcc/arm-none-eabi/9.2.1/../../../../arm-none-eabi/lib/thumb/v7e-m+fp/hard/libg.a(lib_a-fputs.o)
                0x00000000000187c8                fputs
 .text._fread_r
                0x00000000000187d8      0x1b4 /usr/local/playdate/gcc-arm-none-eabi-9-2019-q4-major/bin/../lib/gcc/arm-none-eabi/9.2.1/../../../../arm-none-eabi/lib/thumb/v7e-m+fp/hard/libg.a(lib_a-fread.o)
                0x00000000000187d8                _fread_r
 .text.fread    0x000000000001898c       0x20 /usr/local/playdate/gcc-arm-none-eabi-9-2019-q4-major/bin/../lib/gcc/arm-none-eabi/9.2.1/../../../../arm-none-eabi/lib/thumb/v7e-m+fp/hard/libg.a(lib_a-fread.o)
                0x000000000001898c                fread
 .text._fseek_r
                0x00000000000189ac        0x4 /usr/local/playdate/gcc-arm-none-eabi-9-2019-q4-major/bin/../lib/gcc/arm-none-eabi/9.2.1/../../../../arm-none-eabi/lib/thumb/v7e-m+fp/hard/libg.a(lib_a-fseek.o)
                0x00000000000189ac                _fseek_r
 .text.fseek    0x00000000000189b0       0x18 /usr/local/playdate/gcc-arm-none-eabi-9-2019-q4-major/bin/../lib/gcc/arm-none-eabi/9.2.1/../../../../arm-none-eabi/lib/thumb/v7e-m+fp/hard/libg.a(lib_a-fseek.o)
                0x00000000000189b0                fseek
 .text._fseeko_r
                0x00000000000189c8      0x324 /usr/local/playdate/gcc-arm-none-eabi-9-2019-q4-major/bin/../lib/gcc/arm-none-eabi/9.2.1/../../../../arm-none-eabi/lib/thumb/v7e-m+fp/hard/libg.a(lib_a-fseeko.o)
                0x00000000000189c8                _fseeko_r
 .text._fstat_r
                0x0000000000018cec       0x2c /usr/local/playdate/gcc-arm-none-eabi-9-2019-q4-major/bin/../lib/gcc/arm-none-eabi/9.2.1/../../../../arm-none-eabi/lib/thumb/v7e-m+fp/hard/libg.a(lib_a-fstatr.o)
                0x0000000000018cec                _fstat_r
 .text.__sfvwrite_r
                0x0000000000018d18      0x2e0 /usr/local/playdate/gcc-arm-none-eabi-9-2019-q4-major/bin/../lib/gcc/arm-none-eabi/9.2.1/../../../../arm-none-eabi/lib/thumb/v7e-m+fp/hard/libg.a(lib_a-fvwrite.o)
                0x0000000000018d18                __sfvwrite_r
 .text._fwalk   0x0000000000018ff8       0x40 /usr/local/playdate/gcc-arm-none-eabi-9-2019-q4-major/bin/../lib/gcc/arm-none-eabi/9.2.1/../../../../arm-none-eabi/lib/thumb/v7e-m+fp/hard/libg.a(lib_a-fwalk.o)
                0x0000000000018ff8                _fwalk
 .text._fwalk_reent
                0x0000000000019038       0x48 /usr/local/playdate/gcc-arm-none-eabi-9-2019-q4-major/bin/../lib/gcc/arm-none-eabi/9.2.1/../../../../arm-none-eabi/lib/thumb/v7e-m+fp/hard/libg.a(lib_a-fwalk.o)
                0x0000000000019038                _fwalk_reent
 .text._fwrite_r
                0x0000000000019080       0xa8 /usr/local/playdate/gcc-arm-none-eabi-9-2019-q4-major/bin/../lib/gcc/arm-none-eabi/9.2.1/../../../../arm-none-eabi/lib/thumb/v7e-m+fp/hard/libg.a(lib_a-fwrite.o)
                0x0000000000019080                _fwrite_r
 .text.fwrite   0x0000000000019128       0x20 /usr/local/playdate/gcc-arm-none-eabi-9-2019-q4-major/bin/../lib/gcc/arm-none-eabi/9.2.1/../../../../arm-none-eabi/lib/thumb/v7e-m+fp/hard/libg.a(lib_a-fwrite.o)
                0x0000000000019128                fwrite
 .text.localtime
                0x0000000000019148       0x10 /usr/local/playdate/gcc-arm-none-eabi-9-2019-q4-major/bin/../lib/gcc/arm-none-eabi/9.2.1/../../../../arm-none-eabi/lib/thumb/v7e-m+fp/hard/libg.a(lib_a-lcltime.o)
                0x0000000000019148                localtime
 .text.localtime_r
                0x0000000000019158      0x240 /usr/local/playdate/gcc-arm-none-eabi-9-2019-q4-major/bin/../lib/gcc/arm-none-eabi/9.2.1/../../../../arm-none-eabi/lib/thumb/v7e-m+fp/hard/libg.a(lib_a-lcltime_r.o)
                0x0000000000019158                localtime_r
 .text.__retarget_lock_init_recursive
                0x0000000000019398        0x4 /usr/local/playdate/gcc-arm-none-eabi-9-2019-q4-major/bin/../lib/gcc/arm-none-eabi/9.2.1/../../../../arm-none-eabi/lib/thumb/v7e-m+fp/hard/libg.a(lib_a-lock.o)
                0x0000000000019398                __retarget_lock_init_recursive
 .text.__retarget_lock_close_recursive
                0x000000000001939c        0x4 /usr/local/playdate/gcc-arm-none-eabi-9-2019-q4-major/bin/../lib/gcc/arm-none-eabi/9.2.1/../../../../arm-none-eabi/lib/thumb/v7e-m+fp/hard/libg.a(lib_a-lock.o)
                0x000000000001939c                __retarget_lock_close_recursive
 .text.__retarget_lock_acquire
                0x00000000000193a0        0x4 /usr/local/playdate/gcc-arm-none-eabi-9-2019-q4-major/bin/../lib/gcc/arm-none-eabi/9.2.1/../../../../arm-none-eabi/lib/thumb/v7e-m+fp/hard/libg.a(lib_a-lock.o)
                0x00000000000193a0                __retarget_lock_acquire
 .text.__retarget_lock_acquire_recursive
                0x00000000000193a4        0x4 /usr/local/playdate/gcc-arm-none-eabi-9-2019-q4-major/bin/../lib/gcc/arm-none-eabi/9.2.1/../../../../arm-none-eabi/lib/thumb/v7e-m+fp/hard/libg.a(lib_a-lock.o)
                0x00000000000193a4                __retarget_lock_acquire_recursive
 .text.__retarget_lock_release
                0x00000000000193a8        0x4 /usr/local/playdate/gcc-arm-none-eabi-9-2019-q4-major/bin/../lib/gcc/arm-none-eabi/9.2.1/../../../../arm-none-eabi/lib/thumb/v7e-m+fp/hard/libg.a(lib_a-lock.o)
                0x00000000000193a8                __retarget_lock_release
 .text.__retarget_lock_release_recursive
                0x00000000000193ac        0x4 /usr/local/playdate/gcc-arm-none-eabi-9-2019-q4-major/bin/../lib/gcc/arm-none-eabi/9.2.1/../../../../arm-none-eabi/lib/thumb/v7e-m+fp/hard/libg.a(lib_a-lock.o)
                0x00000000000193ac                __retarget_lock_release_recursive
 .text.__swhatbuf_r
                0x00000000000193b0       0x5c /usr/local/playdate/gcc-arm-none-eabi-9-2019-q4-major/bin/../lib/gcc/arm-none-eabi/9.2.1/../../../../arm-none-eabi/lib/thumb/v7e-m+fp/hard/libg.a(lib_a-makebuf.o)
                0x00000000000193b0                __swhatbuf_r
 .text.__smakebuf_r
                0x000000000001940c       0x98 /usr/local/playdate/gcc-arm-none-eabi-9-2019-q4-major/bin/../lib/gcc/arm-none-eabi/9.2.1/../../../../arm-none-eabi/lib/thumb/v7e-m+fp/hard/libg.a(lib_a-makebuf.o)
                0x000000000001940c                __smakebuf_r
 .text.malloc   0x00000000000194a4       0x10 /usr/local/playdate/gcc-arm-none-eabi-9-2019-q4-major/bin/../lib/gcc/arm-none-eabi/9.2.1/../../../../arm-none-eabi/lib/thumb/v7e-m+fp/hard/libg.a(lib_a-malloc.o)
                0x00000000000194a4                malloc
 .text.free     0x00000000000194b4       0x10 /usr/local/playdate/gcc-arm-none-eabi-9-2019-q4-major/bin/../lib/gcc/arm-none-eabi/9.2.1/../../../../arm-none-eabi/lib/thumb/v7e-m+fp/hard/libg.a(lib_a-malloc.o)
                0x00000000000194b4                free
 .text.memmove  0x00000000000194c4       0xd8 /usr/local/playdate/gcc-arm-none-eabi-9-2019-q4-major/bin/../lib/gcc/arm-none-eabi/9.2.1/../../../../arm-none-eabi/lib/thumb/v7e-m+fp/hard/libg.a(lib_a-memmove.o)
                0x00000000000194c4                memmove
 .text.memset   0x000000000001959c       0xa0 /usr/local/playdate/gcc-arm-none-eabi-9-2019-q4-major/bin/../lib/gcc/arm-none-eabi/9.2.1/../../../../arm-none-eabi/lib/thumb/v7e-m+fp/hard/libg.a(lib_a-memset.o)
                0x000000000001959c                memset
 .text._open_r  0x000000000001963c       0x2c /usr/local/playdate/gcc-arm-none-eabi-9-2019-q4-major/bin/../lib/gcc/arm-none-eabi/9.2.1/../../../../arm-none-eabi/lib/thumb/v7e-m+fp/hard/libg.a(lib_a-openr.o)
                0x000000000001963c                _open_r
 .text.printf   0x0000000000019668       0x28 /usr/local/playdate/gcc-arm-none-eabi-9-2019-q4-major/bin/../lib/gcc/arm-none-eabi/9.2.1/../../../../arm-none-eabi/lib/thumb/v7e-m+fp/hard/libg.a(lib_a-printf.o)
                0x0000000000019668                printf
 .text.lflush   0x0000000000019690       0x14 /usr/local/playdate/gcc-arm-none-eabi-9-2019-q4-major/bin/../lib/gcc/arm-none-eabi/9.2.1/../../../../arm-none-eabi/lib/thumb/v7e-m+fp/hard/libg.a(lib_a-refill.o)
 .text.__srefill_r
                0x00000000000196a4      0x114 /usr/local/playdate/gcc-arm-none-eabi-9-2019-q4-major/bin/../lib/gcc/arm-none-eabi/9.2.1/../../../../arm-none-eabi/lib/thumb/v7e-m+fp/hard/libg.a(lib_a-refill.o)
                0x00000000000196a4                __srefill_r
 .text.sprintf  0x00000000000197b8       0x44 /usr/local/playdate/gcc-arm-none-eabi-9-2019-q4-major/bin/../lib/gcc/arm-none-eabi/9.2.1/../../../../arm-none-eabi/lib/thumb/v7e-m+fp/hard/libg.a(lib_a-sprintf.o)
                0x00000000000197b8                sprintf
 .text.__sread  0x00000000000197fc       0x24 /usr/local/playdate/gcc-arm-none-eabi-9-2019-q4-major/bin/../lib/gcc/arm-none-eabi/9.2.1/../../../../arm-none-eabi/lib/thumb/v7e-m+fp/hard/libg.a(lib_a-stdio.o)
                0x00000000000197fc                __sread
 .text.__seofread
                0x0000000000019820        0x4 /usr/local/playdate/gcc-arm-none-eabi-9-2019-q4-major/bin/../lib/gcc/arm-none-eabi/9.2.1/../../../../arm-none-eabi/lib/thumb/v7e-m+fp/hard/libg.a(lib_a-stdio.o)
                0x0000000000019820                __seofread
 .text.__swrite
                0x0000000000019824       0x40 /usr/local/playdate/gcc-arm-none-eabi-9-2019-q4-major/bin/../lib/gcc/arm-none-eabi/9.2.1/../../../../arm-none-eabi/lib/thumb/v7e-m+fp/hard/libg.a(lib_a-stdio.o)
                0x0000000000019824                __swrite
 .text.__sseek  0x0000000000019864       0x20 /usr/local/playdate/gcc-arm-none-eabi-9-2019-q4-major/bin/../lib/gcc/arm-none-eabi/9.2.1/../../../../arm-none-eabi/lib/thumb/v7e-m+fp/hard/libg.a(lib_a-stdio.o)
                0x0000000000019864                __sseek
 .text.__sclose
                0x0000000000019884        0x8 /usr/local/playdate/gcc-arm-none-eabi-9-2019-q4-major/bin/../lib/gcc/arm-none-eabi/9.2.1/../../../../arm-none-eabi/lib/thumb/v7e-m+fp/hard/libg.a(lib_a-stdio.o)
                0x0000000000019884                __sclose
 .text.strcpy   0x000000000001988c       0xbc /usr/local/playdate/gcc-arm-none-eabi-9-2019-q4-major/bin/../lib/gcc/arm-none-eabi/9.2.1/../../../../arm-none-eabi/lib/thumb/v7e-m+fp/hard/libg.a(lib_a-strcpy.o)
                0x000000000001988c                strcpy
 .text.strncpy  0x0000000000019948       0x68 /usr/local/playdate/gcc-arm-none-eabi-9-2019-q4-major/bin/../lib/gcc/arm-none-eabi/9.2.1/../../../../arm-none-eabi/lib/thumb/v7e-m+fp/hard/libg.a(lib_a-strncpy.o)
                0x0000000000019948                strncpy
 .text._svfprintf_r
                0x00000000000199b0     0x1b38 /usr/local/playdate/gcc-arm-none-eabi-9-2019-q4-major/bin/../lib/gcc/arm-none-eabi/9.2.1/../../../../arm-none-eabi/lib/thumb/v7e-m+fp/hard/libg.a(lib_a-svfprintf.o)
                0x00000000000199b0                _svfprintf_r
 .text.time     0x000000000001b4e8       0x30 /usr/local/playdate/gcc-arm-none-eabi-9-2019-q4-major/bin/../lib/gcc/arm-none-eabi/9.2.1/../../../../arm-none-eabi/lib/thumb/v7e-m+fp/hard/libg.a(lib_a-time.o)
                0x000000000001b4e8                time
 .text.__tzcalc_limits
                0x000000000001b518      0x194 /usr/local/playdate/gcc-arm-none-eabi-9-2019-q4-major/bin/../lib/gcc/arm-none-eabi/9.2.1/../../../../arm-none-eabi/lib/thumb/v7e-m+fp/hard/libg.a(lib_a-tzcalc_limits.o)
                0x000000000001b518                __tzcalc_limits
 .text.__tz_lock
                0x000000000001b6ac        0xc /usr/local/playdate/gcc-arm-none-eabi-9-2019-q4-major/bin/../lib/gcc/arm-none-eabi/9.2.1/../../../../arm-none-eabi/lib/thumb/v7e-m+fp/hard/libg.a(lib_a-tzlock.o)
                0x000000000001b6ac                __tz_lock
 .text.__tz_unlock
                0x000000000001b6b8        0xc /usr/local/playdate/gcc-arm-none-eabi-9-2019-q4-major/bin/../lib/gcc/arm-none-eabi/9.2.1/../../../../arm-none-eabi/lib/thumb/v7e-m+fp/hard/libg.a(lib_a-tzlock.o)
                0x000000000001b6b8                __tz_unlock
 .text._tzset_unlocked
                0x000000000001b6c4        0xc /usr/local/playdate/gcc-arm-none-eabi-9-2019-q4-major/bin/../lib/gcc/arm-none-eabi/9.2.1/../../../../arm-none-eabi/lib/thumb/v7e-m+fp/hard/libg.a(lib_a-tzset.o)
                0x000000000001b6c4                _tzset_unlocked
 .text._tzset_unlocked_r
                0x000000000001b6d0      0x328 /usr/local/playdate/gcc-arm-none-eabi-9-2019-q4-major/bin/../lib/gcc/arm-none-eabi/9.2.1/../../../../arm-none-eabi/lib/thumb/v7e-m+fp/hard/libg.a(lib_a-tzset_r.o)
                0x000000000001b6d0                _tzset_unlocked_r
 .text._vfprintf_r
                0x000000000001b9f8     0x1be0 /usr/local/playdate/gcc-arm-none-eabi-9-2019-q4-major/bin/../lib/gcc/arm-none-eabi/9.2.1/../../../../arm-none-eabi/lib/thumb/v7e-m+fp/hard/libg.a(lib_a-vfprintf.o)
                0x000000000001b9f8                _vfprintf_r
 .text.__sbprintf
                0x000000000001d5d8       0x84 /usr/local/playdate/gcc-arm-none-eabi-9-2019-q4-major/bin/../lib/gcc/arm-none-eabi/9.2.1/../../../../arm-none-eabi/lib/thumb/v7e-m+fp/hard/libg.a(lib_a-vfprintf.o)
 .text._vsprintf_r
                0x000000000001d65c       0x28 /usr/local/playdate/gcc-arm-none-eabi-9-2019-q4-major/bin/../lib/gcc/arm-none-eabi/9.2.1/../../../../arm-none-eabi/lib/thumb/v7e-m+fp/hard/libg.a(lib_a-vsprintf.o)
                0x000000000001d65c                _vsprintf_r
 .text.vsprintf
                0x000000000001d684       0x18 /usr/local/playdate/gcc-arm-none-eabi-9-2019-q4-major/bin/../lib/gcc/arm-none-eabi/9.2.1/../../../../arm-none-eabi/lib/thumb/v7e-m+fp/hard/libg.a(lib_a-vsprintf.o)
                0x000000000001d684                vsprintf
 .text._write_r
                0x000000000001d69c       0x2c /usr/local/playdate/gcc-arm-none-eabi-9-2019-q4-major/bin/../lib/gcc/arm-none-eabi/9.2.1/../../../../arm-none-eabi/lib/thumb/v7e-m+fp/hard/libg.a(lib_a-writer.o)
                0x000000000001d69c                _write_r
 .text.__swsetup_r
                0x000000000001d6c8       0xd0 /usr/local/playdate/gcc-arm-none-eabi-9-2019-q4-major/bin/../lib/gcc/arm-none-eabi/9.2.1/../../../../arm-none-eabi/lib/thumb/v7e-m+fp/hard/libg.a(lib_a-wsetup.o)
                0x000000000001d6c8                __swsetup_r
 .text._close_r
                0x000000000001d798       0x24 /usr/local/playdate/gcc-arm-none-eabi-9-2019-q4-major/bin/../lib/gcc/arm-none-eabi/9.2.1/../../../../arm-none-eabi/lib/thumb/v7e-m+fp/hard/libg.a(lib_a-closer.o)
                0x000000000001d798                _close_r
 .text.quorem   0x000000000001d7bc      0x11c /usr/local/playdate/gcc-arm-none-eabi-9-2019-q4-major/bin/../lib/gcc/arm-none-eabi/9.2.1/../../../../arm-none-eabi/lib/thumb/v7e-m+fp/hard/libg.a(lib_a-dtoa.o)
 .text._dtoa_r  0x000000000001d8d8      0xeec /usr/local/playdate/gcc-arm-none-eabi-9-2019-q4-major/bin/../lib/gcc/arm-none-eabi/9.2.1/../../../../arm-none-eabi/lib/thumb/v7e-m+fp/hard/libg.a(lib_a-dtoa.o)
                0x000000000001d8d8                _dtoa_r
 .text.__sflags
                0x000000000001e7c4       0x7c /usr/local/playdate/gcc-arm-none-eabi-9-2019-q4-major/bin/../lib/gcc/arm-none-eabi/9.2.1/../../../../arm-none-eabi/lib/thumb/v7e-m+fp/hard/libg.a(lib_a-flags.o)
                0x000000000001e7c4                __sflags
 .text._findenv_r
                0x000000000001e840       0x80 /usr/local/playdate/gcc-arm-none-eabi-9-2019-q4-major/bin/../lib/gcc/arm-none-eabi/9.2.1/../../../../arm-none-eabi/lib/thumb/v7e-m+fp/hard/libg.a(lib_a-getenv_r.o)
                0x000000000001e840                _findenv_r
 .text._getenv_r
                0x000000000001e8c0       0x10 /usr/local/playdate/gcc-arm-none-eabi-9-2019-q4-major/bin/../lib/gcc/arm-none-eabi/9.2.1/../../../../arm-none-eabi/lib/thumb/v7e-m+fp/hard/libg.a(lib_a-getenv_r.o)
                0x000000000001e8c0                _getenv_r
 .text._gettimeofday_r
                0x000000000001e8d0       0x2c /usr/local/playdate/gcc-arm-none-eabi-9-2019-q4-major/bin/../lib/gcc/arm-none-eabi/9.2.1/../../../../arm-none-eabi/lib/thumb/v7e-m+fp/hard/libg.a(lib_a-gettimeofdayr.o)
                0x000000000001e8d0                _gettimeofday_r
 .text.__gettzinfo
                0x000000000001e8fc        0x8 /usr/local/playdate/gcc-arm-none-eabi-9-2019-q4-major/bin/../lib/gcc/arm-none-eabi/9.2.1/../../../../arm-none-eabi/lib/thumb/v7e-m+fp/hard/libg.a(lib_a-gettzinfo.o)
                0x000000000001e8fc                __gettzinfo
 .text.gmtime_r
                0x000000000001e904      0x1cc /usr/local/playdate/gcc-arm-none-eabi-9-2019-q4-major/bin/../lib/gcc/arm-none-eabi/9.2.1/../../../../arm-none-eabi/lib/thumb/v7e-m+fp/hard/libg.a(lib_a-gmtime_r.o)
                0x000000000001e904                gmtime_r
 .text._isatty_r
                0x000000000001ead0       0x24 /usr/local/playdate/gcc-arm-none-eabi-9-2019-q4-major/bin/../lib/gcc/arm-none-eabi/9.2.1/../../../../arm-none-eabi/lib/thumb/v7e-m+fp/hard/libg.a(lib_a-isattyr.o)
                0x000000000001ead0                _isatty_r
 .text.iswspace
                0x000000000001eaf4        0x8 /usr/local/playdate/gcc-arm-none-eabi-9-2019-q4-major/bin/../lib/gcc/arm-none-eabi/9.2.1/../../../../arm-none-eabi/lib/thumb/v7e-m+fp/hard/libg.a(lib_a-iswspace.o)
                0x000000000001eaf4                iswspace
 .text.iswspace_l
                0x000000000001eafc       0x14 /usr/local/playdate/gcc-arm-none-eabi-9-2019-q4-major/bin/../lib/gcc/arm-none-eabi/9.2.1/../../../../arm-none-eabi/lib/thumb/v7e-m+fp/hard/libg.a(lib_a-iswspace_l.o)
                0x000000000001eafc                iswspace_l
 .text.__locale_mb_cur_max
                0x000000000001eb10        0xc /usr/local/playdate/gcc-arm-none-eabi-9-2019-q4-major/bin/../lib/gcc/arm-none-eabi/9.2.1/../../../../arm-none-eabi/lib/thumb/v7e-m+fp/hard/libg.a(lib_a-locale.o)
                0x000000000001eb10                __locale_mb_cur_max
 .text._localeconv_r
                0x000000000001eb1c        0x8 /usr/local/playdate/gcc-arm-none-eabi-9-2019-q4-major/bin/../lib/gcc/arm-none-eabi/9.2.1/../../../../arm-none-eabi/lib/thumb/v7e-m+fp/hard/libg.a(lib_a-localeconv.o)
                0x000000000001eb1c                _localeconv_r
 .text._lseek_r
                0x000000000001eb24       0x2c /usr/local/playdate/gcc-arm-none-eabi-9-2019-q4-major/bin/../lib/gcc/arm-none-eabi/9.2.1/../../../../arm-none-eabi/lib/thumb/v7e-m+fp/hard/libg.a(lib_a-lseekr.o)
                0x000000000001eb24                _lseek_r
 .text._mbrtowc_r
                0x000000000001eb50       0x44 /usr/local/playdate/gcc-arm-none-eabi-9-2019-q4-major/bin/../lib/gcc/arm-none-eabi/9.2.1/../../../../arm-none-eabi/lib/thumb/v7e-m+fp/hard/libg.a(lib_a-mbrtowc.o)
                0x000000000001eb50                _mbrtowc_r
 .text.__ascii_mbtowc
                0x000000000001eb94       0x2c /usr/local/playdate/gcc-arm-none-eabi-9-2019-q4-major/bin/../lib/gcc/arm-none-eabi/9.2.1/../../../../arm-none-eabi/lib/thumb/v7e-m+fp/hard/libg.a(lib_a-mbtowc_r.o)
                0x000000000001eb94                __ascii_mbtowc
 .text._Balloc  0x000000000001ebc0       0x4c /usr/local/playdate/gcc-arm-none-eabi-9-2019-q4-major/bin/../lib/gcc/arm-none-eabi/9.2.1/../../../../arm-none-eabi/lib/thumb/v7e-m+fp/hard/libg.a(lib_a-mprec.o)
                0x000000000001ebc0                _Balloc
 .text._Bfree   0x000000000001ec0c       0x14 /usr/local/playdate/gcc-arm-none-eabi-9-2019-q4-major/bin/../lib/gcc/arm-none-eabi/9.2.1/../../../../arm-none-eabi/lib/thumb/v7e-m+fp/hard/libg.a(lib_a-mprec.o)
                0x000000000001ec0c                _Bfree
 .text.__multadd
                0x000000000001ec20       0x8c /usr/local/playdate/gcc-arm-none-eabi-9-2019-q4-major/bin/../lib/gcc/arm-none-eabi/9.2.1/../../../../arm-none-eabi/lib/thumb/v7e-m+fp/hard/libg.a(lib_a-mprec.o)
                0x000000000001ec20                __multadd
 .text.__hi0bits
                0x000000000001ecac       0x40 /usr/local/playdate/gcc-arm-none-eabi-9-2019-q4-major/bin/../lib/gcc/arm-none-eabi/9.2.1/../../../../arm-none-eabi/lib/thumb/v7e-m+fp/hard/libg.a(lib_a-mprec.o)
                0x000000000001ecac                __hi0bits
 .text.__lo0bits
                0x000000000001ecec       0x60 /usr/local/playdate/gcc-arm-none-eabi-9-2019-q4-major/bin/../lib/gcc/arm-none-eabi/9.2.1/../../../../arm-none-eabi/lib/thumb/v7e-m+fp/hard/libg.a(lib_a-mprec.o)
                0x000000000001ecec                __lo0bits
 .text.__i2b    0x000000000001ed4c       0x14 /usr/local/playdate/gcc-arm-none-eabi-9-2019-q4-major/bin/../lib/gcc/arm-none-eabi/9.2.1/../../../../arm-none-eabi/lib/thumb/v7e-m+fp/hard/libg.a(lib_a-mprec.o)
                0x000000000001ed4c                __i2b
 .text.__multiply
                0x000000000001ed60      0x144 /usr/local/playdate/gcc-arm-none-eabi-9-2019-q4-major/bin/../lib/gcc/arm-none-eabi/9.2.1/../../../../arm-none-eabi/lib/thumb/v7e-m+fp/hard/libg.a(lib_a-mprec.o)
                0x000000000001ed60                __multiply
 .text.__pow5mult
                0x000000000001eea4       0xa0 /usr/local/playdate/gcc-arm-none-eabi-9-2019-q4-major/bin/../lib/gcc/arm-none-eabi/9.2.1/../../../../arm-none-eabi/lib/thumb/v7e-m+fp/hard/libg.a(lib_a-mprec.o)
                0x000000000001eea4                __pow5mult
 .text.__lshift
                0x000000000001ef44       0xd4 /usr/local/playdate/gcc-arm-none-eabi-9-2019-q4-major/bin/../lib/gcc/arm-none-eabi/9.2.1/../../../../arm-none-eabi/lib/thumb/v7e-m+fp/hard/libg.a(lib_a-mprec.o)
                0x000000000001ef44                __lshift
 .text.__mcmp   0x000000000001f018       0x3c /usr/local/playdate/gcc-arm-none-eabi-9-2019-q4-major/bin/../lib/gcc/arm-none-eabi/9.2.1/../../../../arm-none-eabi/lib/thumb/v7e-m+fp/hard/libg.a(lib_a-mprec.o)
                0x000000000001f018                __mcmp
 .text.__mdiff  0x000000000001f054      0x138 /usr/local/playdate/gcc-arm-none-eabi-9-2019-q4-major/bin/../lib/gcc/arm-none-eabi/9.2.1/../../../../arm-none-eabi/lib/thumb/v7e-m+fp/hard/libg.a(lib_a-mprec.o)
                0x000000000001f054                __mdiff
 .text.__d2b    0x000000000001f18c       0xbc /usr/local/playdate/gcc-arm-none-eabi-9-2019-q4-major/bin/../lib/gcc/arm-none-eabi/9.2.1/../../../../arm-none-eabi/lib/thumb/v7e-m+fp/hard/libg.a(lib_a-mprec.o)
                0x000000000001f18c                __d2b
 .text._read_r  0x000000000001f248       0x2c /usr/local/playdate/gcc-arm-none-eabi-9-2019-q4-major/bin/../lib/gcc/arm-none-eabi/9.2.1/../../../../arm-none-eabi/lib/thumb/v7e-m+fp/hard/libg.a(lib_a-readr.o)
                0x000000000001f248                _read_r
 .text.realloc  0x000000000001f274       0x10 /usr/local/playdate/gcc-arm-none-eabi-9-2019-q4-major/bin/../lib/gcc/arm-none-eabi/9.2.1/../../../../arm-none-eabi/lib/thumb/v7e-m+fp/hard/libg.a(lib_a-realloc.o)
                0x000000000001f274                realloc
 .text.frexp    0x000000000001f284       0x6c /usr/local/playdate/gcc-arm-none-eabi-9-2019-q4-major/bin/../lib/gcc/arm-none-eabi/9.2.1/../../../../arm-none-eabi/lib/thumb/v7e-m+fp/hard/libg.a(lib_a-s_frexp.o)
                0x000000000001f284                frexp
 .text.__sccl   0x000000000001f2f0       0x88 /usr/local/playdate/gcc-arm-none-eabi-9-2019-q4-major/bin/../lib/gcc/arm-none-eabi/9.2.1/../../../../arm-none-eabi/lib/thumb/v7e-m+fp/hard/libg.a(lib_a-sccl.o)
                0x000000000001f2f0                __sccl
 .text.siscanf  0x000000000001f378       0x58 /usr/local/playdate/gcc-arm-none-eabi-9-2019-q4-major/bin/../lib/gcc/arm-none-eabi/9.2.1/../../../../arm-none-eabi/lib/thumb/v7e-m+fp/hard/libg.a(lib_a-siscanf.o)
                0x000000000001f378                siscanf
 .text.strncmp  0x000000000001f3d0       0x7c /usr/local/playdate/gcc-arm-none-eabi-9-2019-q4-major/bin/../lib/gcc/arm-none-eabi/9.2.1/../../../../arm-none-eabi/lib/thumb/v7e-m+fp/hard/libg.a(lib_a-strncmp.o)
                0x000000000001f3d0                strncmp
 .text._strtol_l.isra.0
                0x000000000001f44c      0x10c /usr/local/playdate/gcc-arm-none-eabi-9-2019-q4-major/bin/../lib/gcc/arm-none-eabi/9.2.1/../../../../arm-none-eabi/lib/thumb/v7e-m+fp/hard/libg.a(lib_a-strtol.o)
 .text._strtol_r
                0x000000000001f558        0x4 /usr/local/playdate/gcc-arm-none-eabi-9-2019-q4-major/bin/../lib/gcc/arm-none-eabi/9.2.1/../../../../arm-none-eabi/lib/thumb/v7e-m+fp/hard/libg.a(lib_a-strtol.o)
                0x000000000001f558                _strtol_r
 .text._strtoll_l.isra.0
                0x000000000001f55c      0x17c /usr/local/playdate/gcc-arm-none-eabi-9-2019-q4-major/bin/../lib/gcc/arm-none-eabi/9.2.1/../../../../arm-none-eabi/lib/thumb/v7e-m+fp/hard/libg.a(lib_a-strtoll.o)
 .text._strtoll_r
                0x000000000001f6d8        0x4 /usr/local/playdate/gcc-arm-none-eabi-9-2019-q4-major/bin/../lib/gcc/arm-none-eabi/9.2.1/../../../../arm-none-eabi/lib/thumb/v7e-m+fp/hard/libg.a(lib_a-strtoll.o)
                0x000000000001f6d8                _strtoll_r
 .text._strtoul_l.isra.0
                0x000000000001f6dc      0x13c /usr/local/playdate/gcc-arm-none-eabi-9-2019-q4-major/bin/../lib/gcc/arm-none-eabi/9.2.1/../../../../arm-none-eabi/lib/thumb/v7e-m+fp/hard/libg.a(lib_a-strtoul.o)
 .text._strtoul_r
                0x000000000001f818        0x4 /usr/local/playdate/gcc-arm-none-eabi-9-2019-q4-major/bin/../lib/gcc/arm-none-eabi/9.2.1/../../../../arm-none-eabi/lib/thumb/v7e-m+fp/hard/libg.a(lib_a-strtoul.o)
                0x000000000001f818                _strtoul_r
 .text.strtoul  0x000000000001f81c       0x18 /usr/local/playdate/gcc-arm-none-eabi-9-2019-q4-major/bin/../lib/gcc/arm-none-eabi/9.2.1/../../../../arm-none-eabi/lib/thumb/v7e-m+fp/hard/libg.a(lib_a-strtoul.o)
                0x000000000001f81c                strtoul
 .text._strtoull_l.isra.0
                0x000000000001f834      0x1b8 /usr/local/playdate/gcc-arm-none-eabi-9-2019-q4-major/bin/../lib/gcc/arm-none-eabi/9.2.1/../../../../arm-none-eabi/lib/thumb/v7e-m+fp/hard/libg.a(lib_a-strtoull.o)
 .text._strtoull_r
                0x000000000001f9ec        0x4 /usr/local/playdate/gcc-arm-none-eabi-9-2019-q4-major/bin/../lib/gcc/arm-none-eabi/9.2.1/../../../../arm-none-eabi/lib/thumb/v7e-m+fp/hard/libg.a(lib_a-strtoull.o)
                0x000000000001f9ec                _strtoull_r
 .text.__ssprint_r
                0x000000000001f9f0       0xf8 /usr/local/playdate/gcc-arm-none-eabi-9-2019-q4-major/bin/../lib/gcc/arm-none-eabi/9.2.1/../../../../arm-none-eabi/lib/thumb/v7e-m+fp/hard/libg.a(lib_a-svfiprintf.o)
                0x000000000001f9f0                __ssprint_r
 .text._sungetc_r
                0x000000000001fae8       0x80 /usr/local/playdate/gcc-arm-none-eabi-9-2019-q4-major/bin/../lib/gcc/arm-none-eabi/9.2.1/../../../../arm-none-eabi/lib/thumb/v7e-m+fp/hard/libg.a(lib_a-svfiscanf.o)
                0x000000000001fae8                _sungetc_r
 .text.__ssrefill_r
                0x000000000001fb68       0x3c /usr/local/playdate/gcc-arm-none-eabi-9-2019-q4-major/bin/../lib/gcc/arm-none-eabi/9.2.1/../../../../arm-none-eabi/lib/thumb/v7e-m+fp/hard/libg.a(lib_a-svfiscanf.o)
                0x000000000001fb68                __ssrefill_r
 .text._sfread_r
                0x000000000001fba4       0x7c /usr/local/playdate/gcc-arm-none-eabi-9-2019-q4-major/bin/../lib/gcc/arm-none-eabi/9.2.1/../../../../arm-none-eabi/lib/thumb/v7e-m+fp/hard/libg.a(lib_a-svfiscanf.o)
                0x000000000001fba4                _sfread_r
 .text.__ssvfiscanf_r
                0x000000000001fc20     0x125c /usr/local/playdate/gcc-arm-none-eabi-9-2019-q4-major/bin/../lib/gcc/arm-none-eabi/9.2.1/../../../../arm-none-eabi/lib/thumb/v7e-m+fp/hard/libg.a(lib_a-svfiscanf.o)
                0x000000000001fc20                __ssvfiscanf_r
 .text.__submore
                0x0000000000020e7c       0x78 /usr/local/playdate/gcc-arm-none-eabi-9-2019-q4-major/bin/../lib/gcc/arm-none-eabi/9.2.1/../../../../arm-none-eabi/lib/thumb/v7e-m+fp/hard/libg.a(lib_a-ungetc.o)
                0x0000000000020e7c                __submore
 .text.__sprint_r.part.0
                0x0000000000020ef4       0x78 /usr/local/playdate/gcc-arm-none-eabi-9-2019-q4-major/bin/../lib/gcc/arm-none-eabi/9.2.1/../../../../arm-none-eabi/lib/thumb/v7e-m+fp/hard/libg.a(lib_a-vfiprintf.o)
 .text.__sprint_r
                0x0000000000020f6c       0x18 /usr/local/playdate/gcc-arm-none-eabi-9-2019-q4-major/bin/../lib/gcc/arm-none-eabi/9.2.1/../../../../arm-none-eabi/lib/thumb/v7e-m+fp/hard/libg.a(lib_a-vfiprintf.o)
                0x0000000000020f6c                __sprint_r
 .text.__ascii_wctomb
                0x0000000000020f84       0x1c /usr/local/playdate/gcc-arm-none-eabi-9-2019-q4-major/bin/../lib/gcc/arm-none-eabi/9.2.1/../../../../arm-none-eabi/lib/thumb/v7e-m+fp/hard/libg.a(lib_a-wctomb_r.o)
                0x0000000000020f84                __ascii_wctomb
 .text.__env_lock
                0x0000000000020fa0        0xc /usr/local/playdate/gcc-arm-none-eabi-9-2019-q4-major/bin/../lib/gcc/arm-none-eabi/9.2.1/../../../../arm-none-eabi/lib/thumb/v7e-m+fp/hard/libg.a(lib_a-envlock.o)
                0x0000000000020fa0                __env_lock
 .text.__env_unlock
                0x0000000000020fac        0xc /usr/local/playdate/gcc-arm-none-eabi-9-2019-q4-major/bin/../lib/gcc/arm-none-eabi/9.2.1/../../../../arm-none-eabi/lib/thumb/v7e-m+fp/hard/libg.a(lib_a-envlock.o)
                0x0000000000020fac                __env_unlock
 .text.__fputwc
                0x0000000000020fb8       0xa8 /usr/local/playdate/gcc-arm-none-eabi-9-2019-q4-major/bin/../lib/gcc/arm-none-eabi/9.2.1/../../../../arm-none-eabi/lib/thumb/v7e-m+fp/hard/libg.a(lib_a-fputwc.o)
                0x0000000000020fb8                __fputwc
 .text._fputwc_r
                0x0000000000021060       0x68 /usr/local/playdate/gcc-arm-none-eabi-9-2019-q4-major/bin/../lib/gcc/arm-none-eabi/9.2.1/../../../../arm-none-eabi/lib/thumb/v7e-m+fp/hard/libg.a(lib_a-fputwc.o)
                0x0000000000021060                _fputwc_r
 .text.__swbuf_r
                0x00000000000210c8       0xb0 /usr/local/playdate/gcc-arm-none-eabi-9-2019-q4-major/bin/../lib/gcc/arm-none-eabi/9.2.1/../../../../arm-none-eabi/lib/thumb/v7e-m+fp/hard/libg.a(lib_a-wbuf.o)
                0x00000000000210c8                __swbuf_r
 .text._wcrtomb_r
                0x0000000000021178       0x3c /usr/local/playdate/gcc-arm-none-eabi-9-2019-q4-major/bin/../lib/gcc/arm-none-eabi/9.2.1/../../../../arm-none-eabi/lib/thumb/v7e-m+fp/hard/libg.a(lib_a-wcrtomb.o)
                0x0000000000021178                _wcrtomb_r
 .text._close   0x00000000000211b4       0x10 /usr/local/playdate/gcc-arm-none-eabi-9-2019-q4-major/bin/../lib/gcc/arm-none-eabi/9.2.1/../../../../arm-none-eabi/lib/thumb/v7e-m+fp/hard/libnosys.a(close.o)
                0x00000000000211b4                _close
 .text._fstat   0x00000000000211c4       0x10 /usr/local/playdate/gcc-arm-none-eabi-9-2019-q4-major/bin/../lib/gcc/arm-none-eabi/9.2.1/../../../../arm-none-eabi/lib/thumb/v7e-m+fp/hard/libnosys.a(fstat.o)
                0x00000000000211c4                _fstat
 .text._gettimeofday
                0x00000000000211d4       0x10 /usr/local/playdate/gcc-arm-none-eabi-9-2019-q4-major/bin/../lib/gcc/arm-none-eabi/9.2.1/../../../../arm-none-eabi/lib/thumb/v7e-m+fp/hard/libnosys.a(gettod.o)
                0x00000000000211d4                _gettimeofday
 .text._isatty  0x00000000000211e4       0x10 /usr/local/playdate/gcc-arm-none-eabi-9-2019-q4-major/bin/../lib/gcc/arm-none-eabi/9.2.1/../../../../arm-none-eabi/lib/thumb/v7e-m+fp/hard/libnosys.a(isatty.o)
                0x00000000000211e4                _isatty
 .text._lseek   0x00000000000211f4       0x10 /usr/local/playdate/gcc-arm-none-eabi-9-2019-q4-major/bin/../lib/gcc/arm-none-eabi/9.2.1/../../../../arm-none-eabi/lib/thumb/v7e-m+fp/hard/libnosys.a(lseek.o)
                0x00000000000211f4                _lseek
 .text._open    0x0000000000021204       0x10 /usr/local/playdate/gcc-arm-none-eabi-9-2019-q4-major/bin/../lib/gcc/arm-none-eabi/9.2.1/../../../../arm-none-eabi/lib/thumb/v7e-m+fp/hard/libnosys.a(open.o)
                0x0000000000021204                _open
 .text._read    0x0000000000021214       0x10 /usr/local/playdate/gcc-arm-none-eabi-9-2019-q4-major/bin/../lib/gcc/arm-none-eabi/9.2.1/../../../../arm-none-eabi/lib/thumb/v7e-m+fp/hard/libnosys.a(read.o)
                0x0000000000021214                _read
 .text._write   0x0000000000021224       0x10 /usr/local/playdate/gcc-arm-none-eabi-9-2019-q4-major/bin/../lib/gcc/arm-none-eabi/9.2.1/../../../../arm-none-eabi/lib/thumb/v7e-m+fp/hard/libnosys.a(write.o)
                0x0000000000021224                _write
 *(.init)
 *(.fini)
 *crtbegin.o(.ctors)
 *crtbegin?.o(.ctors)
 *(EXCLUDE_FILE(*crtend.o *crtend?.o) .ctors)
 *(SORT_BY_NAME(.ctors.*))
 *(.ctors)
 *crtbegin.o(.dtors)
 *crtbegin?.o(.dtors)
 *(EXCLUDE_FILE(*crtend.o *crtend?.o) .dtors)
 *(SORT_BY_NAME(.dtors.*))
 *(.dtors)
 *(.rodata*)
 .rodata.update.str1.4
                0x0000000000021234      0x153 CMakeFiles/PokeMini_DEVICE.dir/PokeMini_Playdate.c.obj