Archive member included to satisfy reference by file (symbol)

/usr/local/playdate/gcc-arm-none-eabi-9-2019-q4-major/bin/../lib/gcc/arm-none-eabi/9.2.1/../../../../arm-none-eabi/lib/thumb/v7e-m+fp/hard/libg.a(lib_a-ctype_.o)
                              CMakeFiles/PokeMini_DEVICE.dir/Users/pomettini/Git/pokemini/source/PMCommon.c.obj (symbol from plugin) (_ctype_)
/usr/local/playdate/gcc-arm-none-eabi-9-2019-q4-major/bin/../lib/gcc/arm-none-eabi/9.2.1/../../../../arm-none-eabi/lib/thumb/v7e-m+fp/hard/libg.a(lib_a-fclose.o)
                              CMakeFiles/PokeMini_DEVICE.dir/Users/pomettini/Git/pokemini/source/PMCommon.c.obj (symbol from plugin) (fclose)
/usr/local/playdate/gcc-arm-none-eabi-9-2019-q4-major/bin/../lib/gcc/arm-none-eabi/9.2.1/../../../../arm-none-eabi/lib/thumb/v7e-m+fp/hard/libg.a(lib_a-fflush.o)
                              /usr/local/playdate/gcc-arm-none-eabi-9-2019-q4-major/bin/../lib/gcc/arm-none-eabi/9.2.1/../../../../arm-none-eabi/lib/thumb/v7e-m+fp/hard/libg.a(lib_a-fclose.o) (__sflush_r)
/usr/local/playdate/gcc-arm-none-eabi-9-2019-q4-major/bin/../lib/gcc/arm-none-eabi/9.2.1/../../../../arm-none-eabi/lib/thumb/v7e-m+fp/hard/libg.a(lib_a-fgets.o)
                              CMakeFiles/PokeMini_DEVICE.dir/Users/pomettini/Git/pokemini/source/CommandLine.c.obj (symbol from plugin) (fgets)
/usr/local/playdate/gcc-arm-none-eabi-9-2019-q4-major/bin/../lib/gcc/arm-none-eabi/9.2.1/../../../../arm-none-eabi/lib/thumb/v7e-m+fp/hard/libg.a(lib_a-findfp.o)
                              /usr/local/playdate/gcc-arm-none-eabi-9-2019-q4-major/bin/../lib/gcc/arm-none-eabi/9.2.1/../../../../arm-none-eabi/lib/thumb/v7e-m+fp/hard/libg.a(lib_a-fclose.o) (__sinit)
/usr/local/playdate/gcc-arm-none-eabi-9-2019-q4-major/bin/../lib/gcc/arm-none-eabi/9.2.1/../../../../arm-none-eabi/lib/thumb/v7e-m+fp/hard/libg.a(lib_a-fopen.o)
                              CMakeFiles/PokeMini_DEVICE.dir/Users/pomettini/Git/pokemini/source/PMCommon.c.obj (symbol from plugin) (fopen)
/usr/local/playdate/gcc-arm-none-eabi-9-2019-q4-major/bin/../lib/gcc/arm-none-eabi/9.2.1/../../../../arm-none-eabi/lib/thumb/v7e-m+fp/hard/libg.a(lib_a-fread.o)
                              CMakeFiles/PokeMini_DEVICE.dir/Users/pomettini/Git/pokemini/source/PokeMini.c.obj (symbol from plugin) (fread)
/usr/local/playdate/gcc-arm-none-eabi-9-2019-q4-major/bin/../lib/gcc/arm-none-eabi/9.2.1/../../../../arm-none-eabi/lib/thumb/v7e-m+fp/hard/libg.a(lib_a-fseek.o)
                              /usr/local/playdate/gcc-arm-none-eabi-9-2019-q4-major/bin/../lib/gcc/arm-none-eabi/9.2.1/../../../../arm-none-eabi/lib/thumb/v7e-m+fp/hard/libg.a(lib_a-fopen.o) (_fseek_r)
/usr/local/playdate/gcc-arm-none-eabi-9-2019-q4-major/bin/../lib/gcc/arm-none-eabi/9.2.1/../../../../arm-none-eabi/lib/thumb/v7e-m+fp/hard/libg.a(lib_a-fseeko.o)
                              /usr/local/playdate/gcc-arm-none-eabi-9-2019-q4-major/bin/../lib/gcc/arm-none-eabi/9.2.1/../../../../arm-none-eabi/lib/thumb/v7e-m+fp/hard/libg.a(lib_a-fseek.o) (_fseeko_r)
/usr/local/playdate/gcc-arm-none-eabi-9-2019-q4-major/bin/../lib/gcc/arm-none-eabi/9.2.1/../../../../arm-none-eabi/lib/thumb/v7e-m+fp/hard/libg.a(lib_a-fstatr.o)
                              /usr/local/playdate/gcc-arm-none-eabi-9-2019-q4-major/bin/../lib/gcc/arm-none-eabi/9.2.1/../../../../arm-none-eabi/lib/thumb/v7e-m+fp/hard/libg.a(lib_a-fseeko.o) (_fstat_r)
/usr/local/playdate/gcc-arm-none-eabi-9-2019-q4-major/bin/../lib/gcc/arm-none-eabi/9.2.1/../../../../arm-none-eabi/lib/thumb/v7e-m+fp/hard/libg.a(lib_a-ftell.o)
                              CMakeFiles/PokeMini_DEVICE.dir/Users/pomettini/Git/pokemini/source/PokeMini.c.obj (symbol from plugin) (ftell)
/usr/local/playdate/gcc-arm-none-eabi-9-2019-q4-major/bin/../lib/gcc/arm-none-eabi/9.2.1/../../../../arm-none-eabi/lib/thumb/v7e-m+fp/hard/libg.a(lib_a-ftello.o)
                              /usr/local/playdate/gcc-arm-none-eabi-9-2019-q4-major/bin/../lib/gcc/arm-none-eabi/9.2.1/../../../../arm-none-eabi/lib/thumb/v7e-m+fp/hard/libg.a(lib_a-ftell.o) (_ftello_r)
/usr/local/playdate/gcc-arm-none-eabi-9-2019-q4-major/bin/../lib/gcc/arm-none-eabi/9.2.1/../../../../arm-none-eabi/lib/thumb/v7e-m+fp/hard/libg.a(lib_a-fwalk.o)
                              /usr/local/playdate/gcc-arm-none-eabi-9-2019-q4-major/bin/../lib/gcc/arm-none-eabi/9.2.1/../../../../arm-none-eabi/lib/thumb/v7e-m+fp/hard/libg.a(lib_a-findfp.o) (_fwalk)
/usr/local/playdate/gcc-arm-none-eabi-9-2019-q4-major/bin/../lib/gcc/arm-none-eabi/9.2.1/../../../../arm-none-eabi/lib/thumb/v7e-m+fp/hard/libg.a(lib_a-impure.o)
                              /usr/local/playdate/gcc-arm-none-eabi-9-2019-q4-major/bin/../lib/gcc/arm-none-eabi/9.2.1/../../../../arm-none-eabi/lib/thumb/v7e-m+fp/hard/libg.a(lib_a-fflush.o) (_global_impure_ptr)
/usr/local/playdate/gcc-arm-none-eabi-9-2019-q4-major/bin/../lib/gcc/arm-none-eabi/9.2.1/../../../../arm-none-eabi/lib/thumb/v7e-m+fp/hard/libg.a(lib_a-lcltime.o)
[...]
Memory Configuration

Name             Origin             Length             Attributes
*default*        0x0000000000000000 0xffffffffffffffff

Linker script and memory map

LOAD /var/folders/qt/4s_5gkqn5dzd2yn1mvbv2ymw0000gn/T//PokeMini_DEVICE.elf.BKtdh1.ltrans0.ltrans.o
LOAD /var/folders/qt/4s_5gkqn5dzd2yn1mvbv2ymw0000gn/T//PokeMini_DEVICE.elf.BKtdh1.ltrans1.ltrans.o
LOAD /var/folders/qt/4s_5gkqn5dzd2yn1mvbv2ymw0000gn/T//PokeMini_DEVICE.elf.BKtdh1.ltrans2.ltrans.o
LOAD /var/folders/qt/4s_5gkqn5dzd2yn1mvbv2ymw0000gn/T//ccAG2LZ3.debug.temp.o
LOAD /var/folders/qt/4s_5gkqn5dzd2yn1mvbv2ymw0000gn/T//ccYGUsfj.debug.temp.o
LOAD /var/folders/qt/4s_5gkqn5dzd2yn1mvbv2ymw0000gn/T//cciUTmC7.debug.temp.o
LOAD /var/folders/qt/4s_5gkqn5dzd2yn1mvbv2ymw0000gn/T//ccdGY2uR.debug.temp.o
LOAD /var/folders/qt/4s_5gkqn5dzd2yn1mvbv2ymw0000gn/T//ccT6u5PH.debug.temp.o
LOAD /var/folders/qt/4s_5gkqn5dzd2yn1mvbv2ymw0000gn/T//ccu6iGgm.debug.temp.o
LOAD /var/folders/qt/4s_5gkqn5dzd2yn1mvbv2ymw0000gn/T//ccORwHlW.debug.temp.o
LOAD /var/folders/qt/4s_5gkqn5dzd2yn1mvbv2ymw0000gn/T//ccCoVyzx.debug.temp.o
LOAD /var/folders/qt/4s_5gkqn5dzd2yn1mvbv2ymw0000gn/T//ccbMM2g5.debug.temp.o
LOAD /var/folders/qt/4s_5gkqn5dzd2yn1mvbv2ymw0000gn/T//cc2RCsoy.debug.temp.o
LOAD /var/folders/qt/4s_5gkqn5dzd2yn1mvbv2ymw0000gn/T//ccaGvmCf.debug.temp.o
LOAD /var/folders/qt/4s_5gkqn5dzd2yn1mvbv2ymw0000gn/T//ccmrlGvK.debug.temp.o
LOAD /var/folders/qt/4s_5gkqn5dzd2yn1mvbv2ymw0000gn/T//cckOpUOi.debug.temp.o
LOAD /var/folders/qt/4s_5gkqn5dzd2yn1mvbv2ymw0000gn/T//cc84Up1Y.debug.temp.o
LOAD /var/folders/qt/4s_5gkqn5dzd2yn1mvbv2ymw0000gn/T//cc5ZjRD4.debug.temp.o
LOAD /var/folders/qt/4s_5gkqn5dzd2yn1mvbv2ymw0000gn/T//ccaZQaqb.debug.temp.o
LOAD /var/folders/qt/4s_5gkqn5dzd2yn1mvbv2ymw0000gn/T//ccK5QjpS.debug.temp.o
LOAD /var/folders/qt/4s_5gkqn5dzd2yn1mvbv2ymw0000gn/T//ccKoQimK.debug.temp.o
LOAD /var/folders/qt/4s_5gkqn5dzd2yn1mvbv2ymw0000gn/T//cc0Mjcz6.debug.temp.o
LOAD /var/folders/qt/4s_5gkqn5dzd2yn1mvbv2ymw0000gn/T//ccvyPsJz.debug.temp.o
LOAD /var/folders/qt/4s_5gkqn5dzd2yn1mvbv2ymw0000gn/T//ccRupuI0.debug.temp.o
LOAD /var/folders/qt/4s_5gkqn5dzd2yn1mvbv2ymw0000gn/T//ccag5OFb.debug.temp.o
LOAD /var/folders/qt/4s_5gkqn5dzd2yn1mvbv2ymw0000gn/T//ccaDbgea.debug.temp.o
LOAD /var/folders/qt/4s_5gkqn5dzd2yn1mvbv2ymw0000gn/T//ccUsjJWD.debug.temp.o
LOAD /var/folders/qt/4s_5gkqn5dzd2yn1mvbv2ymw0000gn/T//ccQDe1mp.debug.temp.o
LOAD /var/folders/qt/4s_5gkqn5dzd2yn1mvbv2ymw0000gn/T//ccoFNrdZ.debug.temp.o
LOAD /var/folders/qt/4s_5gkqn5dzd2yn1mvbv2ymw0000gn/T//ccXnBF8t.debug.temp.o
START GROUP
LOAD /usr/local/playdate/gcc-arm-none-eabi-9-2019-q4-major/bin/../lib/gcc/arm-none-eabi/9.2.1/thumb/v7e-m+fp/hard/libgcc.a
LOAD /usr/local/playdate/gcc-arm-none-eabi-9-2019-q4-major/bin/../lib/gcc/arm-none-eabi/9.2.1/../../../../arm-none-eabi/lib/thumb/v7e-m+fp/hard/libg.a
LOAD /usr/local/playdate/gcc-arm-none-eabi-9-2019-q4-major/bin/../lib/gcc/arm-none-eabi/9.2.1/../../../../arm-none-eabi/lib/thumb/v7e-m+fp/hard/libc.a
END GROUP
START GROUP
LOAD /usr/local/playdate/gcc-arm-none-eabi-9-2019-q4-major/bin/../lib/gcc/arm-none-eabi/9.2.1/thumb/v7e-m+fp/hard/libgcc.a
LOAD /usr/local/playdate/gcc-arm-none-eabi-9-2019-q4-major/bin/../lib/gcc/arm-none-eabi/9.2.1/../../../../arm-none-eabi/lib/thumb/v7e-m+fp/hard/libc.a
LOAD /usr/local/playdate/gcc-arm-none-eabi-9-2019-q4-major/bin/../lib/gcc/arm-none-eabi/9.2.1/../../../../arm-none-eabi/lib/thumb/v7e-m+fp/hard/libnosys.a
END GROUP
START GROUP
LOAD /usr/local/playdate/gcc-arm-none-eabi-9-2019-q4-major/bin/../lib/gcc/arm-none-eabi/9.2.1/thumb/v7e-m+fp/hard/libgcc.a
LOAD /usr/local/playdate/gcc-arm-none-eabi-9-2019-q4-major/bin/../lib/gcc/arm-none-eabi/9.2.1/../../../../arm-none-eabi/lib/thumb/v7e-m+fp/hard/libc.a
LOAD /usr/local/playdate/gcc-arm-none-eabi-9-2019-q4-major/bin/../lib/gcc/arm-none-eabi/9.2.1/../../../../arm-none-eabi/lib/thumb/v7e-m+fp/hard/libm.a
END GROUP

.text           0x0000000000000000    0x24f04
 *(.text)
 .text          0x0000000000000000     0x7c30 /var/folders/qt/4s_5gkqn5dzd2yn1mvbv2ymw0000gn/T//PokeMini_DEVICE.elf.BKtdh1.ltrans0.ltrans.o
                0x0000000000005210                JoystickButtonsEvent.constprop.1
                0x0000000000005320                JoystickButtonsEvent.constprop.0
                0x0000000000005540                MinxCPU_OnRead.part.0.constprop.0
                0x0000000000005db0                MinxCPU_OnRead.constprop.0
                0x0000000000005df0                PokeDPrint.constprop.0
                0x0000000000005e20                MinxLCD_WriteReg.constprop.0
                0x0000000000006580                MinxCPU_OnWrite.constprop.0
                0x00000000000070a0                MinxAudio_PiezoFilter
                0x0000000000007160                MinxAudio_PiezoFilter.constprop.0
                0x0000000000007220                PokeMini_LoadBIOSFile.constprop.0
                0x0000000000007290                _free_r
                0x00000000000072b0                _realloc_r
                0x00000000000072c0                _malloc_r
                0x00000000000072d0                eventHandlerShim
 .text          0x0000000000007c30     0x6c48 /var/folders/qt/4s_5gkqn5dzd2yn1mvbv2ymw0000gn/T//PokeMini_DEVICE.elf.BKtdh1.ltrans1.ltrans.o
                0x0000000000008260                MinxIRQ_Process.part.0
                0x00000000000086b0                MinxPRC_Sync
                0x0000000000008860                MinxIO_IODataWrite
                0x0000000000008970                MinxTimers_WriteReg
                0x0000000000009110                MinxTimers_Sync
                0x00000000000094b0                Fetch8.lto_priv.0.lto_priv.0
                0x0000000000009540                MinxCPU_ExecCF
                0x000000000000bc70                MinxCPU_ExecCE
 *fill*         0x000000000000e878        0x8 
 .text          0x000000000000e880     0x70dc /var/folders/qt/4s_5gkqn5dzd2yn1mvbv2ymw0000gn/T//PokeMini_DEVICE.elf.BKtdh1.ltrans2.ltrans.o
                0x000000000000ec70                PokeMini_GetVideo1x1_16
                0x000000000000eca0                PokeMini_GetVideo1x1_32
                0x000000000000ecd0                PokeMini_OnReset_Def
                0x000000000000ece0                UIItems_PlatformC
                0x000000000000ed40                PokeMini_OnUnzipError_Def
                0x000000000000ed50                PokeDPrint
                0x000000000000eda0                PokeMini_OnSaveStateFile_Def
                0x000000000000edd0                PokeMini_OnLoadStateFile_Def
                0x000000000000ee40                PokeMini_OnSaveEEPROMFile_Def
                0x000000000000ee80                PokeMini_OnLoadEEPROMFile_Def
                0x000000000000eec0                PokeMini_OnLoadColorFile_Def
                0x000000000000eef0                PokeMini_OnLoadMINFile_Def
                0x000000000000ef30                PokeMini_OnLoadBIOSFile_Def
                0x000000000000ef60                audio_callback.lto_priv.0
                0x000000000000f0b0                CALLS.lto_priv.1.lto_priv.0
                0x000000000000f0b0                CALLS.lto_priv.0.lto_priv.0
                0x00000000000112f0                SBC8.lto_priv.0.lto_priv.0
                0x00000000000112f0                SBC8.lto_priv.1.lto_priv.0
                0x0000000000011410                SUB8.lto_priv.1.lto_priv.0
                0x0000000000011410                SUB8.lto_priv.0.lto_priv.0
                0x0000000000011520                ADC8.lto_priv.1.lto_priv.0
                0x0000000000011520                ADC8.lto_priv.0.lto_priv.0
                0x0000000000011630                ADD8.lto_priv.0.lto_priv.0
                0x0000000000011630                ADD8.lto_priv.1.lto_priv.0
                0x0000000000011730                MinxCPU_OnException.part.0
                0x00000000000147e0                update.lto_priv.0
                0x0000000000014e50                CommandLineConfSave
                0x0000000000015450                PokeMini_VideoPalette_Convert
                0x00000000000154d0                MinxPRC_On72HzRefresh
                0x0000000000015640                PokeMini_SyncHostTime.part.0
                0x0000000000015720                PokeMini_Reset
 *fill*         0x000000000001595c        0x4 
 .text          0x0000000000015960       0xa0 /usr/local/playdate/gcc-arm-none-eabi-9-2019-q4-major/bin/../lib/gcc/arm-none-eabi/9.2.1/../../../../arm-none-eabi/lib/thumb/v7e-m+fp/hard/libg.a(lib_a-memchr.o)
                0x0000000000015960                memchr
 .text          0x0000000000015a00      0x134 /usr/local/playdate/gcc-arm-none-eabi-9-2019-q4-major/bin/../lib/gcc/arm-none-eabi/9.2.1/../../../../arm-none-eabi/lib/thumb/v7e-m+fp/hard/libg.a(lib_a-memcpy.o)
                0x0000000000015a00                memcpy
 *fill*         0x0000000000015b34        0xc 
 .text          0x0000000000015b40      0x2dc /usr/local/playdate/gcc-arm-none-eabi-9-2019-q4-major/bin/../lib/gcc/arm-none-eabi/9.2.1/../../../../arm-none-eabi/lib/thumb/v7e-m+fp/hard/libg.a(lib_a-strcmp.o)
                0x0000000000015b48                strcmp
 *fill*         0x0000000000015e1c       0x24 
 .text          0x0000000000015e40       0xdc /usr/local/playdate/gcc-arm-none-eabi-9-2019-q4-major/bin/../lib/gcc/arm-none-eabi/9.2.1/../../../../arm-none-eabi/lib/thumb/v7e-m+fp/hard/libg.a(lib_a-strlen.o)
                0x0000000000015e40                strlen
 .text          0x0000000000015f1c       0xa0 /usr/local/playdate/gcc-arm-none-eabi-9-2019-q4-major/bin/../lib/gcc/arm-none-eabi/9.2.1/thumb/v7e-m+fp/hard/libgcc.a(_aeabi_ldivmod.o)
                0x0000000000015f1c                __aeabi_ldivmod
 .text          0x0000000000015fbc       0x30 /usr/local/playdate/gcc-arm-none-eabi-9-2019-q4-major/bin/../lib/gcc/arm-none-eabi/9.2.1/thumb/v7e-m+fp/hard/libgcc.a(_aeabi_uldivmod.o)
                0x0000000000015fbc                __aeabi_uldivmod
 .text          0x0000000000015fec      0x2c4 /usr/local/playdate/gcc-arm-none-eabi-9-2019-q4-major/bin/../lib/gcc/arm-none-eabi/9.2.1/thumb/v7e-m+fp/hard/libgcc.a(_udivmoddi4.o)
                0x0000000000015fec                __udivmoddi4
 .text          0x00000000000162b0        0x4 /usr/local/playdate/gcc-arm-none-eabi-9-2019-q4-major/bin/../lib/gcc/arm-none-eabi/9.2.1/thumb/v7e-m+fp/hard/libgcc.a(_dvmd_tls.o)
                0x00000000000162b0                __aeabi_ldiv0
                0x00000000000162b0                __aeabi_idiv0
 .text          0x00000000000162b4      0x378 /usr/local/playdate/gcc-arm-none-eabi-9-2019-q4-major/bin/../lib/gcc/arm-none-eabi/9.2.1/thumb/v7e-m+fp/hard/libgcc.a(_arm_addsubdf3.o)
                0x00000000000162b4                __aeabi_drsub
                0x00000000000162bc                __subdf3
                0x00000000000162bc                __aeabi_dsub
                0x00000000000162c0                __aeabi_dadd
                0x00000000000162c0                __adddf3
                0x0000000000016538                __aeabi_ui2d
                0x0000000000016538                __floatunsidf
                0x0000000000016558                __floatsidf
                0x0000000000016558                __aeabi_i2d
                0x000000000001657c                __extendsfdf2
                0x000000000001657c                __aeabi_f2d
                0x00000000000165c0                __aeabi_ul2d
                0x00000000000165c0                __floatundidf
                0x00000000000165d0                __aeabi_l2d
                0x00000000000165d0                __floatdidf
 .text          0x000000000001662c      0x424 /usr/local/playdate/gcc-arm-none-eabi-9-2019-q4-major/bin/../lib/gcc/arm-none-eabi/9.2.1/thumb/v7e-m+fp/hard/libgcc.a(_arm_muldivdf3.o)
                0x000000000001662c                __aeabi_dmul
                0x000000000001662c                __muldf3
                0x0000000000016880                __aeabi_ddiv
                0x0000000000016880                __divdf3
 .text          0x0000000000016a50      0x110 /usr/local/playdate/gcc-arm-none-eabi-9-2019-q4-major/bin/../lib/gcc/arm-none-eabi/9.2.1/thumb/v7e-m+fp/hard/libgcc.a(_arm_cmpdf2.o)
                0x0000000000016a50                __gedf2
                0x0000000000016a50                __gtdf2
                0x0000000000016a58                __ledf2
                0x0000000000016a58                __ltdf2
                0x0000000000016a60                __cmpdf2
                0x0000000000016a60                __eqdf2
                0x0000000000016a60                __nedf2
                0x0000000000016adc                __aeabi_cdrcmple
                0x0000000000016aec                __aeabi_cdcmple
                0x0000000000016aec                __aeabi_cdcmpeq
                0x0000000000016afc                __aeabi_dcmpeq
                0x0000000000016b10                __aeabi_dcmplt
                0x0000000000016b24                __aeabi_dcmple
                0x0000000000016b38                __aeabi_dcmpge
                0x0000000000016b4c                __aeabi_dcmpgt
 .text          0x0000000000016b60       0x2c /usr/local/playdate/gcc-arm-none-eabi-9-2019-q4-major/bin/../lib/gcc/arm-none-eabi/9.2.1/thumb/v7e-m+fp/hard/libgcc.a(_arm_unorddf2.o)
                0x0000000000016b60                __aeabi_dcmpun
                0x0000000000016b60                __unorddf2
 .text          0x0000000000016b8c       0x50 /usr/local/playdate/gcc-arm-none-eabi-9-2019-q4-major/bin/../lib/gcc/arm-none-eabi/9.2.1/thumb/v7e-m+fp/hard/libgcc.a(_arm_fixdfsi.o)
                0x0000000000016b8c                __fixdfsi
                0x0000000000016b8c                __aeabi_d2iz
 *(.text.*)
 .text._fclose_r
                0x0000000000016bdc       0xcc /usr/local/playdate/gcc-arm-none-eabi-9-2019-q4-major/bin/../lib/gcc/arm-none-eabi/9.2.1/../../../../arm-none-eabi/lib/thumb/v7e-m+fp/hard/libg.a(lib_a-fclose.o)
                0x0000000000016bdc                _fclose_r
 .text.fclose   0x0000000000016ca8       0x10 /usr/local/playdate/gcc-arm-none-eabi-9-2019-q4-major/bin/../lib/gcc/arm-none-eabi/9.2.1/../../../../arm-none-eabi/lib/thumb/v7e-m+fp/hard/libg.a(lib_a-fclose.o)
                0x0000000000016ca8                fclose
 .text.__sflush_r
                0x0000000000016cb8      0x130 /usr/local/playdate/gcc-arm-none-eabi-9-2019-q4-major/bin/../lib/gcc/arm-none-eabi/9.2.1/../../../../arm-none-eabi/lib/thumb/v7e-m+fp/hard/libg.a(lib_a-fflush.o)
                0x0000000000016cb8                __sflush_r
 .text._fflush_r
                0x0000000000016de8       0x5c /usr/local/playdate/gcc-arm-none-eabi-9-2019-q4-major/bin/../lib/gcc/arm-none-eabi/9.2.1/../../../../arm-none-eabi/lib/thumb/v7e-m+fp/hard/libg.a(lib_a-fflush.o)
                0x0000000000016de8                _fflush_r
 .text.fflush   0x0000000000016e44       0x24 /usr/local/playdate/gcc-arm-none-eabi-9-2019-q4-major/bin/../lib/gcc/arm-none-eabi/9.2.1/../../../../arm-none-eabi/lib/thumb/v7e-m+fp/hard/libg.a(lib_a-fflush.o)
                0x0000000000016e44                fflush
 .text.std      0x0000000000016e68       0x50 /usr/local/playdate/gcc-arm-none-eabi-9-2019-q4-major/bin/../lib/gcc/arm-none-eabi/9.2.1/../../../../arm-none-eabi/lib/thumb/v7e-m+fp/hard/libg.a(lib_a-findfp.o)
 .text._cleanup_r
                0x0000000000016eb8        0xc /usr/local/playdate/gcc-arm-none-eabi-9-2019-q4-major/bin/../lib/gcc/arm-none-eabi/9.2.1/../../../../arm-none-eabi/lib/thumb/v7e-m+fp/hard/libg.a(lib_a-findfp.o)
                0x0000000000016eb8                _cleanup_r
 .text.__sfmoreglue
                0x0000000000016ec4       0x30 /usr/local/playdate/gcc-arm-none-eabi-9-2019-q4-major/bin/../lib/gcc/arm-none-eabi/9.2.1/../../../../arm-none-eabi/lib/thumb/v7e-m+fp/hard/libg.a(lib_a-findfp.o)
                0x0000000000016ec4                __sfmoreglue
 .text.__sinit  0x0000000000016ef4       0x54 /usr/local/playdate/gcc-arm-none-eabi-9-2019-q4-major/bin/../lib/gcc/arm-none-eabi/9.2.1/../../../../arm-none-eabi/lib/thumb/v7e-m+fp/hard/libg.a(lib_a-findfp.o)
                0x0000000000016ef4                __sinit
 .text.__sfp    0x0000000000016f48       0xa4 /usr/local/playdate/gcc-arm-none-eabi-9-2019-q4-major/bin/../lib/gcc/arm-none-eabi/9.2.1/../../../../arm-none-eabi/lib/thumb/v7e-m+fp/hard/libg.a(lib_a-findfp.o)
                0x0000000000016f48                __sfp
 .text.__sfp_lock_acquire
                0x0000000000016fec        0xc /usr/local/playdate/gcc-arm-none-eabi-9-2019-q4-major/bin/../lib/gcc/arm-none-eabi/9.2.1/../../../../arm-none-eabi/lib/thumb/v7e-m+fp/hard/libg.a(lib_a-findfp.o)
                0x0000000000016fec                __sfp_lock_acquire
 .text.__sfp_lock_release
                0x0000000000016ff8        0xc /usr/local/playdate/gcc-arm-none-eabi-9-2019-q4-major/bin/../lib/gcc/arm-none-eabi/9.2.1/../../../../arm-none-eabi/lib/thumb/v7e-m+fp/hard/libg.a(lib_a-findfp.o)
                0x0000000000016ff8                __sfp_lock_release
 .text._fopen_r
                0x0000000000017004       0xbc /usr/local/playdate/gcc-arm-none-eabi-9-2019-q4-major/bin/../lib/gcc/arm-none-eabi/9.2.1/../../../../arm-none-eabi/lib/thumb/v7e-m+fp/hard/libg.a(lib_a-fopen.o)
                0x0000000000017004                _fopen_r
 .text.fopen    0x00000000000170c0       0x10 /usr/local/playdate/gcc-arm-none-eabi-9-2019-q4-major/bin/../lib/gcc/arm-none-eabi/9.2.1/../../../../arm-none-eabi/lib/thumb/v7e-m+fp/hard/libg.a(lib_a-fopen.o)
                0x00000000000170c0                fopen
 .text._fread_r
                0x00000000000170d0      0x1b4 /usr/local/playdate/gcc-arm-none-eabi-9-2019-q4-major/bin/../lib/gcc/arm-none-eabi/9.2.1/../../../../arm-none-eabi/lib/thumb/v7e-m+fp/hard/libg.a(lib_a-fread.o)
                0x00000000000170d0                _fread_r
 .text.fread    0x0000000000017284       0x20 /usr/local/playdate/gcc-arm-none-eabi-9-2019-q4-major/bin/../lib/gcc/arm-none-eabi/9.2.1/../../../../arm-none-eabi/lib/thumb/v7e-m+fp/hard/libg.a(lib_a-fread.o)
                0x0000000000017284                fread
 .text._fseek_r
                0x00000000000172a4        0x4 /usr/local/playdate/gcc-arm-none-eabi-9-2019-q4-major/bin/../lib/gcc/arm-none-eabi/9.2.1/../../../../arm-none-eabi/lib/thumb/v7e-m+fp/hard/libg.a(lib_a-fseek.o)
                0x00000000000172a4                _fseek_r
 .text.fseek    0x00000000000172a8       0x18 /usr/local/playdate/gcc-arm-none-eabi-9-2019-q4-major/bin/../lib/gcc/arm-none-eabi/9.2.1/../../../../arm-none-eabi/lib/thumb/v7e-m+fp/hard/libg.a(lib_a-fseek.o)
                0x00000000000172a8                fseek
 .text._fseeko_r
                0x00000000000172c0      0x324 /usr/local/playdate/gcc-arm-none-eabi-9-2019-q4-major/bin/../lib/gcc/arm-none-eabi/9.2.1/../../../../arm-none-eabi/lib/thumb/v7e-m+fp/hard/libg.a(lib_a-fseeko.o)
                0x00000000000172c0                _fseeko_r
 .text._fstat_r
                0x00000000000175e4       0x2c /usr/local/playdate/gcc-arm-none-eabi-9-2019-q4-major/bin/../lib/gcc/arm-none-eabi/9.2.1/../../../../arm-none-eabi/lib/thumb/v7e-m+fp/hard/libg.a(lib_a-fstatr.o)
                0x00000000000175e4                _fstat_r
 .text._fwalk   0x0000000000017610       0x40 /usr/local/playdate/gcc-arm-none-eabi-9-2019-q4-major/bin/../lib/gcc/arm-none-eabi/9.2.1/../../../../arm-none-eabi/lib/thumb/v7e-m+fp/hard/libg.a(lib_a-fwalk.o)
                0x0000000000017610                _fwalk
 .text._fwalk_reent
                0x0000000000017650       0x48 /usr/local/playdate/gcc-arm-none-eabi-9-2019-q4-major/bin/../lib/gcc/arm-none-eabi/9.2.1/../../../../arm-none-eabi/lib/thumb/v7e-m+fp/hard/libg.a(lib_a-fwalk.o)
                0x0000000000017650                _fwalk_reent
 .text.localtime
                0x0000000000017698       0x10 /usr/local/playdate/gcc-arm-none-eabi-9-2019-q4-major/bin/../lib/gcc/arm-none-eabi/9.2.1/../../../../arm-none-eabi/lib/thumb/v7e-m+fp/hard/libg.a(lib_a-lcltime.o)
                0x0000000000017698                localtime
 .text.localtime_r
                0x00000000000176a8      0x240 /usr/local/playdate/gcc-arm-none-eabi-9-2019-q4-major/bin/../lib/gcc/arm-none-eabi/9.2.1/../../../../arm-none-eabi/lib/thumb/v7e-m+fp/hard/libg.a(lib_a-lcltime_r.o)
                0x00000000000176a8                localtime_r
 .text.__retarget_lock_init_recursive
                0x00000000000178e8        0x4 /usr/local/playdate/gcc-arm-none-eabi-9-2019-q4-major/bin/../lib/gcc/arm-none-eabi/9.2.1/../../../../arm-none-eabi/lib/thumb/v7e-m+fp/hard/libg.a(lib_a-lock.o)
                0x00000000000178e8                __retarget_lock_init_recursive
 .text.__retarget_lock_close_recursive
                0x00000000000178ec        0x4 /usr/local/playdate/gcc-arm-none-eabi-9-2019-q4-major/bin/../lib/gcc/arm-none-eabi/9.2.1/../../../../arm-none-eabi/lib/thumb/v7e-m+fp/hard/libg.a(lib_a-lock.o)
                0x00000000000178ec                __retarget_lock_close_recursive
 .text.__retarget_lock_acquire
                0x00000000000178f0        0x4 /usr/local/playdate/gcc-arm-none-eabi-9-2019-q4-major/bin/../lib/gcc/arm-none-eabi/9.2.1/../../../../arm-none-eabi/lib/thumb/v7e-m+fp/hard/libg.a(lib_a-lock.o)
                0x00000000000178f0                __retarget_lock_acquire
 .text.__retarget_lock_acquire_recursive
                0x00000000000178f4        0x4 /usr/local/playdate/gcc-arm-none-eabi-9-2019-q4-major/bin/../lib/gcc/arm-none-eabi/9.2.1/../../../../arm-none-eabi/lib/thumb/v7e-m+fp/hard/libg.a(lib_a-lock.o)
                0x00000000000178f4                __retarget_lock_acquire_recursive
 .text.__retarget_lock_release
                0x00000000000178f8        0x4 /usr/local/playdate/gcc-arm-none-eabi-9-2019-q4-major/bin/../lib/gcc/arm-none-eabi/9.2.1/../../../../arm-none-eabi/lib/thumb/v7e-m+fp/hard/libg.a(lib_a-lock.o)
                0x00000000000178f8                __retarget_lock_release
 .text.__retarget_lock_release_recursive
                0x00000000000178fc        0x4 /usr/local/playdate/gcc-arm-none-eabi-9-2019-q4-major/bin/../lib/gcc/arm-none-eabi/9.2.1/../../../../arm-none-eabi/lib/thumb/v7e-m+fp/hard/libg.a(lib_a-lock.o)
                0x00000000000178fc                __retarget_lock_release_recursive
 .text.__swhatbuf_r
                0x0000000000017900       0x5c /usr/local/playdate/gcc-arm-none-eabi-9-2019-q4-major/bin/../lib/gcc/arm-none-eabi/9.2.1/../../../../arm-none-eabi/lib/thumb/v7e-m+fp/hard/libg.a(lib_a-makebuf.o)
                0x0000000000017900                __swhatbuf_r
 .text.__smakebuf_r
                0x000000000001795c       0x98 /usr/local/playdate/gcc-arm-none-eabi-9-2019-q4-major/bin/../lib/gcc/arm-none-eabi/9.2.1/../../../../arm-none-eabi/lib/thumb/v7e-m+fp/hard/libg.a(lib_a-makebuf.o)
                0x000000000001795c                __smakebuf_r
 .text.memset   0x00000000000179f4       0xa0 /usr/local/playdate/gcc-arm-none-eabi-9-2019-q4-major/bin/../lib/gcc/arm-none-eabi/9.2.1/../../../../arm-none-eabi/lib/thumb/v7e-m+fp/hard/libg.a(lib_a-memset.o)
                0x00000000000179f4                memset
 .text._open_r  0x0000000000017a94       0x2c /usr/local/playdate/gcc-arm-none-eabi-9-2019-q4-major/bin/../lib/gcc/arm-none-eabi/9.2.1/../../../../arm-none-eabi/lib/thumb/v7e-m+fp/hard/libg.a(lib_a-openr.o)
                0x0000000000017a94                _open_r
 .text.lflush   0x0000000000017ac0       0x14 /usr/local/playdate/gcc-arm-none-eabi-9-2019-q4-major/bin/../lib/gcc/arm-none-eabi/9.2.1/../../../../arm-none-eabi/lib/thumb/v7e-m+fp/hard/libg.a(lib_a-refill.o)
 .text.__srefill_r
                0x0000000000017ad4      0x114 /usr/local/playdate/gcc-arm-none-eabi-9-2019-q4-major/bin/../lib/gcc/arm-none-eabi/9.2.1/../../../../arm-none-eabi/lib/thumb/v7e-m+fp/hard/libg.a(lib_a-refill.o)
                0x0000000000017ad4                __srefill_r
 .text.__sread  0x0000000000017be8       0x24 /usr/local/playdate/gcc-arm-none-eabi-9-2019-q4-major/bin/../lib/gcc/arm-none-eabi/9.2.1/../../../../arm-none-eabi/lib/thumb/v7e-m+fp/hard/libg.a(lib_a-stdio.o)
                0x0000000000017be8                __sread
 .text.__seofread
                0x0000000000017c0c        0x4 /usr/local/playdate/gcc-arm-none-eabi-9-2019-q4-major/bin/../lib/gcc/arm-none-eabi/9.2.1/../../../../arm-none-eabi/lib/thumb/v7e-m+fp/hard/libg.a(lib_a-stdio.o)
                0x0000000000017c0c                __seofread
 .text.__swrite
                0x0000000000017c10       0x40 /usr/local/playdate/gcc-arm-none-eabi-9-2019-q4-major/bin/../lib/gcc/arm-none-eabi/9.2.1/../../../../arm-none-eabi/lib/thumb/v7e-m+fp/hard/libg.a(lib_a-stdio.o)
                0x0000000000017c10                __swrite
 .text.__sseek  0x0000000000017c50       0x20 /usr/local/playdate/gcc-arm-none-eabi-9-2019-q4-major/bin/../lib/gcc/arm-none-eabi/9.2.1/../../../../arm-none-eabi/lib/thumb/v7e-m+fp/hard/libg.a(lib_a-stdio.o)
                0x0000000000017c50                __sseek
 .text.__sclose
                0x0000000000017c70        0x8 /usr/local/playdate/gcc-arm-none-eabi-9-2019-q4-major/bin/../lib/gcc/arm-none-eabi/9.2.1/../../../../arm-none-eabi/lib/thumb/v7e-m+fp/hard/libg.a(lib_a-stdio.o)
                0x0000000000017c70                __sclose
 .text.time     0x0000000000017c78       0x30 /usr/local/playdate/gcc-arm-none-eabi-9-2019-q4-major/bin/../lib/gcc/arm-none-eabi/9.2.1/../../../../arm-none-eabi/lib/thumb/v7e-m+fp/hard/libg.a(lib_a-time.o)
                0x0000000000017c78                time
 .text.__tzcalc_limits
                0x0000000000017ca8      0x194 /usr/local/playdate/gcc-arm-none-eabi-9-2019-q4-major/bin/../lib/gcc/arm-none-eabi/9.2.1/../../../../arm-none-eabi/lib/thumb/v7e-m+fp/hard/libg.a(lib_a-tzcalc_limits.o)
                0x0000000000017ca8                __tzcalc_limits
 .text.__tz_lock
                0x0000000000017e3c        0xc /usr/local/playdate/gcc-arm-none-eabi-9-2019-q4-major/bin/../lib/gcc/arm-none-eabi/9.2.1/../../../../arm-none-eabi/lib/thumb/v7e-m+fp/hard/libg.a(lib_a-tzlock.o)
                0x0000000000017e3c                __tz_lock
 .text.__tz_unlock
                0x0000000000017e48        0xc /usr/local/playdate/gcc-arm-none-eabi-9-2019-q4-major/bin/../lib/gcc/arm-none-eabi/9.2.1/../../../../arm-none-eabi/lib/thumb/v7e-m+fp/hard/libg.a(lib_a-tzlock.o)
                0x0000000000017e48                __tz_unlock
 .text._tzset_unlocked
                0x0000000000017e54        0xc /usr/local/playdate/gcc-arm-none-eabi-9-2019-q4-major/bin/../lib/gcc/arm-none-eabi/9.2.1/../../../../arm-none-eabi/lib/thumb/v7e-m+fp/hard/libg.a(lib_a-tzset.o)
                0x0000000000017e54                _tzset_unlocked
 .text._tzset_unlocked_r
                0x0000000000017e60      0x328 /usr/local/playdate/gcc-arm-none-eabi-9-2019-q4-major/bin/../lib/gcc/arm-none-eabi/9.2.1/../../../../arm-none-eabi/lib/thumb/v7e-m+fp/hard/libg.a(lib_a-tzset_r.o)
                0x0000000000017e60                _tzset_unlocked_r
 .text._write_r
                0x0000000000018188       0x2c /usr/local/playdate/gcc-arm-none-eabi-9-2019-q4-major/bin/../lib/gcc/arm-none-eabi/9.2.1/../../../../arm-none-eabi/lib/thumb/v7e-m+fp/hard/libg.a(lib_a-writer.o)
                0x0000000000018188                _write_r
 .text._close_r
                0x00000000000181b4       0x24 /usr/local/playdate/gcc-arm-none-eabi-9-2019-q4-major/bin/../lib/gcc/arm-none-eabi/9.2.1/../../../../arm-none-eabi/lib/thumb/v7e-m+fp/hard/libg.a(lib_a-closer.o)
                0x00000000000181b4                _close_r
 .text.__sflags
                0x00000000000181d8       0x7c /usr/local/playdate/gcc-arm-none-eabi-9-2019-q4-major/bin/../lib/gcc/arm-none-eabi/9.2.1/../../../../arm-none-eabi/lib/thumb/v7e-m+fp/hard/libg.a(lib_a-flags.o)
                0x00000000000181d8                __sflags
 .text._findenv_r
                0x0000000000018254       0x80 /usr/local/playdate/gcc-arm-none-eabi-9-2019-q4-major/bin/../lib/gcc/arm-none-eabi/9.2.1/../../../../arm-none-eabi/lib/thumb/v7e-m+fp/hard/libg.a(lib_a-getenv_r.o)
                0x0000000000018254                _findenv_r
 .text._getenv_r
                0x00000000000182d4       0x10 /usr/local/playdate/gcc-arm-none-eabi-9-2019-q4-major/bin/../lib/gcc/arm-none-eabi/9.2.1/../../../../arm-none-eabi/lib/thumb/v7e-m+fp/hard/libg.a(lib_a-getenv_r.o)
                0x00000000000182d4                _getenv_r
 .text._gettimeofday_r
                0x00000000000182e4       0x2c /usr/local/playdate/gcc-arm-none-eabi-9-2019-q4-major/bin/../lib/gcc/arm-none-eabi/9.2.1/../../../../arm-none-eabi/lib/thumb/v7e-m+fp/hard/libg.a(lib_a-gettimeofdayr.o)
                0x00000000000182e4                _gettimeofday_r
 .text.__gettzinfo
                0x0000000000018310        0x8 /usr/local/playdate/gcc-arm-none-eabi-9-2019-q4-major/bin/../lib/gcc/arm-none-eabi/9.2.1/../../../../arm-none-eabi/lib/thumb/v7e-m+fp/hard/libg.a(lib_a-gettzinfo.o)
                0x0000000000018310                __gettzinfo
 .text.gmtime_r
                0x0000000000018318      0x1cc /usr/local/playdate/gcc-arm-none-eabi-9-2019-q4-major/bin/../lib/gcc/arm-none-eabi/9.2.1/../../../../arm-none-eabi/lib/thumb/v7e-m+fp/hard/libg.a(lib_a-gmtime_r.o)
                0x0000000000018318                gmtime_r
 .text._isatty_r
                0x00000000000184e4       0x24 /usr/local/playdate/gcc-arm-none-eabi-9-2019-q4-major/bin/../lib/gcc/arm-none-eabi/9.2.1/../../../../arm-none-eabi/lib/thumb/v7e-m+fp/hard/libg.a(lib_a-isattyr.o)
                0x00000000000184e4                _isatty_r
 .text._lseek_r
                0x0000000000018508       0x2c /usr/local/playdate/gcc-arm-none-eabi-9-2019-q4-major/bin/../lib/gcc/arm-none-eabi/9.2.1/../../../../arm-none-eabi/lib/thumb/v7e-m+fp/hard/libg.a(lib_a-lseekr.o)
                0x0000000000018508                _lseek_r
 .text.malloc   0x0000000000018534       0x10 /usr/local/playdate/gcc-arm-none-eabi-9-2019-q4-major/bin/../lib/gcc/arm-none-eabi/9.2.1/../../../../arm-none-eabi/lib/thumb/v7e-m+fp/hard/libg.a(lib_a-malloc.o)
                0x0000000000018534                malloc
 .text.free     0x0000000000018544       0x10 /usr/local/playdate/gcc-arm-none-eabi-9-2019-q4-major/bin/../lib/gcc/arm-none-eabi/9.2.1/../../../../arm-none-eabi/lib/thumb/v7e-m+fp/hard/libg.a(lib_a-malloc.o)
                0x0000000000018544                free
 .text._read_r  0x0000000000018554       0x2c /usr/local/playdate/gcc-arm-none-eabi-9-2019-q4-major/bin/../lib/gcc/arm-none-eabi/9.2.1/../../../../arm-none-eabi/lib/thumb/v7e-m+fp/hard/libg.a(lib_a-readr.o)
                0x0000000000018554                _read_r
 .text.siscanf  0x0000000000018580       0x58 /usr/local/playdate/gcc-arm-none-eabi-9-2019-q4-major/bin/../lib/gcc/arm-none-eabi/9.2.1/../../../../arm-none-eabi/lib/thumb/v7e-m+fp/hard/libg.a(lib_a-siscanf.o)
                0x0000000000018580                siscanf
 .text.strcpy   0x00000000000185d8       0xbc /usr/local/playdate/gcc-arm-none-eabi-9-2019-q4-major/bin/../lib/gcc/arm-none-eabi/9.2.1/../../../../arm-none-eabi/lib/thumb/v7e-m+fp/hard/libg.a(lib_a-strcpy.o)
                0x00000000000185d8                strcpy
 .text.strncmp  0x0000000000018694       0x7c /usr/local/playdate/gcc-arm-none-eabi-9-2019-q4-major/bin/../lib/gcc/arm-none-eabi/9.2.1/../../../../arm-none-eabi/lib/thumb/v7e-m+fp/hard/libg.a(lib_a-strncmp.o)
                0x0000000000018694                strncmp
 .text._strtoul_l.isra.0
                0x0000000000018710      0x13c /usr/local/playdate/gcc-arm-none-eabi-9-2019-q4-major/bin/../lib/gcc/arm-none-eabi/9.2.1/../../../../arm-none-eabi/lib/thumb/v7e-m+fp/hard/libg.a(lib_a-strtoul.o)
 .text._strtoul_r
                0x000000000001884c        0x4 /usr/local/playdate/gcc-arm-none-eabi-9-2019-q4-major/bin/../lib/gcc/arm-none-eabi/9.2.1/../../../../arm-none-eabi/lib/thumb/v7e-m+fp/hard/libg.a(lib_a-strtoul.o)
                0x000000000001884c                _strtoul_r
 .text.strtoul  0x0000000000018850       0x18 /usr/local/playdate/gcc-arm-none-eabi-9-2019-q4-major/bin/../lib/gcc/arm-none-eabi/9.2.1/../../../../arm-none-eabi/lib/thumb/v7e-m+fp/hard/libg.a(lib_a-strtoul.o)
                0x0000000000018850                strtoul
 .text._sungetc_r
                0x0000000000018868       0x80 /usr/local/playdate/gcc-arm-none-eabi-9-2019-q4-major/bin/../lib/gcc/arm-none-eabi/9.2.1/../../../../arm-none-eabi/lib/thumb/v7e-m+fp/hard/libg.a(lib_a-svfiscanf.o)
                0x0000000000018868                _sungetc_r
 .text.__ssrefill_r
                0x00000000000188e8       0x3c /usr/local/playdate/gcc-arm-none-eabi-9-2019-q4-major/bin/../lib/gcc/arm-none-eabi/9.2.1/../../../../arm-none-eabi/lib/thumb/v7e-m+fp/hard/libg.a(lib_a-svfiscanf.o)
                0x00000000000188e8                __ssrefill_r
 .text._sfread_r
                0x0000000000018924       0x7c /usr/local/playdate/gcc-arm-none-eabi-9-2019-q4-major/bin/../lib/gcc/arm-none-eabi/9.2.1/../../../../arm-none-eabi/lib/thumb/v7e-m+fp/hard/libg.a(lib_a-svfiscanf.o)
                0x0000000000018924                _sfread_r
 .text.__ssvfiscanf_r
                0x00000000000189a0     0x125c /usr/local/playdate/gcc-arm-none-eabi-9-2019-q4-major/bin/../lib/gcc/arm-none-eabi/9.2.1/../../../../arm-none-eabi/lib/thumb/v7e-m+fp/hard/libg.a(lib_a-svfiscanf.o)
                0x00000000000189a0                __ssvfiscanf_r
 .text.__submore
                0x0000000000019bfc       0x78 /usr/local/playdate/gcc-arm-none-eabi-9-2019-q4-major/bin/../lib/gcc/arm-none-eabi/9.2.1/../../../../arm-none-eabi/lib/thumb/v7e-m+fp/hard/libg.a(lib_a-ungetc.o)
                0x0000000000019bfc                __submore
 .text.__env_lock
                0x0000000000019c74        0xc /usr/local/playdate/gcc-arm-none-eabi-9-2019-q4-major/bin/../lib/gcc/arm-none-eabi/9.2.1/../../../../arm-none-eabi/lib/thumb/v7e-m+fp/hard/libg.a(lib_a-envlock.o)
                0x0000000000019c74                __env_lock
 .text.__env_unlock
                0x0000000000019c80        0xc /usr/local/playdate/gcc-arm-none-eabi-9-2019-q4-major/bin/../lib/gcc/arm-none-eabi/9.2.1/../../../../arm-none-eabi/lib/thumb/v7e-m+fp/hard/libg.a(lib_a-envlock.o)
                0x0000000000019c80                __env_unlock
 .text.iswspace
                0x0000000000019c8c        0x8 /usr/local/playdate/gcc-arm-none-eabi-9-2019-q4-major/bin/../lib/gcc/arm-none-eabi/9.2.1/../../../../arm-none-eabi/lib/thumb/v7e-m+fp/hard/libg.a(lib_a-iswspace.o)
                0x0000000000019c8c                iswspace
 .text.iswspace_l
                0x0000000000019c94       0x14 /usr/local/playdate/gcc-arm-none-eabi-9-2019-q4-major/bin/../lib/gcc/arm-none-eabi/9.2.1/../../../../arm-none-eabi/lib/thumb/v7e-m+fp/hard/libg.a(lib_a-iswspace_l.o)
                0x0000000000019c94                iswspace_l
 .text.__locale_mb_cur_max
                0x0000000000019ca8        0xc /usr/local/playdate/gcc-arm-none-eabi-9-2019-q4-major/bin/../lib/gcc/arm-none-eabi/9.2.1/../../../../arm-none-eabi/lib/thumb/v7e-m+fp/hard/libg.a(lib_a-locale.o)
                0x0000000000019ca8                __locale_mb_cur_max
 .text._mbrtowc_r
                0x0000000000019cb4       0x44 /usr/local/playdate/gcc-arm-none-eabi-9-2019-q4-major/bin/../lib/gcc/arm-none-eabi/9.2.1/../../../../arm-none-eabi/lib/thumb/v7e-m+fp/hard/libg.a(lib_a-mbrtowc.o)
                0x0000000000019cb4                _mbrtowc_r
 .text.__ascii_mbtowc
                0x0000000000019cf8       0x2c /usr/local/playdate/gcc-arm-none-eabi-9-2019-q4-major/bin/../lib/gcc/arm-none-eabi/9.2.1/../../../../arm-none-eabi/lib/thumb/v7e-m+fp/hard/libg.a(lib_a-mbtowc_r.o)
                0x0000000000019cf8                __ascii_mbtowc
 .text.realloc  0x0000000000019d24       0x10 /usr/local/playdate/gcc-arm-none-eabi-9-2019-q4-major/bin/../lib/gcc/arm-none-eabi/9.2.1/../../../../arm-none-eabi/lib/thumb/v7e-m+fp/hard/libg.a(lib_a-realloc.o)
                0x0000000000019d24                realloc
 .text.__sccl   0x0000000000019d34       0x88 /usr/local/playdate/gcc-arm-none-eabi-9-2019-q4-major/bin/../lib/gcc/arm-none-eabi/9.2.1/../../../../arm-none-eabi/lib/thumb/v7e-m+fp/hard/libg.a(lib_a-sccl.o)
                0x0000000000019d34                __sccl
 .text._strtol_l.isra.0
                0x0000000000019dbc      0x10c /usr/local/playdate/gcc-arm-none-eabi-9-2019-q4-major/bin/../lib/gcc/arm-none-eabi/9.2.1/../../../../arm-none-eabi/lib/thumb/v7e-m+fp/hard/libg.a(lib_a-strtol.o)
 .text._strtol_r
                0x0000000000019ec8        0x4 /usr/local/playdate/gcc-arm-none-eabi-9-2019-q4-major/bin/../lib/gcc/arm-none-eabi/9.2.1/../../../../arm-none-eabi/lib/thumb/v7e-m+fp/hard/libg.a(lib_a-strtol.o)
                0x0000000000019ec8                _strtol_r
 .text._strtoll_l.isra.0
                0x0000000000019ecc      0x17c /usr/local/playdate/gcc-arm-none-eabi-9-2019-q4-major/bin/../lib/gcc/arm-none-eabi/9.2.1/../../../../arm-none-eabi/lib/thumb/v7e-m+fp/hard/libg.a(lib_a-strtoll.o)
 .text._strtoll_r
                0x000000000001a048        0x4 /usr/local/playdate/gcc-arm-none-eabi-9-2019-q4-major/bin/../lib/gcc/arm-none-eabi/9.2.1/../../../../arm-none-eabi/lib/thumb/v7e-m+fp/hard/libg.a(lib_a-strtoll.o)
                0x000000000001a048                _strtoll_r
 .text._strtoull_l.isra.0
                0x000000000001a04c      0x1b8 /usr/local/playdate/gcc-arm-none-eabi-9-2019-q4-major/bin/../lib/gcc/arm-none-eabi/9.2.1/../../../../arm-none-eabi/lib/thumb/v7e-m+fp/hard/libg.a(lib_a-strtoull.o)
 .text._strtoull_r
                0x000000000001a204        0x4 /usr/local/playdate/gcc-arm-none-eabi-9-2019-q4-major/bin/../lib/gcc/arm-none-eabi/9.2.1/../../../../arm-none-eabi/lib/thumb/v7e-m+fp/hard/libg.a(lib_a-strtoull.o)
                0x000000000001a204                _strtoull_r
 .text.__ascii_wctomb
                0x000000000001a208       0x1c /usr/local/playdate/gcc-arm-none-eabi-9-2019-q4-major/bin/../lib/gcc/arm-none-eabi/9.2.1/../../../../arm-none-eabi/lib/thumb/v7e-m+fp/hard/libg.a(lib_a-wctomb_r.o)
                0x000000000001a208                __ascii_wctomb
 .text.calloc   0x000000000001a224       0x10 /usr/local/playdate/gcc-arm-none-eabi-9-2019-q4-major/bin/../lib/gcc/arm-none-eabi/9.2.1/../../../../arm-none-eabi/lib/thumb/v7e-m+fp/hard/libg.a(lib_a-calloc.o)
                0x000000000001a224                calloc
 .text._calloc_r
                0x000000000001a234       0x60 /usr/local/playdate/gcc-arm-none-eabi-9-2019-q4-major/bin/../lib/gcc/arm-none-eabi/9.2.1/../../../../arm-none-eabi/lib/thumb/v7e-m+fp/hard/libg.a(lib_a-callocr.o)
                0x000000000001a234                _calloc_r
 .text.fprintf  0x000000000001a294       0x28 /usr/local/playdate/gcc-arm-none-eabi-9-2019-q4-major/bin/../lib/gcc/arm-none-eabi/9.2.1/../../../../arm-none-eabi/lib/thumb/v7e-m+fp/hard/libg.a(lib_a-fprintf.o)
                0x000000000001a294                fprintf
 .text._fputs_r
                0x000000000001a2bc       0x88 /usr/local/playdate/gcc-arm-none-eabi-9-2019-q4-major/bin/../lib/gcc/arm-none-eabi/9.2.1/../../../../arm-none-eabi/lib/thumb/v7e-m+fp/hard/libg.a(lib_a-fputs.o)
                0x000000000001a2bc                _fputs_r
 .text.fputs    0x000000000001a344       0x10 /usr/local/playdate/gcc-arm-none-eabi-9-2019-q4-major/bin/../lib/gcc/arm-none-eabi/9.2.1/../../../../arm-none-eabi/lib/thumb/v7e-m+fp/hard/libg.a(lib_a-fputs.o)
                0x000000000001a344                fputs
 .text.__sfvwrite_r
                0x000000000001a354      0x2e0 /usr/local/playdate/gcc-arm-none-eabi-9-2019-q4-major/bin/../lib/gcc/arm-none-eabi/9.2.1/../../../../arm-none-eabi/lib/thumb/v7e-m+fp/hard/libg.a(lib_a-fvwrite.o)
                0x000000000001a354                __sfvwrite_r
 .text._fwrite_r
                0x000000000001a634       0xa8 /usr/local/playdate/gcc-arm-none-eabi-9-2019-q4-major/bin/../lib/gcc/arm-none-eabi/9.2.1/../../../../arm-none-eabi/lib/thumb/v7e-m+fp/hard/libg.a(lib_a-fwrite.o)
                0x000000000001a634                _fwrite_r
 .text.fwrite   0x000000000001a6dc       0x20 /usr/local/playdate/gcc-arm-none-eabi-9-2019-q4-major/bin/../lib/gcc/arm-none-eabi/9.2.1/../../../../arm-none-eabi/lib/thumb/v7e-m+fp/hard/libg.a(lib_a-fwrite.o)
                0x000000000001a6dc                fwrite
 .text.memmove  0x000000000001a6fc       0xd8 /usr/local/playdate/gcc-arm-none-eabi-9-2019-q4-major/bin/../lib/gcc/arm-none-eabi/9.2.1/../../../../arm-none-eabi/lib/thumb/v7e-m+fp/hard/libg.a(lib_a-memmove.o)
                0x000000000001a6fc                memmove
 .text.printf   0x000000000001a7d4       0x28 /usr/local/playdate/gcc-arm-none-eabi-9-2019-q4-major/bin/../lib/gcc/arm-none-eabi/9.2.1/../../../../arm-none-eabi/lib/thumb/v7e-m+fp/hard/libg.a(lib_a-printf.o)
                0x000000000001a7d4                printf
 .text.sprintf  0x000000000001a7fc       0x44 /usr/local/playdate/gcc-arm-none-eabi-9-2019-q4-major/bin/../lib/gcc/arm-none-eabi/9.2.1/../../../../arm-none-eabi/lib/thumb/v7e-m+fp/hard/libg.a(lib_a-sprintf.o)
                0x000000000001a7fc                sprintf
 .text._svfprintf_r
                0x000000000001a840     0x1b38 /usr/local/playdate/gcc-arm-none-eabi-9-2019-q4-major/bin/../lib/gcc/arm-none-eabi/9.2.1/../../../../arm-none-eabi/lib/thumb/v7e-m+fp/hard/libg.a(lib_a-svfprintf.o)
                0x000000000001a840                _svfprintf_r
 .text._vfprintf_r
                0x000000000001c378     0x1be0 /usr/local/playdate/gcc-arm-none-eabi-9-2019-q4-major/bin/../lib/gcc/arm-none-eabi/9.2.1/../../../../arm-none-eabi/lib/thumb/v7e-m+fp/hard/libg.a(lib_a-vfprintf.o)
                0x000000000001c378                _vfprintf_r
 .text.__sbprintf
                0x000000000001df58       0x84 /usr/local/playdate/gcc-arm-none-eabi-9-2019-q4-major/bin/../lib/gcc/arm-none-eabi/9.2.1/../../../../arm-none-eabi/lib/thumb/v7e-m+fp/hard/libg.a(lib_a-vfprintf.o)
 .text._vsprintf_r
                0x000000000001dfdc       0x28 /usr/local/playdate/gcc-arm-none-eabi-9-2019-q4-major/bin/../lib/gcc/arm-none-eabi/9.2.1/../../../../arm-none-eabi/lib/thumb/v7e-m+fp/hard/libg.a(lib_a-vsprintf.o)
                0x000000000001dfdc                _vsprintf_r
 .text.vsprintf
                0x000000000001e004       0x18 /usr/local/playdate/gcc-arm-none-eabi-9-2019-q4-major/bin/../lib/gcc/arm-none-eabi/9.2.1/../../../../arm-none-eabi/lib/thumb/v7e-m+fp/hard/libg.a(lib_a-vsprintf.o)
                0x000000000001e004                vsprintf
 .text.__swsetup_r
                0x000000000001e01c       0xd0 /usr/local/playdate/gcc-arm-none-eabi-9-2019-q4-major/bin/../lib/gcc/arm-none-eabi/9.2.1/../../../../arm-none-eabi/lib/thumb/v7e-m+fp/hard/libg.a(lib_a-wsetup.o)
                0x000000000001e01c                __swsetup_r
 .text.quorem   0x000000000001e0ec      0x11c /usr/local/playdate/gcc-arm-none-eabi-9-2019-q4-major/bin/../lib/gcc/arm-none-eabi/9.2.1/../../../../arm-none-eabi/lib/thumb/v7e-m+fp/hard/libg.a(lib_a-dtoa.o)
 .text._dtoa_r  0x000000000001e208      0xeec /usr/local/playdate/gcc-arm-none-eabi-9-2019-q4-major/bin/../lib/gcc/arm-none-eabi/9.2.1/../../../../arm-none-eabi/lib/thumb/v7e-m+fp/hard/libg.a(lib_a-dtoa.o)
                0x000000000001e208                _dtoa_r
 .text._localeconv_r
                0x000000000001f0f4        0x8 /usr/local/playdate/gcc-arm-none-eabi-9-2019-q4-major/bin/../lib/gcc/arm-none-eabi/9.2.1/../../../../arm-none-eabi/lib/thumb/v7e-m+fp/hard/libg.a(lib_a-localeconv.o)
                0x000000000001f0f4                _localeconv_r
 .text._Balloc  0x000000000001f0fc       0x4c /usr/local/playdate/gcc-arm-none-eabi-9-2019-q4-major/bin/../lib/gcc/arm-none-eabi/9.2.1/../../../../arm-none-eabi/lib/thumb/v7e-m+fp/hard/libg.a(lib_a-mprec.o)
                0x000000000001f0fc                _Balloc
 .text._Bfree   0x000000000001f148       0x14 /usr/local/playdate/gcc-arm-none-eabi-9-2019-q4-major/bin/../lib/gcc/arm-none-eabi/9.2.1/../../../../arm-none-eabi/lib/thumb/v7e-m+fp/hard/libg.a(lib_a-mprec.o)
                0x000000000001f148                _Bfree
 .text.__multadd
                0x000000000001f15c       0x8c /usr/local/playdate/gcc-arm-none-eabi-9-2019-q4-major/bin/../lib/gcc/arm-none-eabi/9.2.1/../../../../arm-none-eabi/lib/thumb/v7e-m+fp/hard/libg.a(lib_a-mprec.o)
                0x000000000001f15c                __multadd
 .text.__hi0bits
                0x000000000001f1e8       0x40 /usr/local/playdate/gcc-arm-none-eabi-9-2019-q4-major/bin/../lib/gcc/arm-none-eabi/9.2.1/../../../../arm-none-eabi/lib/thumb/v7e-m+fp/hard/libg.a(lib_a-mprec.o)
                0x000000000001f1e8                __hi0bits
 .text.__lo0bits
                0x000000000001f228       0x60 /usr/local/playdate/gcc-arm-none-eabi-9-2019-q4-major/bin/../lib/gcc/arm-none-eabi/9.2.1/../../../../arm-none-eabi/lib/thumb/v7e-m+fp/hard/libg.a(lib_a-mprec.o)
                0x000000000001f228                __lo0bits
 .text.__i2b    0x000000000001f288       0x14 /usr/local/playdate/gcc-arm-none-eabi-9-2019-q4-major/bin/../lib/gcc/arm-none-eabi/9.2.1/../../../../arm-none-eabi/lib/thumb/v7e-m+fp/hard/libg.a(lib_a-mprec.o)
                0x000000000001f288                __i2b
 .text.__multiply
                0x000000000001f29c      0x144 /usr/local/playdate/gcc-arm-none-eabi-9-2019-q4-major/bin/../lib/gcc/arm-none-eabi/9.2.1/../../../../arm-none-eabi/lib/thumb/v7e-m+fp/hard/libg.a(lib_a-mprec.o)
                0x000000000001f29c                __multiply
 .text.__pow5mult
                0x000000000001f3e0       0xa0 /usr/local/playdate/gcc-arm-none-eabi-9-2019-q4-major/bin/../lib/gcc/arm-none-eabi/9.2.1/../../../../arm-none-eabi/lib/thumb/v7e-m+fp/hard/libg.a(lib_a-mprec.o)
                0x000000000001f3e0                __pow5mult
 .text.__lshift
                0x000000000001f480       0xd4 /usr/local/playdate/gcc-arm-none-eabi-9-2019-q4-major/bin/../lib/gcc/arm-none-eabi/9.2.1/../../../../arm-none-eabi/lib/thumb/v7e-m+fp/hard/libg.a(lib_a-mprec.o)
                0x000000000001f480                __lshift
 .text.__mcmp   0x000000000001f554       0x3c /usr/local/playdate/gcc-arm-none-eabi-9-2019-q4-major/bin/../lib/gcc/arm-none-eabi/9.2.1/../../../../arm-none-eabi/lib/thumb/v7e-m+fp/hard/libg.a(lib_a-mprec.o)
                0x000000000001f554                __mcmp
 .text.__mdiff  0x000000000001f590      0x138 /usr/local/playdate/gcc-arm-none-eabi-9-2019-q4-major/bin/../lib/gcc/arm-none-eabi/9.2.1/../../../../arm-none-eabi/lib/thumb/v7e-m+fp/hard/libg.a(lib_a-mprec.o)
                0x000000000001f590                __mdiff
 .text.__d2b    0x000000000001f6c8       0xbc /usr/local/playdate/gcc-arm-none-eabi-9-2019-q4-major/bin/../lib/gcc/arm-none-eabi/9.2.1/../../../../arm-none-eabi/lib/thumb/v7e-m+fp/hard/libg.a(lib_a-mprec.o)
                0x000000000001f6c8                __d2b
 .text.frexp    0x000000000001f784       0x6c /usr/local/playdate/gcc-arm-none-eabi-9-2019-q4-major/bin/../lib/gcc/arm-none-eabi/9.2.1/../../../../arm-none-eabi/lib/thumb/v7e-m+fp/hard/libg.a(lib_a-s_frexp.o)
                0x000000000001f784                frexp
 .text.strncpy  0x000000000001f7f0       0x68 /usr/local/playdate/gcc-arm-none-eabi-9-2019-q4-major/bin/../lib/gcc/arm-none-eabi/9.2.1/../../../../arm-none-eabi/lib/thumb/v7e-m+fp/hard/libg.a(lib_a-strncpy.o)
                0x000000000001f7f0                strncpy
 .text.__ssprint_r
                0x000000000001f858       0xf8 /usr/local/playdate/gcc-arm-none-eabi-9-2019-q4-major/bin/../lib/gcc/arm-none-eabi/9.2.1/../../../../arm-none-eabi/lib/thumb/v7e-m+fp/hard/libg.a(lib_a-svfiprintf.o)
                0x000000000001f858                __ssprint_r
 .text.__sprint_r.part.0
                0x000000000001f950       0x78 /usr/local/playdate/gcc-arm-none-eabi-9-2019-q4-major/bin/../lib/gcc/arm-none-eabi/9.2.1/../../../../arm-none-eabi/lib/thumb/v7e-m+fp/hard/libg.a(lib_a-vfiprintf.o)
 .text.__sprint_r
                0x000000000001f9c8       0x18 /usr/local/playdate/gcc-arm-none-eabi-9-2019-q4-major/bin/../lib/gcc/arm-none-eabi/9.2.1/../../../../arm-none-eabi/lib/thumb/v7e-m+fp/hard/libg.a(lib_a-vfiprintf.o)
                0x000000000001f9c8                __sprint_r
 .text.__fputwc
                0x000000000001f9e0       0xa8 /usr/local/playdate/gcc-arm-none-eabi-9-2019-q4-major/bin/../lib/gcc/arm-none-eabi/9.2.1/../../../../arm-none-eabi/lib/thumb/v7e-m+fp/hard/libg.a(lib_a-fputwc.o)
                0x000000000001f9e0                __fputwc
 .text._fputwc_r
                0x000000000001fa88       0x68 /usr/local/playdate/gcc-arm-none-eabi-9-2019-q4-major/bin/../lib/gcc/arm-none-eabi/9.2.1/../../../../arm-none-eabi/lib/thumb/v7e-m+fp/hard/libg.a(lib_a-fputwc.o)
                0x000000000001fa88                _fputwc_r
 .text.__swbuf_r
                0x000000000001faf0       0xb0 /usr/local/playdate/gcc-arm-none-eabi-9-2019-q4-major/bin/../lib/gcc/arm-none-eabi/9.2.1/../../../../arm-none-eabi/lib/thumb/v7e-m+fp/hard/libg.a(lib_a-wbuf.o)
                0x000000000001faf0                __swbuf_r
 .text._wcrtomb_r
                0x000000000001fba0       0x3c /usr/local/playdate/gcc-arm-none-eabi-9-2019-q4-major/bin/../lib/gcc/arm-none-eabi/9.2.1/../../../../arm-none-eabi/lib/thumb/v7e-m+fp/hard/libg.a(lib_a-wcrtomb.o)
                0x000000000001fba0                _wcrtomb_r
 .text._close   0x000000000001fbdc       0x10 /usr/local/playdate/gcc-arm-none-eabi-9-2019-q4-major/bin/../lib/gcc/arm-none-eabi/9.2.1/../../../../arm-none-eabi/lib/thumb/v7e-m+fp/hard/libnosys.a(close.o)
                0x000000000001fbdc                _close
 .text._fstat   0x000000000001fbec       0x10 /usr/local/playdate/gcc-arm-none-eabi-9-2019-q4-major/bin/../lib/gcc/arm-none-eabi/9.2.1/../../../../arm-none-eabi/lib/thumb/v7e-m+fp/hard/libnosys.a(fstat.o)
                0x000000000001fbec                _fstat
 .text._gettimeofday
                0x000000000001fbfc       0x10 /usr/local/playdate/gcc-arm-none-eabi-9-2019-q4-major/bin/../lib/gcc/arm-none-eabi/9.2.1/../../../../arm-none-eabi/lib/thumb/v7e-m+fp/hard/libnosys.a(gettod.o)
                0x000000000001fbfc                _gettimeofday
 .text._isatty  0x000000000001fc0c       0x10 /usr/local/playdate/gcc-arm-none-eabi-9-2019-q4-major/bin/../lib/gcc/arm-none-eabi/9.2.1/../../../../arm-none-eabi/lib/thumb/v7e-m+fp/hard/libnosys.a(isatty.o)
                0x000000000001fc0c                _isatty
 .text._lseek   0x000000000001fc1c       0x10 /usr/local/playdate/gcc-arm-none-eabi-9-2019-q4-major/bin/../lib/gcc/arm-none-eabi/9.2.1/../../../../arm-none-eabi/lib/thumb/v7e-m+fp/hard/libnosys.a(lseek.o)
                0x000000000001fc1c                _lseek
 .text._open    0x000000000001fc2c       0x10 /usr/local/playdate/gcc-arm-none-eabi-9-2019-q4-major/bin/../lib/gcc/arm-none-eabi/9.2.1/../../../../arm-none-eabi/lib/thumb/v7e-m+fp/hard/libnosys.a(open.o)
                0x000000000001fc2c                _open
 .text._read    0x000000000001fc3c       0x10 /usr/local/playdate/gcc-arm-none-eabi-9-2019-q4-major/bin/../lib/gcc/arm-none-eabi/9.2.1/../../../../arm-none-eabi/lib/thumb/v7e-m+fp/hard/libnosys.a(read.o)
                0x000000000001fc3c                _read
 .text._write   0x000000000001fc4c       0x10 /usr/local/playdate/gcc-arm-none-eabi-9-2019-q4-major/bin/../lib/gcc/arm-none-eabi/9.2.1/../../../../arm-none-eabi/lib/thumb/v7e-m+fp/hard/libnosys.a(write.o)
                0x000000000001fc4c                _write
 *(.init)
 *(.fini)
 *crtbegin.o(.ctors)
 *crtbegin?.o(.ctors)
 *(EXCLUDE_FILE(*crtend.o *crtend?.o) .ctors)
 *(SORT_BY_NAME(.ctors.*))
 *(.ctors)
 *crtbegin.o(.dtors)
 *crtbegin?.o(.dtors)
 *(EXCLUDE_FILE(*crtend.o *crtend?.o) .dtors)
 *(SORT_BY_NAME(.dtors.*))
 *(.dtors)
 *(.rodata*)
 .rodata.str1.4
                0x000000000001fc5c      0x805 /var/folders/qt/4s_5gkqn5dzd2yn1mvbv2ymw0000gn/T//PokeMini_DEVICE.elf.BKtdh1.ltrans0.ltrans.o
 *fill*         0x0000000000020461        0x3 
 .rodata        0x0000000000020464     0x29a0 /var/folders/qt/4s_5gkqn5dzd2yn1mvbv2ymw0000gn/T//PokeMini_DEVICE.elf.BKtdh1.ltrans0.ltrans.o
                0x0000000000020cd0                LCDDirtyPixels
                0x0000000000021df0                PRCRenderBG
                0x0000000000021df0                PRCAllowStall
                0x0000000000021df4                UIMenu_MMax
                0x0000000000021df8                FreeBIOS
                0x0000000000022df8                VidEnableHighcolor
                0x0000000000022dfc                PokeMini_PostConfigSave
                0x0000000000022dfc                PokeMini_CustomSaveEEPROM
                0x0000000000022e00                PokeDebugFOut
                0x0000000000022e00                PokeDebugFErr
 .rodata.str1.4
                0x0000000000022e04      0x110 /var/folders/qt/4s_5gkqn5dzd2yn1mvbv2ymw0000gn/T//PokeMini_DEVICE.elf.BKtdh1.ltrans1.ltrans.o
 .rodata        0x0000000000022f14       0x80 /var/folders/qt/4s_5gkqn5dzd2yn1mvbv2ymw0000gn/T//PokeMini_DEVICE.elf.BKtdh1.ltrans1.ltrans.o
 .rodata.str1.4
                0x0000000000022f94      0x973 /var/folders/qt/4s_5gkqn5dzd2yn1mvbv2ymw0000gn/T//PokeMini_DEVICE.elf.BKtdh1.ltrans2.ltrans.o
                                        0x9d7 (size before relaxing)
 *fill*         0x0000000000023907        0x1 
 .rodata        0x0000000000023908     0x1280 /var/folders/qt/4s_5gkqn5dzd2yn1mvbv2ymw0000gn/T//PokeMini_DEVICE.elf.BKtdh1.ltrans2.ltrans.o
 .rodata._ctype_
                0x0000000000024b88      0x101 /usr/local/playdate/gcc-arm-none-eabi-9-2019-q4-major/bin/../lib/gcc/arm-none-eabi/9.2.1/../../../../arm-none-eabi/lib/thumb/v7e-m+fp/hard/libg.a(lib_a-ctype_.o)
                0x0000000000024b88                _ctype_
 *fill*         0x0000000000024c89        0x3 
 .rodata._global_impure_ptr
                0x0000000000024c8c        0x4 /usr/local/playdate/gcc-arm-none-eabi-9-2019-q4-major/bin/../lib/gcc/arm-none-eabi/9.2.1/../../../../arm-none-eabi/lib/thumb/v7e-m+fp/hard/libg.a(lib_a-impure.o)
                0x0000000000024c8c                _global_impure_ptr
 .rodata.__month_lengths
                0x0000000000024c90       0x60 /usr/local/playdate/gcc-arm-none-eabi-9-2019-q4-major/bin/../lib/gcc/arm-none-eabi/9.2.1/../../../../arm-none-eabi/lib/thumb/v7e-m+fp/hard/libg.a(lib_a-month_lengths.o)
                0x0000000000024c90                __month_lengths
 .rodata._tzset_unlocked_r.str1.4
                0x0000000000024cf0       0x53 /usr/local/playdate/gcc-arm-none-eabi-9-2019-q4-major/bin/../lib/gcc/arm-none-eabi/9.2.1/../../../../arm-none-eabi/lib/thumb/v7e-m+fp/hard/libg.a(lib_a-tzset_r.o)
 .rodata.str1.4
                0x0000000000024d43        0x4 /usr/local/playdate/gcc-arm-none-eabi-9-2019-q4-major/bin/../lib/gcc/arm-none-eabi/9.2.1/../../../../arm-none-eabi/lib/thumb/v7e-m+fp/hard/libg.a(lib_a-tzvars.o)
 *fill*         0x0000000000024d43        0x1 
 .rodata.basefix.8279
                0x0000000000024d44       0x22 /usr/local/playdate/gcc-arm-none-eabi-9-2019-q4-major/bin/../lib/gcc/arm-none-eabi/9.2.1/../../../../arm-none-eabi/lib/thumb/v7e-m+fp/hard/libg.a(lib_a-svfiscanf.o)
 *fill*         0x0000000000024d66        0x2 
 .rodata._setlocale_r.str1.4
                0x0000000000024d68        0xa /usr/local/playdate/gcc-arm-none-eabi-9-2019-q4-major/bin/../lib/gcc/arm-none-eabi/9.2.1/../../../../arm-none-eabi/lib/thumb/v7e-m+fp/hard/libg.a(lib_a-locale.o)
                                          0xd (size before relaxing)
 .rodata.str1.4
                0x0000000000024d72        0xa /usr/local/playdate/gcc-arm-none-eabi-9-2019-q4-major/bin/../lib/gcc/arm-none-eabi/9.2.1/../../../../arm-none-eabi/lib/thumb/v7e-m+fp/hard/libg.a(lib_a-locale.o)
                                          0x2 (size before relaxing)
 .rodata._mbrtowc_r.str1.4
                0x0000000000024d72        0x1 /usr/local/playdate/gcc-arm-none-eabi-9-2019-q4-major/bin/../lib/gcc/arm-none-eabi/9.2.1/../../../../arm-none-eabi/lib/thumb/v7e-m+fp/hard/libg.a(lib_a-mbrtowc.o)
 *fill*         0x0000000000024d72        0x2 
 .rodata._svfprintf_r.str1.4
                0x0000000000024d74       0x3f /usr/local/playdate/gcc-arm-none-eabi-9-2019-q4-major/bin/../lib/gcc/arm-none-eabi/9.2.1/../../../../arm-none-eabi/lib/thumb/v7e-m+fp/hard/libg.a(lib_a-svfprintf.o)
                                         0x42 (size before relaxing)
 *fill*         0x0000000000024db3        0x1 
 .rodata.blanks.8708
                0x0000000000024db4       0x10 /usr/local/playdate/gcc-arm-none-eabi-9-2019-q4-major/bin/../lib/gcc/arm-none-eabi/9.2.1/../../../../arm-none-eabi/lib/thumb/v7e-m+fp/hard/libg.a(lib_a-svfprintf.o)
 .rodata.zeroes.8709
                0x0000000000024dc4       0x10 /usr/local/playdate/gcc-arm-none-eabi-9-2019-q4-major/bin/../lib/gcc/arm-none-eabi/9.2.1/../../../../arm-none-eabi/lib/thumb/v7e-m+fp/hard/libg.a(lib_a-svfprintf.o)
 .rodata._vfprintf_r.str1.4
                0x0000000000024dd4       0x42 /usr/local/playdate/gcc-arm-none-eabi-9-2019-q4-major/bin/../lib/gcc/arm-none-eabi/9.2.1/../../../../arm-none-eabi/lib/thumb/v7e-m+fp/hard/libg.a(lib_a-vfprintf.o)
 .rodata.blanks.8723
                0x0000000000024dd4       0x10 /usr/local/playdate/gcc-arm-none-eabi-9-2019-q4-major/bin/../lib/gcc/arm-none-eabi/9.2.1/../../../../arm-none-eabi/lib/thumb/v7e-m+fp/hard/libg.a(lib_a-vfprintf.o)
 .rodata.zeroes.8724
                0x0000000000024de4       0x10 /usr/local/playdate/gcc-arm-none-eabi-9-2019-q4-major/bin/../lib/gcc/arm-none-eabi/9.2.1/../../../../arm-none-eabi/lib/thumb/v7e-m+fp/hard/libg.a(lib_a-vfprintf.o)
 .rodata._dtoa_r.str1.4
                0x0000000000024df4        0xd /usr/local/playdate/gcc-arm-none-eabi-9-2019-q4-major/bin/../lib/gcc/arm-none-eabi/9.2.1/../../../../arm-none-eabi/lib/thumb/v7e-m+fp/hard/libg.a(lib_a-dtoa.o)
                                         0x12 (size before relaxing)
 *fill*         0x0000000000024e01        0x7 
 .rodata.__mprec_bigtens
                0x0000000000024e08       0x28 /usr/local/playdate/gcc-arm-none-eabi-9-2019-q4-major/bin/../lib/gcc/arm-none-eabi/9.2.1/../../../../arm-none-eabi/lib/thumb/v7e-m+fp/hard/libg.a(lib_a-mprec.o)
                0x0000000000024e08                __mprec_bigtens
 .rodata.__mprec_tens
                0x0000000000024e30       0xc8 /usr/local/playdate/gcc-arm-none-eabi-9-2019-q4-major/bin/../lib/gcc/arm-none-eabi/9.2.1/../../../../arm-none-eabi/lib/thumb/v7e-m+fp/hard/libg.a(lib_a-mprec.o)
                0x0000000000024e30                __mprec_tens
 .rodata.p05.7478
                0x0000000000024ef8        0xc /usr/local/playdate/gcc-arm-none-eabi-9-2019-q4-major/bin/../lib/gcc/arm-none-eabi/9.2.1/../../../../arm-none-eabi/lib/thumb/v7e-m+fp/hard/libg.a(lib_a-mprec.o)
 *(.eh_frame*)

.glue_7         0x0000000000024f04        0x0
 .glue_7        0x0000000000024f04        0x0 linker stubs

.glue_7t        0x0000000000024f04        0x0
 .glue_7t       0x0000000000024f04        0x0 linker stubs

.vfp11_veneer   0x0000000000024f04        0x0
 .vfp11_veneer  0x0000000000024f04        0x0 linker stubs

.v4_bx          0x0000000000024f04        0x0
 .v4_bx         0x0000000000024f04        0x0 linker stubs

.iplt           0x0000000000024f04        0x0
 .iplt          0x0000000000024f04        0x0 /usr/local/playdate/gcc-arm-none-eabi-9-2019-q4-major/bin/../lib/gcc/arm-none-eabi/9.2.1/../../../../arm-none-eabi/lib/thumb/v7e-m+fp/hard/libg.a(lib_a-fclose.o)

.rel.dyn        0x0000000000024f04        0x0
 .rel.iplt      0x0000000000024f04        0x0 /usr/local/playdate/gcc-arm-none-eabi-9-2019-q4-major/bin/../lib/gcc/arm-none-eabi/9.2.1/../../../../arm-none-eabi/lib/thumb/v7e-m+fp/hard/libg.a(lib_a-fclose.o)

.data           0x0000000000024f08      0xd88
                0x0000000000024f08                __etext = .
                0x0000000000024f08                __data_start__ = .
 *(vtable)
 *(.data*)
 .data          0x0000000000024f08      0x788 /var/folders/qt/4s_5gkqn5dzd2yn1mvbv2ymw0000gn/T//PokeMini_DEVICE.elf.BKtdh1.ltrans0.ltrans.o
                0x000000000002568c                MinxPRC_Render
 .data._impure_ptr
                0x0000000000025690        0x4 /usr/local/playdate/gcc-arm-none-eabi-9-2019-q4-major/bin/../lib/gcc/arm-none-eabi/9.2.1/../../../../arm-none-eabi/lib/thumb/v7e-m+fp/hard/libg.a(lib_a-impure.o)
                0x0000000000025690                _impure_ptr
 *fill*         0x0000000000025694        0x4 
 .data.impure_data
                0x0000000000025698      0x428 /usr/local/playdate/gcc-arm-none-eabi-9-2019-q4-major/bin/../lib/gcc/arm-none-eabi/9.2.1/../../../../arm-none-eabi/lib/thumb/v7e-m+fp/hard/libg.a(lib_a-impure.o)
 .data._tzname  0x0000000000025ac0        0x8 /usr/local/playdate/gcc-arm-none-eabi-9-2019-q4-major/bin/../lib/gcc/arm-none-eabi/9.2.1/../../../../arm-none-eabi/lib/thumb/v7e-m+fp/hard/libg.a(lib_a-tzvars.o)
                0x0000000000025ac0                _tzname
 .data.tzinfo   0x0000000000025ac8       0x58 /usr/local/playdate/gcc-arm-none-eabi-9-2019-q4-major/bin/../lib/gcc/arm-none-eabi/9.2.1/../../../../arm-none-eabi/lib/thumb/v7e-m+fp/hard/libg.a(lib_a-gettzinfo.o)
 .data.environ  0x0000000000025b20        0x4 /usr/local/playdate/gcc-arm-none-eabi-9-2019-q4-major/bin/../lib/gcc/arm-none-eabi/9.2.1/../../../../arm-none-eabi/lib/thumb/v7e-m+fp/hard/libg.a(lib_a-environ.o)
                0x0000000000025b20                environ
 .data.__global_locale
                0x0000000000025b24      0x16c /usr/local/playdate/gcc-arm-none-eabi-9-2019-q4-major/bin/../lib/gcc/arm-none-eabi/9.2.1/../../../../arm-none-eabi/lib/thumb/v7e-m+fp/hard/libg.a(lib_a-locale.o)
                0x0000000000025b24                __global_locale
                0x0000000000025c90                . = ALIGN (0x4)
                [!provide]                        PROVIDE (__preinit_array_start = .)
 *(.preinit_array)
                [!provide]                        PROVIDE (__preinit_array_end = .)
                0x0000000000025c90                . = ALIGN (0x4)
                [!provide]                        PROVIDE (__init_array_start = .)
 *(SORT_BY_NAME(.init_array.*))
 *(.init_array)
                [!provide]                        PROVIDE (__init_array_end = .)
                0x0000000000025c90                . = ALIGN (0x4)
                [!provide]                        PROVIDE (__fini_array_start = .)
 *(SORT_BY_NAME(.fini_array.*))
 *(.fini_array)
                [!provide]                        PROVIDE (__fini_array_end = .)
                0x0000000000025c90                . = ALIGN (0x4)
                0x0000000000025c90                __data_end__ = .

.igot.plt       0x0000000000025c90        0x0
 .igot.plt      0x0000000000025c90        0x0 /usr/local/playdate/gcc-arm-none-eabi-9-2019-q4-major/bin/../lib/gcc/arm-none-eabi/9.2.1/../../../../arm-none-eabi/lib/thumb/v7e-m+fp/hard/libg.a(lib_a-fclose.o)

.bss            0x0000000000025c90     0x3b94
                0x0000000000025c90                . = ALIGN (0x4)
                0x0000000000025c90                __bss_start__ = .
 *(.bss*)
 .bss           0x0000000000025c90     0x3b38 /var/folders/qt/4s_5gkqn5dzd2yn1mvbv2ymw0000gn/T//PokeMini_DEVICE.elf.BKtdh1.ltrans0.ltrans.o
                0x0000000000025c90                MinxPRC
                0x0000000000025ca4                PM_ROM
                0x0000000000025ca8                PM_ROM_Mask
                0x0000000000025cb0                CommandLine
                0x00000000000262b0                MinxCPU
                0x00000000000262f0                MinxIRQ_MasterIRQ
                0x00000000000262f4                MinxTimers
                0x0000000000026378                MinxIO
                0x0000000000026384                EEPROM
                0x0000000000026388                StallCPU
                0x000000000002638c                PRCColorVMem
                0x0000000000026390                MinxColorPRC
                0x000000000002639c                LCDData
                0x00000000000263a0                LCDPixelsD
                0x00000000000263a4                LCDPixelsA
                0x00000000000263a8                MinxLCD
                0x00000000000263c0                MinxAudio
                0x00000000000263cc                PokeMini_EEPROMWritten
                0x00000000000263d4                VidPalette32
                0x00000000000263d8                VidPalColor32
                0x00000000000263dc                VidPalette16
                0x00000000000263e0                VidPalColor16
                0x00000000000263e4                UIMenu_CurrentItems
                0x00000000000263e8                UIMenu_CurrentItemsNum
                0x00000000000263ec                UIMenu_Cur
                0x00000000000263f4                PRCColorMap
                0x00000000000263fc                PRCColorPixels
                0x000000000002642c                PokeMini_ShockKey
                0x0000000000026434                LCDDirty
                0x000000000002645c                PokeMini_FreeBIOS
                0x0000000000026464                pd.lto_priv.0
                0x0000000000026468                expand_lut.lto_priv.0
                0x000000000002677c                PokeMini_BatteryStatus
                0x0000000000026780                PRCColorPixelsOld
                0x0000000000026784                LCDPixelsAS
                0x0000000000026788                RequireSoundSync
                0x000000000002678c                MinxAudio_ReadPtr
                0x0000000000026790                MinxAudio_WritePtr
                0x0000000000026794                MinxAudio_FIFOMask
                0x0000000000026798                MinxAudio_FIFOSize
                0x000000000002679c                PokeMini_OnReset
                0x00000000000267a4                PokeMini_LCDMode
                0x00000000000267a8                PiezoFilter
                0x00000000000267b0                MinxAudio_FIFO
                0x00000000000267b4                UIMenu_MOff
                0x00000000000267b8                PokeMini_RumblingLatch
                0x00000000000267bc                PokeMini_Rumbling
                0x00000000000267c0                VidPalColorH16
                0x00000000000267c4                VidPalColorH32
                0x00000000000267c8                PM_BIOS
                0x00000000000277c8                PM_RAM
 .bss           0x00000000000297c8        0x4 /var/folders/qt/4s_5gkqn5dzd2yn1mvbv2ymw0000gn/T//PokeMini_DEVICE.elf.BKtdh1.ltrans1.ltrans.o
                0x00000000000297c8                PokeHWCycles
 .bss           0x00000000000297cc        0x8 /var/folders/qt/4s_5gkqn5dzd2yn1mvbv2ymw0000gn/T//PokeMini_DEVICE.elf.BKtdh1.ltrans2.ltrans.o
 .bss.__tzname_dst
                0x00000000000297d4        0xb /usr/local/playdate/gcc-arm-none-eabi-9-2019-q4-major/bin/../lib/gcc/arm-none-eabi/9.2.1/../../../../arm-none-eabi/lib/thumb/v7e-m+fp/hard/libg.a(lib_a-tzset_r.o)
 *fill*         0x00000000000297df        0x1 
 .bss.__tzname_std
                0x00000000000297e0        0xb /usr/local/playdate/gcc-arm-none-eabi-9-2019-q4-major/bin/../lib/gcc/arm-none-eabi/9.2.1/../../../../arm-none-eabi/lib/thumb/v7e-m+fp/hard/libg.a(lib_a-tzset_r.o)
 *fill*         0x00000000000297eb        0x1 
 .bss.prev_tzenv
                0x00000000000297ec        0x4 /usr/local/playdate/gcc-arm-none-eabi-9-2019-q4-major/bin/../lib/gcc/arm-none-eabi/9.2.1/../../../../arm-none-eabi/lib/thumb/v7e-m+fp/hard/libg.a(lib_a-tzset_r.o)
 .bss._daylight
                0x00000000000297f0        0x4 /usr/local/playdate/gcc-arm-none-eabi-9-2019-q4-major/bin/../lib/gcc/arm-none-eabi/9.2.1/../../../../arm-none-eabi/lib/thumb/v7e-m+fp/hard/libg.a(lib_a-tzvars.o)
                0x00000000000297f0                _daylight
 .bss._timezone
                0x00000000000297f4        0x4 /usr/local/playdate/gcc-arm-none-eabi-9-2019-q4-major/bin/../lib/gcc/arm-none-eabi/9.2.1/../../../../arm-none-eabi/lib/thumb/v7e-m+fp/hard/libg.a(lib_a-tzvars.o)
                0x00000000000297f4                _timezone
 .bss.initial_env
                0x00000000000297f8        0x4 /usr/local/playdate/gcc-arm-none-eabi-9-2019-q4-major/bin/../lib/gcc/arm-none-eabi/9.2.1/../../../../arm-none-eabi/lib/thumb/v7e-m+fp/hard/libg.a(lib_a-environ.o)
 *(COMMON)
 COMMON         0x00000000000297fc       0x21 /usr/local/playdate/gcc-arm-none-eabi-9-2019-q4-major/bin/../lib/gcc/arm-none-eabi/9.2.1/../../../../arm-none-eabi/lib/thumb/v7e-m+fp/hard/libg.a(lib_a-lock.o)
                0x00000000000297fc                __lock___atexit_recursive_mutex
                0x0000000000029800                __lock___arc4random_mutex
                0x0000000000029804                __lock___env_recursive_mutex
                0x0000000000029808                __lock___sinit_recursive_mutex
                0x000000000002980c                __lock___malloc_recursive_mutex
                0x0000000000029810                __lock___at_quick_exit_mutex
                0x0000000000029814                __lock___dd_hash_mutex
                0x0000000000029818                __lock___tz_mutex
                0x000000000002981c                __lock___sfp_recursive_mutex
 *fill*         0x000000000002981d        0x3 
 COMMON         0x0000000000029820        0x4 /usr/local/playdate/gcc-arm-none-eabi-9-2019-q4-major/bin/../lib/gcc/arm-none-eabi/9.2.1/../../../../arm-none-eabi/lib/thumb/v7e-m+fp/hard/libg.a(lib_a-reent.o)
                0x0000000000029820                errno
 *(COM)
                0x0000000000029824                . = ALIGN (0x4)
                0x0000000000029824                __bss_end__ = .

/DISCARD/
 *(.ARM.exidx)
OUTPUT(PokeMini_DEVICE.elf elf32-littlearm)

.debug_info     0x0000000000000000    0x50ecb
 .debug_info    0x0000000000000000     0x94bb /var/folders/qt/4s_5gkqn5dzd2yn1mvbv2ymw0000gn/T//PokeMini_DEVICE.elf.BKtdh1.ltrans0.ltrans.o
 .debug_info    0x00000000000094bb     0x9446 /var/folders/qt/4s_5gkqn5dzd2yn1mvbv2ymw0000gn/T//PokeMini_DEVICE.elf.BKtdh1.ltrans1.ltrans.o
 .debug_info    0x0000000000012901     0x7878 /var/folders/qt/4s_5gkqn5dzd2yn1mvbv2ymw0000gn/T//PokeMini_DEVICE.elf.BKtdh1.ltrans2.ltrans.o
 .debug_info    0x000000000001a179     0x8982 /var/folders/qt/4s_5gkqn5dzd2yn1mvbv2ymw0000gn/T//ccAG2LZ3.debug.temp.o
                0x000000000001a179                PokeMini_Playdate.c.cf43a45b
 .debug_info    0x0000000000022afb       0x54 /var/folders/qt/4s_5gkqn5dzd2yn1mvbv2ymw0000gn/T//ccYGUsfj.debug.temp.o
                0x0000000000022afb                freebios.c.cf5f14b3
 .debug_info    0x0000000000022b4f     0x1150 /var/folders/qt/4s_5gkqn5dzd2yn1mvbv2ymw0000gn/T//cciUTmC7.debug.temp.o
                0x0000000000022b4f                PMCommon.c.5bb7890c
 .debug_info    0x0000000000023c9f     0x278b /var/folders/qt/4s_5gkqn5dzd2yn1mvbv2ymw0000gn/T//ccdGY2uR.debug.temp.o
                0x0000000000023c9f                PokeMini.c.76fd2308
 .debug_info    0x000000000002642a     0x1ee8 /var/folders/qt/4s_5gkqn5dzd2yn1mvbv2ymw0000gn/T//ccT6u5PH.debug.temp.o
                0x000000000002642a                Multicart.c.291c13e6
 .debug_info    0x0000000000028312     0x1f2b /var/folders/qt/4s_5gkqn5dzd2yn1mvbv2ymw0000gn/T//ccu6iGgm.debug.temp.o
                0x0000000000028312                Hardware.c.0ae737b1
 .debug_info    0x000000000002a23d     0x260f /var/folders/qt/4s_5gkqn5dzd2yn1mvbv2ymw0000gn/T//ccORwHlW.debug.temp.o
                0x000000000002a23d                Video.c.3faa9779
 .debug_info    0x000000000002c84c     0x219c /var/folders/qt/4s_5gkqn5dzd2yn1mvbv2ymw0000gn/T//ccCoVyzx.debug.temp.o
                0x000000000002c84c                Video_x1.c.b2392e59
 .debug_info    0x000000000002e9e8     0x235f /var/folders/qt/4s_5gkqn5dzd2yn1mvbv2ymw0000gn/T//ccbMM2g5.debug.temp.o
                0x000000000002e9e8                CommandLine.c.0a4b30c1
 .debug_info    0x0000000000030d47     0x1e77 /var/folders/qt/4s_5gkqn5dzd2yn1mvbv2ymw0000gn/T//cc2RCsoy.debug.temp.o
                0x0000000000030d47                MinxCPU.c.43ba22f9
 .debug_info    0x0000000000032bbe     0x1069 /var/folders/qt/4s_5gkqn5dzd2yn1mvbv2ymw0000gn/T//ccaGvmCf.debug.temp.o
                0x0000000000032bbe                MinxCPU_XX.c.760b3ae9
 .debug_info    0x0000000000033c27     0x1084 /var/folders/qt/4s_5gkqn5dzd2yn1mvbv2ymw0000gn/T//ccmrlGvK.debug.temp.o
                0x0000000000033c27                MinxCPU_CE.c.9b90d1d5
 .debug_info    0x0000000000034cab      0xd98 /var/folders/qt/4s_5gkqn5dzd2yn1mvbv2ymw0000gn/T//cckOpUOi.debug.temp.o
                0x0000000000034cab                MinxCPU_CF.c.5f69d9b4
 .debug_info    0x0000000000035a43      0xc6a /var/folders/qt/4s_5gkqn5dzd2yn1mvbv2ymw0000gn/T//cc84Up1Y.debug.temp.o
                0x0000000000035a43                MinxCPU_SP.c.b44a22ba
 .debug_info    0x00000000000366ad     0x1eff /var/folders/qt/4s_5gkqn5dzd2yn1mvbv2ymw0000gn/T//cc5ZjRD4.debug.temp.o
                0x00000000000366ad                MinxTimers.c.c5311581
 .debug_info    0x00000000000385ac     0x20fa /var/folders/qt/4s_5gkqn5dzd2yn1mvbv2ymw0000gn/T//ccaZQaqb.debug.temp.o
                0x00000000000385ac                MinxIO.c.95707a15
 .debug_info    0x000000000003a6a6     0x1e7c /var/folders/qt/4s_5gkqn5dzd2yn1mvbv2ymw0000gn/T//ccK5QjpS.debug.temp.o
                0x000000000003a6a6                MinxIRQ.c.d7a4193a
 .debug_info    0x000000000003c522     0x2099 /var/folders/qt/4s_5gkqn5dzd2yn1mvbv2ymw0000gn/T//ccKoQimK.debug.temp.o
                0x000000000003c522                MinxPRC.c.009076ed
 .debug_info    0x000000000003e5bb     0x2300 /var/folders/qt/4s_5gkqn5dzd2yn1mvbv2ymw0000gn/T//cc0Mjcz6.debug.temp.o
                0x000000000003e5bb                MinxColorPRC.c.74c1b0ae
 .debug_info    0x00000000000408bb     0x20a2 /var/folders/qt/4s_5gkqn5dzd2yn1mvbv2ymw0000gn/T//ccvyPsJz.debug.temp.o
                0x00000000000408bb                MinxLCD.c.812d1a3c
 .debug_info    0x000000000004295d     0x23c3 /var/folders/qt/4s_5gkqn5dzd2yn1mvbv2ymw0000gn/T//ccRupuI0.debug.temp.o
                0x000000000004295d                MinxAudio.c.bd4e6326
 .debug_info    0x0000000000044d20     0x2b18 /var/folders/qt/4s_5gkqn5dzd2yn1mvbv2ymw0000gn/T//ccag5OFb.debug.temp.o
                0x0000000000044d20                UI.c.5d4cc539
 .debug_info    0x0000000000047838     0x20ca /var/folders/qt/4s_5gkqn5dzd2yn1mvbv2ymw0000gn/T//ccaDbgea.debug.temp.o
                0x0000000000047838                Joystick.c.5e4ea1bf
 .debug_info    0x0000000000049902      0x109 /var/folders/qt/4s_5gkqn5dzd2yn1mvbv2ymw0000gn/T//ccUsjJWD.debug.temp.o
                0x0000000000049902                PokeMini_ColorPal.c.507eecb7
 .debug_info    0x0000000000049a0b     0x74c0 /var/folders/qt/4s_5gkqn5dzd2yn1mvbv2ymw0000gn/T//ccXnBF8t.debug.temp.o
                0x0000000000049a0b                setup.c.5d969811

.debug_abbrev   0x0000000000000000     0x4791
 .debug_abbrev  0x0000000000000000      0x2f1 /var/folders/qt/4s_5gkqn5dzd2yn1mvbv2ymw0000gn/T//PokeMini_DEVICE.elf.BKtdh1.ltrans0.ltrans.o
 .debug_abbrev  0x00000000000002f1      0x23c /var/folders/qt/4s_5gkqn5dzd2yn1mvbv2ymw0000gn/T//PokeMini_DEVICE.elf.BKtdh1.ltrans1.ltrans.o
 .debug_abbrev  0x000000000000052d      0x285 /var/folders/qt/4s_5gkqn5dzd2yn1mvbv2ymw0000gn/T//PokeMini_DEVICE.elf.BKtdh1.ltrans2.ltrans.o
 .debug_abbrev  0x00000000000007b2      0x37b /var/folders/qt/4s_5gkqn5dzd2yn1mvbv2ymw0000gn/T//ccAG2LZ3.debug.temp.o
 .debug_abbrev  0x0000000000000b2d       0x45 /var/folders/qt/4s_5gkqn5dzd2yn1mvbv2ymw0000gn/T//ccYGUsfj.debug.temp.o
 .debug_abbrev  0x0000000000000b72      0x2dd /var/folders/qt/4s_5gkqn5dzd2yn1mvbv2ymw0000gn/T//cciUTmC7.debug.temp.o
 .debug_abbrev  0x0000000000000e4f      0x33f /var/folders/qt/4s_5gkqn5dzd2yn1mvbv2ymw0000gn/T//ccdGY2uR.debug.temp.o
 .debug_abbrev  0x000000000000118e      0x25a /var/folders/qt/4s_5gkqn5dzd2yn1mvbv2ymw0000gn/T//ccT6u5PH.debug.temp.o
 .debug_abbrev  0x00000000000013e8      0x27b /var/folders/qt/4s_5gkqn5dzd2yn1mvbv2ymw0000gn/T//ccu6iGgm.debug.temp.o
 .debug_abbrev  0x0000000000001663      0x2b4 /var/folders/qt/4s_5gkqn5dzd2yn1mvbv2ymw0000gn/T//ccORwHlW.debug.temp.o
 .debug_abbrev  0x0000000000001917      0x243 /var/folders/qt/4s_5gkqn5dzd2yn1mvbv2ymw0000gn/T//ccCoVyzx.debug.temp.o
 .debug_abbrev  0x0000000000001b5a      0x2b2 /var/folders/qt/4s_5gkqn5dzd2yn1mvbv2ymw0000gn/T//ccbMM2g5.debug.temp.o
 .debug_abbrev  0x0000000000001e0c      0x289 /var/folders/qt/4s_5gkqn5dzd2yn1mvbv2ymw0000gn/T//cc2RCsoy.debug.temp.o
 .debug_abbrev  0x0000000000002095      0x2e2 /var/folders/qt/4s_5gkqn5dzd2yn1mvbv2ymw0000gn/T//ccaGvmCf.debug.temp.o
 .debug_abbrev  0x0000000000002377      0x2e4 /var/folders/qt/4s_5gkqn5dzd2yn1mvbv2ymw0000gn/T//ccmrlGvK.debug.temp.o
 .debug_abbrev  0x000000000000265b      0x286 /var/folders/qt/4s_5gkqn5dzd2yn1mvbv2ymw0000gn/T//cckOpUOi.debug.temp.o
 .debug_abbrev  0x00000000000028e1      0x200 /var/folders/qt/4s_5gkqn5dzd2yn1mvbv2ymw0000gn/T//cc84Up1Y.debug.temp.o
 .debug_abbrev  0x0000000000002ae1      0x2c0 /var/folders/qt/4s_5gkqn5dzd2yn1mvbv2ymw0000gn/T//cc5ZjRD4.debug.temp.o
 .debug_abbrev  0x0000000000002da1      0x2e3 /var/folders/qt/4s_5gkqn5dzd2yn1mvbv2ymw0000gn/T//ccaZQaqb.debug.temp.o
 .debug_abbrev  0x0000000000003084      0x249 /var/folders/qt/4s_5gkqn5dzd2yn1mvbv2ymw0000gn/T//ccK5QjpS.debug.temp.o
 .debug_abbrev  0x00000000000032cd      0x2fa /var/folders/qt/4s_5gkqn5dzd2yn1mvbv2ymw0000gn/T//ccKoQimK.debug.temp.o
 .debug_abbrev  0x00000000000035c7      0x2fa /var/folders/qt/4s_5gkqn5dzd2yn1mvbv2ymw0000gn/T//cc0Mjcz6.debug.temp.o
 .debug_abbrev  0x00000000000038c1      0x2f1 /var/folders/qt/4s_5gkqn5dzd2yn1mvbv2ymw0000gn/T//ccvyPsJz.debug.temp.o
 .debug_abbrev  0x0000000000003bb2      0x331 /var/folders/qt/4s_5gkqn5dzd2yn1mvbv2ymw0000gn/T//ccRupuI0.debug.temp.o
 .debug_abbrev  0x0000000000003ee3      0x306 /var/folders/qt/4s_5gkqn5dzd2yn1mvbv2ymw0000gn/T//ccag5OFb.debug.temp.o
 .debug_abbrev  0x00000000000041e9      0x283 /var/folders/qt/4s_5gkqn5dzd2yn1mvbv2ymw0000gn/T//ccaDbgea.debug.temp.o
 .debug_abbrev  0x000000000000446c       0x5f /var/folders/qt/4s_5gkqn5dzd2yn1mvbv2ymw0000gn/T//ccUsjJWD.debug.temp.o
 .debug_abbrev  0x00000000000044cb      0x2c6 /var/folders/qt/4s_5gkqn5dzd2yn1mvbv2ymw0000gn/T//ccXnBF8t.debug.temp.o

.debug_loc      0x0000000000000000    0x22162
 .debug_loc     0x0000000000000000     0xeeaa /var/folders/qt/4s_5gkqn5dzd2yn1mvbv2ymw0000gn/T//PokeMini_DEVICE.elf.BKtdh1.ltrans0.ltrans.o
 .debug_loc     0x000000000000eeaa     0x74aa /var/folders/qt/4s_5gkqn5dzd2yn1mvbv2ymw0000gn/T//PokeMini_DEVICE.elf.BKtdh1.ltrans1.ltrans.o
 .debug_loc     0x0000000000016354     0xbe0e /var/folders/qt/4s_5gkqn5dzd2yn1mvbv2ymw0000gn/T//PokeMini_DEVICE.elf.BKtdh1.ltrans2.ltrans.o

.debug_aranges  0x0000000000000000       0x60
 .debug_aranges
                0x0000000000000000       0x20 /var/folders/qt/4s_5gkqn5dzd2yn1mvbv2ymw0000gn/T//PokeMini_DEVICE.elf.BKtdh1.ltrans0.ltrans.o
 .debug_aranges
                0x0000000000000020       0x20 /var/folders/qt/4s_5gkqn5dzd2yn1mvbv2ymw0000gn/T//PokeMini_DEVICE.elf.BKtdh1.ltrans1.ltrans.o
 .debug_aranges
                0x0000000000000040       0x20 /var/folders/qt/4s_5gkqn5dzd2yn1mvbv2ymw0000gn/T//PokeMini_DEVICE.elf.BKtdh1.ltrans2.ltrans.o

.debug_ranges   0x0000000000000000     0xaf98
 .debug_ranges  0x0000000000000000     0x4660 /var/folders/qt/4s_5gkqn5dzd2yn1mvbv2ymw0000gn/T//PokeMini_DEVICE.elf.BKtdh1.ltrans0.ltrans.o
 .debug_ranges  0x0000000000004660     0x2c60 /var/folders/qt/4s_5gkqn5dzd2yn1mvbv2ymw0000gn/T//PokeMini_DEVICE.elf.BKtdh1.ltrans1.ltrans.o
 .debug_ranges  0x00000000000072c0     0x3cd8 /var/folders/qt/4s_5gkqn5dzd2yn1mvbv2ymw0000gn/T//PokeMini_DEVICE.elf.BKtdh1.ltrans2.ltrans.o

.debug_line     0x0000000000000000    0x20103
 .debug_line    0x0000000000000000     0x78c8 /var/folders/qt/4s_5gkqn5dzd2yn1mvbv2ymw0000gn/T//PokeMini_DEVICE.elf.BKtdh1.ltrans0.ltrans.o
 .debug_line    0x00000000000078c8     0xb49a /var/folders/qt/4s_5gkqn5dzd2yn1mvbv2ymw0000gn/T//PokeMini_DEVICE.elf.BKtdh1.ltrans1.ltrans.o
 .debug_line    0x0000000000012d62     0x941d /var/folders/qt/4s_5gkqn5dzd2yn1mvbv2ymw0000gn/T//PokeMini_DEVICE.elf.BKtdh1.ltrans2.ltrans.o
 .debug_line    0x000000000001c17f      0x474 /var/folders/qt/4s_5gkqn5dzd2yn1mvbv2ymw0000gn/T//ccAG2LZ3.debug.temp.o
 .debug_line    0x000000000001c5f3       0x52 /var/folders/qt/4s_5gkqn5dzd2yn1mvbv2ymw0000gn/T//ccYGUsfj.debug.temp.o
 .debug_line    0x000000000001c645      0x1bd /var/folders/qt/4s_5gkqn5dzd2yn1mvbv2ymw0000gn/T//cciUTmC7.debug.temp.o
 .debug_line    0x000000000001c802      0x333 /var/folders/qt/4s_5gkqn5dzd2yn1mvbv2ymw0000gn/T//ccdGY2uR.debug.temp.o
 .debug_line    0x000000000001cb35      0x2c0 /var/folders/qt/4s_5gkqn5dzd2yn1mvbv2ymw0000gn/T//ccT6u5PH.debug.temp.o
 .debug_line    0x000000000001cdf5      0x2bf /var/folders/qt/4s_5gkqn5dzd2yn1mvbv2ymw0000gn/T//ccu6iGgm.debug.temp.o
 .debug_line    0x000000000001d0b4      0x312 /var/folders/qt/4s_5gkqn5dzd2yn1mvbv2ymw0000gn/T//ccORwHlW.debug.temp.o
 .debug_line    0x000000000001d3c6      0x2cd /var/folders/qt/4s_5gkqn5dzd2yn1mvbv2ymw0000gn/T//ccCoVyzx.debug.temp.o
 .debug_line    0x000000000001d693      0x2d0 /var/folders/qt/4s_5gkqn5dzd2yn1mvbv2ymw0000gn/T//ccbMM2g5.debug.temp.o
 .debug_line    0x000000000001d963      0x2cd /var/folders/qt/4s_5gkqn5dzd2yn1mvbv2ymw0000gn/T//cc2RCsoy.debug.temp.o
 .debug_line    0x000000000001dc30      0x1ab /var/folders/qt/4s_5gkqn5dzd2yn1mvbv2ymw0000gn/T//ccaGvmCf.debug.temp.o
 .debug_line    0x000000000001dddb      0x1ab /var/folders/qt/4s_5gkqn5dzd2yn1mvbv2ymw0000gn/T//ccmrlGvK.debug.temp.o
 .debug_line    0x000000000001df86      0x1ab /var/folders/qt/4s_5gkqn5dzd2yn1mvbv2ymw0000gn/T//cckOpUOi.debug.temp.o
 .debug_line    0x000000000001e131      0x1ab /var/folders/qt/4s_5gkqn5dzd2yn1mvbv2ymw0000gn/T//cc84Up1Y.debug.temp.o
 .debug_line    0x000000000001e2dc      0x2d0 /var/folders/qt/4s_5gkqn5dzd2yn1mvbv2ymw0000gn/T//cc5ZjRD4.debug.temp.o
 .debug_line    0x000000000001e5ac      0x2cc /var/folders/qt/4s_5gkqn5dzd2yn1mvbv2ymw0000gn/T//ccaZQaqb.debug.temp.o
 .debug_line    0x000000000001e878      0x2cd /var/folders/qt/4s_5gkqn5dzd2yn1mvbv2ymw0000gn/T//ccK5QjpS.debug.temp.o
 .debug_line    0x000000000001eb45      0x2cd /var/folders/qt/4s_5gkqn5dzd2yn1mvbv2ymw0000gn/T//ccKoQimK.debug.temp.o
 .debug_line    0x000000000001ee12      0x2d2 /var/folders/qt/4s_5gkqn5dzd2yn1mvbv2ymw0000gn/T//cc0Mjcz6.debug.temp.o
 .debug_line    0x000000000001f0e4      0x2cd /var/folders/qt/4s_5gkqn5dzd2yn1mvbv2ymw0000gn/T//ccvyPsJz.debug.temp.o
 .debug_line    0x000000000001f3b1      0x2cf /var/folders/qt/4s_5gkqn5dzd2yn1mvbv2ymw0000gn/T//ccRupuI0.debug.temp.o
 .debug_line    0x000000000001f680      0x348 /var/folders/qt/4s_5gkqn5dzd2yn1mvbv2ymw0000gn/T//ccag5OFb.debug.temp.o
 .debug_line    0x000000000001f9c8      0x2cd /var/folders/qt/4s_5gkqn5dzd2yn1mvbv2ymw0000gn/T//ccaDbgea.debug.temp.o
 .debug_line    0x000000000001fc95      0x120 /var/folders/qt/4s_5gkqn5dzd2yn1mvbv2ymw0000gn/T//ccUsjJWD.debug.temp.o
 .debug_line    0x000000000001fdb5      0x34e /var/folders/qt/4s_5gkqn5dzd2yn1mvbv2ymw0000gn/T//ccXnBF8t.debug.temp.o

.debug_str      0x0000000000000000     0x7730
 .debug_str     0x0000000000000000      0x2ff /var/folders/qt/4s_5gkqn5dzd2yn1mvbv2ymw0000gn/T//PokeMini_DEVICE.elf.BKtdh1.ltrans0.ltrans.o
                                        0x335 (size before relaxing)
 .debug_str     0x00000000000002ff       0x15 /var/folders/qt/4s_5gkqn5dzd2yn1mvbv2ymw0000gn/T//PokeMini_DEVICE.elf.BKtdh1.ltrans1.ltrans.o
                                        0x1a1 (size before relaxing)
 .debug_str     0x0000000000000314       0x6c /var/folders/qt/4s_5gkqn5dzd2yn1mvbv2ymw0000gn/T//PokeMini_DEVICE.elf.BKtdh1.ltrans2.ltrans.o
                                        0x2b9 (size before relaxing)
 .debug_str     0x0000000000000380     0x407b /var/folders/qt/4s_5gkqn5dzd2yn1mvbv2ymw0000gn/T//ccAG2LZ3.debug.temp.o
                                       0x444c (size before relaxing)
 .debug_str     0x00000000000043fb       0x32 /var/folders/qt/4s_5gkqn5dzd2yn1mvbv2ymw0000gn/T//ccYGUsfj.debug.temp.o
                                        0x1ba (size before relaxing)
 .debug_str     0x000000000000442d      0x2b6 /var/folders/qt/4s_5gkqn5dzd2yn1mvbv2ymw0000gn/T//cciUTmC7.debug.temp.o
                                        0x90b (size before relaxing)
 .debug_str     0x00000000000046e3      0x52b /var/folders/qt/4s_5gkqn5dzd2yn1mvbv2ymw0000gn/T//ccdGY2uR.debug.temp.o
                                       0x1891 (size before relaxing)
 .debug_str     0x0000000000004c0e       0xd2 /var/folders/qt/4s_5gkqn5dzd2yn1mvbv2ymw0000gn/T//ccT6u5PH.debug.temp.o
                                       0x1361 (size before relaxing)
 .debug_str     0x0000000000004ce0      0x1c4 /var/folders/qt/4s_5gkqn5dzd2yn1mvbv2ymw0000gn/T//ccu6iGgm.debug.temp.o
                                       0x14a9 (size before relaxing)
 .debug_str     0x0000000000004ea4      0x404 /var/folders/qt/4s_5gkqn5dzd2yn1mvbv2ymw0000gn/T//ccORwHlW.debug.temp.o
                                       0x16e7 (size before relaxing)
 .debug_str     0x00000000000052a8      0x19f /var/folders/qt/4s_5gkqn5dzd2yn1mvbv2ymw0000gn/T//ccCoVyzx.debug.temp.o
                                       0x1455 (size before relaxing)
 .debug_str     0x0000000000005447      0x72d /var/folders/qt/4s_5gkqn5dzd2yn1mvbv2ymw0000gn/T//ccbMM2g5.debug.temp.o
                                       0x19f4 (size before relaxing)
 .debug_str     0x0000000000005b74      0x103 /var/folders/qt/4s_5gkqn5dzd2yn1mvbv2ymw0000gn/T//cc2RCsoy.debug.temp.o
                                       0x13a0 (size before relaxing)
 .debug_str     0x0000000000005c77       0xe8 /var/folders/qt/4s_5gkqn5dzd2yn1mvbv2ymw0000gn/T//ccaGvmCf.debug.temp.o
                                        0x80e (size before relaxing)
 .debug_str     0x0000000000005d5f       0x51 /var/folders/qt/4s_5gkqn5dzd2yn1mvbv2ymw0000gn/T//ccmrlGvK.debug.temp.o
                                        0x7ef (size before relaxing)
 .debug_str     0x0000000000005db0       0x47 /var/folders/qt/4s_5gkqn5dzd2yn1mvbv2ymw0000gn/T//cckOpUOi.debug.temp.o
                                        0x74b (size before relaxing)
 .debug_str     0x0000000000005df7       0x54 /var/folders/qt/4s_5gkqn5dzd2yn1mvbv2ymw0000gn/T//cc84Up1Y.debug.temp.o
                                        0x727 (size before relaxing)
 .debug_str     0x0000000000005e4b      0x195 /var/folders/qt/4s_5gkqn5dzd2yn1mvbv2ymw0000gn/T//cc5ZjRD4.debug.temp.o
                                       0x144b (size before relaxing)
 .debug_str     0x0000000000005fe0      0x303 /var/folders/qt/4s_5gkqn5dzd2yn1mvbv2ymw0000gn/T//ccaZQaqb.debug.temp.o
                                       0x15fc (size before relaxing)
 .debug_str     0x00000000000062e3       0xc0 /var/folders/qt/4s_5gkqn5dzd2yn1mvbv2ymw0000gn/T//ccK5QjpS.debug.temp.o
                                       0x137b (size before relaxing)
 .debug_str     0x00000000000063a3      0x1a2 /var/folders/qt/4s_5gkqn5dzd2yn1mvbv2ymw0000gn/T//ccKoQimK.debug.temp.o
                                       0x146e (size before relaxing)
 .debug_str     0x0000000000006545      0x1c5 /var/folders/qt/4s_5gkqn5dzd2yn1mvbv2ymw0000gn/T//cc0Mjcz6.debug.temp.o
                                       0x1502 (size before relaxing)
 .debug_str     0x000000000000670a      0x195 /var/folders/qt/4s_5gkqn5dzd2yn1mvbv2ymw0000gn/T//ccvyPsJz.debug.temp.o
                                       0x146e (size before relaxing)
 .debug_str     0x000000000000689f      0x474 /var/folders/qt/4s_5gkqn5dzd2yn1mvbv2ymw0000gn/T//ccRupuI0.debug.temp.o
                                       0x17ba (size before relaxing)
 .debug_str     0x0000000000006d13      0x717 /var/folders/qt/4s_5gkqn5dzd2yn1mvbv2ymw0000gn/T//ccag5OFb.debug.temp.o
                                       0x1bd1 (size before relaxing)
 .debug_str     0x000000000000742a      0x24a /var/folders/qt/4s_5gkqn5dzd2yn1mvbv2ymw0000gn/T//ccaDbgea.debug.temp.o
                                       0x1667 (size before relaxing)
 .debug_str     0x0000000000007674       0x3b /var/folders/qt/4s_5gkqn5dzd2yn1mvbv2ymw0000gn/T//ccUsjJWD.debug.temp.o
                                        0x2be (size before relaxing)
 .debug_str     0x00000000000076af       0x81 /var/folders/qt/4s_5gkqn5dzd2yn1mvbv2ymw0000gn/T//ccXnBF8t.debug.temp.o
                                       0x368d (size before relaxing)

.comment        0x0000000000000000       0x79
 .comment       0x0000000000000000       0x79 /var/folders/qt/4s_5gkqn5dzd2yn1mvbv2ymw0000gn/T//PokeMini_DEVICE.elf.BKtdh1.ltrans0.ltrans.o
                                         0x7a (size before relaxing)
 .comment       0x0000000000000079       0x7a /var/folders/qt/4s_5gkqn5dzd2yn1mvbv2ymw0000gn/T//PokeMini_DEVICE.elf.BKtdh1.ltrans1.ltrans.o
 .comment       0x0000000000000079       0x7a /var/folders/qt/4s_5gkqn5dzd2yn1mvbv2ymw0000gn/T//PokeMini_DEVICE.elf.BKtdh1.ltrans2.ltrans.o

.ARM.attributes
                0x0000000000000000       0x32
 .ARM.attributes
                0x0000000000000000       0x32 /var/folders/qt/4s_5gkqn5dzd2yn1mvbv2ymw0000gn/T//PokeMini_DEVICE.elf.BKtdh1.ltrans0.ltrans.o
 .ARM.attributes
                0x0000000000000032       0x32 /var/folders/qt/4s_5gkqn5dzd2yn1mvbv2ymw0000gn/T//PokeMini_DEVICE.elf.BKtdh1.ltrans1.ltrans.o
 .ARM.attributes
                0x0000000000000064       0x32 /var/folders/qt/4s_5gkqn5dzd2yn1mvbv2ymw0000gn/T//PokeMini_DEVICE.elf.BKtdh1.ltrans2.ltrans.o
 .ARM.attributes
                0x0000000000000096       0x32 /usr/local/playdate/gcc-arm-none-eabi-9-2019-q4-major/bin/../lib/gcc/arm-none-eabi/9.2.1/../../../../arm-none-eabi/lib/thumb/v7e-m+fp/hard/libg.a(lib_a-ctype_.o)
 .ARM.attributes
                0x00000000000000c8       0x34 /usr/local/playdate/gcc-arm-none-eabi-9-2019-q4-major/bin/../lib/gcc/arm-none-eabi/9.2.1/../../../../arm-none-eabi/lib/thumb/v7e-m+fp/hard/libg.a(lib_a-fclose.o)
 .ARM.attributes
                0x00000000000000fc       0x34 /usr/local/playdate/gcc-arm-none-eabi-9-2019-q4-major/bin/../lib/gcc/arm-none-eabi/9.2.1/../../../../arm-none-eabi/lib/thumb/v7e-m+fp/hard/libg.a(lib_a-fflush.o)
 .ARM.attributes
                0x0000000000000130       0x34 /usr/local/playdate/gcc-arm-none-eabi-9-2019-q4-major/bin/../lib/gcc/arm-none-eabi/9.2.1/../../../../arm-none-eabi/lib/thumb/v7e-m+fp/hard/libg.a(lib_a-findfp.o)
 .ARM.attributes
                0x0000000000000164       0x34 /usr/local/playdate/gcc-arm-none-eabi-9-2019-q4-major/bin/../lib/gcc/arm-none-eabi/9.2.1/../../../../arm-none-eabi/lib/thumb/v7e-m+fp/hard/libg.a(lib_a-fopen.o)
 .ARM.attributes
                0x0000000000000198       0x34 /usr/local/playdate/gcc-arm-none-eabi-9-2019-q4-major/bin/../lib/gcc/arm-none-eabi/9.2.1/../../../../arm-none-eabi/lib/thumb/v7e-m+fp/hard/libg.a(lib_a-fread.o)
 .ARM.attributes
                0x00000000000001cc       0x34 /usr/local/playdate/gcc-arm-none-eabi-9-2019-q4-major/bin/../lib/gcc/arm-none-eabi/9.2.1/../../../../arm-none-eabi/lib/thumb/v7e-m+fp/hard/libg.a(lib_a-fseek.o)
 .ARM.attributes
                0x0000000000000200       0x34 /usr/local/playdate/gcc-arm-none-eabi-9-2019-q4-major/bin/../lib/gcc/arm-none-eabi/9.2.1/../../../../arm-none-eabi/lib/thumb/v7e-m+fp/hard/libg.a(lib_a-fseeko.o)
 .ARM.attributes
                0x0000000000000234       0x34 /usr/local/playdate/gcc-arm-none-eabi-9-2019-q4-major/bin/../lib/gcc/arm-none-eabi/9.2.1/../../../../arm-none-eabi/lib/thumb/v7e-m+fp/hard/libg.a(lib_a-fstatr.o)
 .ARM.attributes
                0x0000000000000268       0x34 /usr/local/playdate/gcc-arm-none-eabi-9-2019-q4-major/bin/../lib/gcc/arm-none-eabi/9.2.1/../../../../arm-none-eabi/lib/thumb/v7e-m+fp/hard/libg.a(lib_a-fwalk.o)
 .ARM.attributes
                0x000000000000029c       0x32 /usr/local/playdate/gcc-arm-none-eabi-9-2019-q4-major/bin/../lib/gcc/arm-none-eabi/9.2.1/../../../../arm-none-eabi/lib/thumb/v7e-m+fp/hard/libg.a(lib_a-impure.o)
 .ARM.attributes
                0x00000000000002ce       0x34 /usr/local/playdate/gcc-arm-none-eabi-9-2019-q4-major/bin/../lib/gcc/arm-none-eabi/9.2.1/../../../../arm-none-eabi/lib/thumb/v7e-m+fp/hard/libg.a(lib_a-lcltime.o)
 .ARM.attributes
                0x0000000000000302       0x34 /usr/local/playdate/gcc-arm-none-eabi-9-2019-q4-major/bin/../lib/gcc/arm-none-eabi/9.2.1/../../../../arm-none-eabi/lib/thumb/v7e-m+fp/hard/libg.a(lib_a-lcltime_r.o)
 .ARM.attributes
                0x0000000000000336       0x34 /usr/local/playdate/gcc-arm-none-eabi-9-2019-q4-major/bin/../lib/gcc/arm-none-eabi/9.2.1/../../../../arm-none-eabi/lib/thumb/v7e-m+fp/hard/libg.a(lib_a-lock.o)
 .ARM.attributes
                0x000000000000036a       0x34 /usr/local/playdate/gcc-arm-none-eabi-9-2019-q4-major/bin/../lib/gcc/arm-none-eabi/9.2.1/../../../../arm-none-eabi/lib/thumb/v7e-m+fp/hard/libg.a(lib_a-makebuf.o)
 .ARM.attributes
                0x000000000000039e       0x1c /usr/local/playdate/gcc-arm-none-eabi-9-2019-q4-major/bin/../lib/gcc/arm-none-eabi/9.2.1/../../../../arm-none-eabi/lib/thumb/v7e-m+fp/hard/libg.a(lib_a-memchr.o)
 .ARM.attributes
                0x00000000000003ba       0x1c /usr/local/playdate/gcc-arm-none-eabi-9-2019-q4-major/bin/../lib/gcc/arm-none-eabi/9.2.1/../../../../arm-none-eabi/lib/thumb/v7e-m+fp/hard/libg.a(lib_a-memcpy.o)
 .ARM.attributes
                0x00000000000003d6       0x34 /usr/local/playdate/gcc-arm-none-eabi-9-2019-q4-major/bin/../lib/gcc/arm-none-eabi/9.2.1/../../../../arm-none-eabi/lib/thumb/v7e-m+fp/hard/libg.a(lib_a-memset.o)
 .ARM.attributes
                0x000000000000040a       0x32 /usr/local/playdate/gcc-arm-none-eabi-9-2019-q4-major/bin/../lib/gcc/arm-none-eabi/9.2.1/../../../../arm-none-eabi/lib/thumb/v7e-m+fp/hard/libg.a(lib_a-month_lengths.o)
 .ARM.attributes
                0x000000000000043c       0x34 /usr/local/playdate/gcc-arm-none-eabi-9-2019-q4-major/bin/../lib/gcc/arm-none-eabi/9.2.1/../../../../arm-none-eabi/lib/thumb/v7e-m+fp/hard/libg.a(lib_a-openr.o)
 .ARM.attributes
                0x0000000000000470       0x34 /usr/local/playdate/gcc-arm-none-eabi-9-2019-q4-major/bin/../lib/gcc/arm-none-eabi/9.2.1/../../../../arm-none-eabi/lib/thumb/v7e-m+fp/hard/libg.a(lib_a-reent.o)
 .ARM.attributes
                0x00000000000004a4       0x34 /usr/local/playdate/gcc-arm-none-eabi-9-2019-q4-major/bin/../lib/gcc/arm-none-eabi/9.2.1/../../../../arm-none-eabi/lib/thumb/v7e-m+fp/hard/libg.a(lib_a-refill.o)
 .ARM.attributes